******************************************************************************
                  TI ARM Linker PC v18.12.2                    
******************************************************************************
>> Linked Tue Dec  3 17:54:10 2019

OUTPUT FILE NAME:   <Lab10_Debug.out>
ENTRY POINT SYMBOL: "_c_int00_noargs"  address: 00001955


MEMORY CONFIGURATION

         name            origin    length      used     unused   attr    fill
----------------------  --------  ---------  --------  --------  ----  --------
  MAIN                  00000000   00040000  00001a54  0003e5ac  R  X
  INFO                  00200000   00004000  00000000  00004000  R  X
  SRAM_CODE             01000000   00010000  00000275  0000fd8b  RW X
  SRAM_DATA             20000000   00010000  00000275  0000fd8b  RW  


SEGMENT ALLOCATION MAP

run origin  load origin   length   init length attrs members
----------  ----------- ---------- ----------- ----- -------
00000000    00000000    00001a58   00001a58    r-x
  00000000    00000000    000000e4   000000e4    r-- .intvecs
  000000e4    000000e4    00001908   00001908    r-x .text
  000019ec    000019ec    00000020   00000020    r-- .const
  00001a10    00001a10    00000048   00000048    r-- .cinit
20000000    20000000    00000075   00000000    rw-
  20000000    20000000    00000044   00000000    rw- .data
  20000044    20000044    00000031   00000000    rw- .bss
2000fe00    2000fe00    00000200   00000000    rw-
  2000fe00    2000fe00    00000200   00000000    rw- .stack


SECTION ALLOCATION MAP

 output                                  attributes/
section   page    origin      length       input sections
--------  ----  ----------  ----------   ----------------
.intvecs   0    00000000    000000e4     
                  00000000    000000e4     startup_msp432p401r_ccs.obj (.intvecs:retain)

.text      0    000000e4    00001908     
                  000000e4    00000630     TExaS.obj (.text)
                  00000714    00000338     Lab10_Debugmain.obj (.text)
                  00000a4c    0000032c     system_msp432p401r.obj (.text)
                  00000d78    00000274     Reflectance.obj (.text)
                  00000fec    00000228     PWM.obj (.text)
                  00001214    000001e0     Clock.obj (.text)
                  000013f4    000001a8     Motor.obj (.text)
                  0000159c    000000f4     LaunchPad.obj (.text)
                  00001690    000000a8     TimerA1.obj (.text)
                  00001738    0000009c     rtsv7M4_T_le_v4SPD16_eabi.lib : memcpy_t2.asm.obj (.text)
                  000017d4    00000094     Bump.obj (.text)
                  00001868    00000068     rtsv7M4_T_le_v4SPD16_eabi.lib : copy_decompress_lzss.c.obj (.text:decompress:lzss:__TI_decompress_lzss)
                  000018d0    00000044                                   : autoinit.c.obj (.text:__TI_auto_init_nobinit_nopinit:__TI_auto_init_nobinit_nopinit)
                  00001914    00000040     SysTickInts.obj (.text)
                  00001954    00000034     rtsv7M4_T_le_v4SPD16_eabi.lib : boot_cortex_m.c.obj (.text:_c_int00_noargs:_c_int00_noargs)
                  00001988    00000024     CortexM.obj (.text)
                  000019ac    0000001c     rtsv7M4_T_le_v4SPD16_eabi.lib : copy_zero_init.c.obj (.text:decompress:ZI:__TI_zero_init_nomemset:__TI_zero_init_nomemset)
                  000019c8    0000000e                                   : copy_decompress_none.c.obj (.text:decompress:none:__TI_decompress_none)
                  000019d6    0000000e     startup_msp432p401r_ccs.obj (.text)
                  000019e4    00000004     rtsv7M4_T_le_v4SPD16_eabi.lib : pre_init.c.obj (.text:_system_pre_init)
                  000019e8    00000004                                   : exit.c.obj (.text:abort:abort)

.const     0    000019ec    00000020     
                  000019ec    00000020     Reflectance.obj (.const:$P$T0$1)

.cinit     0    00001a10    00000048     
                  00001a10    00000021     (.cinit..data.load) [load image, compression = lzss]
                  00001a31    00000003     --HOLE-- [fill = 0]
                  00001a34    0000000c     (__TI_handler_table)
                  00001a40    00000008     (.cinit..bss.load) [load image, compression = zero_init]
                  00001a48    00000010     (__TI_cinit_table)

.init_array 
*          0    00000000    00000000     UNINITIALIZED

.binit     0    00000000    00000000     

.data      0    20000000    00000044     UNINITIALIZED
                  20000000    0000001c     Lab10_Debugmain.obj (.data)
                  2000001c    00000018     Clock.obj (.data)
                  20000034    0000000c     TExaS.obj (.data)
                  20000040    00000004     system_msp432p401r.obj (.data)

.bss       0    20000044    00000031     UNINITIALIZED
                  20000044    00000014     (.common:IRData)
                  20000058    00000014     (.common:previous)
                  2000006c    00000004     (.common:PeriodicTask2)
                  20000070    00000004     (.common:TimerA1Task)
                  20000074    00000001     (.common:LogicData)

.stack     0    2000fe00    00000200     UNINITIALIZED
                  2000fe00    00000004     rtsv7M4_T_le_v4SPD16_eabi.lib : boot_cortex_m.c.obj (.stack)
                  2000fe04    000001fc     --HOLE--

MODULE SUMMARY

       Module                        code   ro data   rw data
       ------                        ----   -------   -------
    .\
       TExaS.obj                     1584   0         34     
       Lab10_Debugmain.obj           824    0         136    
       system_msp432p401r.obj        812    0         8      
       Reflectance.obj               628    32        0      
       PWM.obj                       552    0         0      
       Clock.obj                     480    0         48     
       Motor.obj                     424    0         0      
       LaunchPad.obj                 244    0         0      
       startup_msp432p401r_ccs.obj   14     228       0      
       TimerA1.obj                   168    0         8      
       Bump.obj                      148    0         0      
       SysTickInts.obj               64     0         0      
       CortexM.obj                   36     0         0      
    +--+-----------------------------+------+---------+---------+
       Total:                        5978   260       234    
                                                             
    C:\ti\ccs910\ccs\tools\compiler\ti-cgt-arm_18.12.2.LTS\lib\rtsv7M4_T_le_v4SPD16_eabi.lib
       memcpy_t2.asm.obj             156    0         0      
       copy_decompress_lzss.c.obj    104    0         0      
       autoinit.c.obj                68     0         0      
       boot_cortex_m.c.obj           52     0         0      
       copy_zero_init.c.obj          28     0         0      
       copy_decompress_none.c.obj    14     0         0      
       exit.c.obj                    4      0         0      
       pre_init.c.obj                4      0         0      
    +--+-----------------------------+------+---------+---------+
       Total:                        430    0         0      
                                                             
       Stack:                        0      0         1024   
       Linker Generated:             0      69        0      
    +--+-----------------------------+------+---------+---------+
       Grand Total:                  6408   329       1258   


LINKER GENERATED COPY TABLES

__TI_cinit_table @ 00001a48 records: 2, size/record: 8, table size: 16
	.data: load addr=00001a10, load size=00000021 bytes, run addr=20000000, run size=00000044 bytes, compression=lzss
	.bss: load addr=00001a40, load size=00000008 bytes, run addr=20000044, run size=00000031 bytes, compression=zero_init


LINKER GENERATED HANDLER TABLE

__TI_handler_table @ 00001a34 records: 3, size/record: 4, table size: 12
	index: 0, handler: __TI_decompress_lzss
	index: 1, handler: __TI_decompress_none
	index: 2, handler: __TI_zero_init


GLOBAL SYMBOLS: SORTED ALPHABETICALLY BY Name 

address   name                          
-------   ----                          
000019e3  ADC14_IRQHandler              
00000475  ADC_Init                      
000019e3  AES256_IRQHandler             
000017d5  Bump_Init                     
00001809  Bump_Read                     
000019e3  BusFault_Handler              
000019e9  C$$EXIT                       
000019e3  COMP_E0_IRQHandler            
000019e3  COMP_E1_IRQHandler            
20000024  CPMwait                       
000019e3  CS_IRQHandler                 
2000001c  ClockFrequency                
00001369  Clock_Delay1ms                
0000133f  Clock_Delay1us                
0000132b  Clock_GetFreq                 
00001215  Clock_Init48MHz               
20000030  Crystalstable                 
000019e3  DMA_ERR_IRQHandler            
000019e3  DMA_INT0_IRQHandler           
000019e3  DMA_INT1_IRQHandler           
000019e3  DMA_INT2_IRQHandler           
000019e3  DMA_INT3_IRQHandler           
000019e3  DebugMon_Handler              
000019e3  Default_Handler               
00001989  DisableInterrupts             
000019e3  EUSCIA0_IRQHandler            
000019e3  EUSCIA1_IRQHandler            
000019e3  EUSCIA2_IRQHandler            
000019e3  EUSCIA3_IRQHandler            
000019e3  EUSCIB0_IRQHandler            
000019e3  EUSCIB1_IRQHandler            
000019e3  EUSCIB2_IRQHandler            
000019e3  EUSCIB3_IRQHandler            
0000198f  EnableInterrupts              
0000199f  EndCritical                   
000019e3  FLCTL_IRQHandler              
000019e3  FPU_IRQHandler                
000019e3  HardFault_Handler             
2000002c  IFlags                        
20000044  IRData                        
20000004  IRavg                         
0000159d  LaunchPad_Init                
0000160d  LaunchPad_Input               
00001627  LaunchPad_LED                 
00001645  LaunchPad_Output              
000000e5  LogicAnalyzer                 
000000ef  LogicAnalyzer_P1              
000001c5  LogicAnalyzer_P10             
000000fd  LogicAnalyzer_P2              
0000010b  LogicAnalyzer_P2_7654         
0000011b  LogicAnalyzer_P3              
00000129  LogicAnalyzer_P4              
00000147  LogicAnalyzer_P4_765320       
00000137  LogicAnalyzer_P4_765432       
0000017f  LogicAnalyzer_P5              
0000018d  LogicAnalyzer_P6              
0000019b  LogicAnalyzer_P7              
000001a9  LogicAnalyzer_P8              
000001b7  LogicAnalyzer_P9              
20000074  LogicData                     
000019e3  MemManage_Handler             
0000153b  Motor_Backward                
00001497  Motor_Forward                 
000013f5  Motor_Init                    
00001501  Motor_Left                    
000014c7  Motor_Right                   
00001469  Motor_Stop                    
000019e3  NMI_Handler                   
000019e3  PCM_IRQHandler                
000019e3  PORT1_IRQHandler              
000019e3  PORT2_IRQHandler              
000019e3  PORT3_IRQHandler              
000019e3  PORT4_IRQHandler              
000019e3  PORT5_IRQHandler              
000019e3  PORT6_IRQHandler              
000019e3  PSS_IRQHandler                
000010d7  PWM_Duty1                     
000010f7  PWM_Duty2                     
0000119b  PWM_Duty3                     
000011bb  PWM_Duty4                     
00000fed  PWM_Init1                     
00001053  PWM_Init12                    
00001117  PWM_Init34                    
000019e3  PendSV_Handler                
2000006c  PeriodicTask2                 
00000257  PeriodicTask2_Init            
000002d1  PeriodicTask2_Stop            
20000028  Postwait                      
20000020  Prewait                       
000019e3  RTC_C_IRQHandler              
00000e25  Reflectance_Center            
00000f87  Reflectance_End               
00000d79  Reflectance_Init              
00000e97  Reflectance_Position          
00000de9  Reflectance_Read              
00000f4b  Reflectance_Start             
000019d7  Reset_Handler                 
000019e3  SVC_Handler                   
000001d3  Scope                         
00001995  StartCritical                 
00000735  SysTick_Handler               
00000735  SysTick_Handler               
00001915  SysTick_Init                  
20000040  SystemCoreClock               
00000a4d  SystemCoreClockUpdate         
00000cc1  SystemInit                    
000002c1  T32_INT1_IRQHandler           
000002c1  T32_INT1_IRQHandler           
000019e3  T32_INT2_IRQHandler           
000019e3  T32_INTC_IRQHandler           
000019e3  TA0_0_IRQHandler              
000019e3  TA0_N_IRQHandler              
00001703  TA1_0_IRQHandler              
00001703  TA1_0_IRQHandler              
000019e3  TA1_N_IRQHandler              
000019e3  TA2_0_IRQHandler              
000019e3  TA2_N_IRQHandler              
000019e3  TA3_0_IRQHandler              
000019e3  TA3_N_IRQHandler              
00000413  TExaS_Clear0                  
0000041f  TExaS_Clear1                  
0000042b  TExaS_Clear2                  
00000437  TExaS_Clear3                  
00000443  TExaS_Clear4                  
00000445  TExaS_Clear5                  
00000451  TExaS_Clear6                  
00000551  TExaS_Init                    
20000038  TExaS_ScopeErrConflict        
20000034  TExaS_ScopeErrLostData        
2000003c  TExaS_ScopeWrnReconfig        
000003b1  TExaS_Set                     
000003c9  TExaS_Set0                    
000003d5  TExaS_Set1                    
000003e1  TExaS_Set2                    
000003ed  TExaS_Set3                    
000003f9  TExaS_Set4                    
000003fb  TExaS_Set5                    
00000407  TExaS_Set6                    
000006b1  TExaS_Stop                    
00000367  TExaS_Task0                   
00000373  TExaS_Task1                   
0000037f  TExaS_Task2                   
0000038b  TExaS_Task3                   
00000397  TExaS_Task4                   
00000399  TExaS_Task5                   
000003a5  TExaS_Task6                   
00000715  TimedPause                    
20000070  TimerA1Task                   
00001691  TimerA1_Init                  
000016ef  TimerA1_Stop                  
0000033b  UART_InChar                   
000002e1  UART_Init                     
0000034b  UART_OutChar                  
000019e3  UsageFault_Handler            
4000480c  WDTCTL_SYM                    
000019e3  WDT_A_IRQHandler              
000019a7  WaitForInterrupt              
20010000  __STACK_END                   
00000200  __STACK_SIZE                  
00001a48  __TI_CINIT_Base               
00001a58  __TI_CINIT_Limit              
00001a34  __TI_Handler_Table_Base       
00001a40  __TI_Handler_Table_Limit      
000018d1  __TI_auto_init_nobinit_nopinit
00001869  __TI_decompress_lzss          
000019c9  __TI_decompress_none          
ffffffff  __TI_pprof_out_hndl           
ffffffff  __TI_prof_data_size           
ffffffff  __TI_prof_data_start          
00000000  __TI_static_base__            
000019ad  __TI_zero_init_nomemset       
00001739  __aeabi_memcpy                
00001739  __aeabi_memcpy4               
00001739  __aeabi_memcpy8               
ffffffff  __binit__                     
ffffffff  __c_args__                    
UNDEFED   __mpu_init                    
2000fe00  __stack                       
00001955  _c_int00_noargs               
UNDEFED   _system_post_cinit            
000019e5  _system_pre_init              
000019e9  abort                         
20000010  adjust                        
000007fd  average                       
ffffffff  binit                         
000007bd  bufferInit                    
00000781  collision                     
00001331  delay                         
20000008  i                             
00000000  interruptVectors              
20000000  interrupt_count               
20000009  j                             
00000847  main                          
2000000c  max                           
00001739  memcpy                        
20000058  previous                      
20000014  turn                          
20000018  wayOff                        


GLOBAL SYMBOLS: SORTED BY Symbol Address 

address   name                          
-------   ----                          
00000000  __TI_static_base__            
00000000  interruptVectors              
000000e5  LogicAnalyzer                 
000000ef  LogicAnalyzer_P1              
000000fd  LogicAnalyzer_P2              
0000010b  LogicAnalyzer_P2_7654         
0000011b  LogicAnalyzer_P3              
00000129  LogicAnalyzer_P4              
00000137  LogicAnalyzer_P4_765432       
00000147  LogicAnalyzer_P4_765320       
0000017f  LogicAnalyzer_P5              
0000018d  LogicAnalyzer_P6              
0000019b  LogicAnalyzer_P7              
000001a9  LogicAnalyzer_P8              
000001b7  LogicAnalyzer_P9              
000001c5  LogicAnalyzer_P10             
000001d3  Scope                         
00000200  __STACK_SIZE                  
00000257  PeriodicTask2_Init            
000002c1  T32_INT1_IRQHandler           
000002c1  T32_INT1_IRQHandler           
000002d1  PeriodicTask2_Stop            
000002e1  UART_Init                     
0000033b  UART_InChar                   
0000034b  UART_OutChar                  
00000367  TExaS_Task0                   
00000373  TExaS_Task1                   
0000037f  TExaS_Task2                   
0000038b  TExaS_Task3                   
00000397  TExaS_Task4                   
00000399  TExaS_Task5                   
000003a5  TExaS_Task6                   
000003b1  TExaS_Set                     
000003c9  TExaS_Set0                    
000003d5  TExaS_Set1                    
000003e1  TExaS_Set2                    
000003ed  TExaS_Set3                    
000003f9  TExaS_Set4                    
000003fb  TExaS_Set5                    
00000407  TExaS_Set6                    
00000413  TExaS_Clear0                  
0000041f  TExaS_Clear1                  
0000042b  TExaS_Clear2                  
00000437  TExaS_Clear3                  
00000443  TExaS_Clear4                  
00000445  TExaS_Clear5                  
00000451  TExaS_Clear6                  
00000475  ADC_Init                      
00000551  TExaS_Init                    
000006b1  TExaS_Stop                    
00000715  TimedPause                    
00000735  SysTick_Handler               
00000735  SysTick_Handler               
00000781  collision                     
000007bd  bufferInit                    
000007fd  average                       
00000847  main                          
00000a4d  SystemCoreClockUpdate         
00000cc1  SystemInit                    
00000d79  Reflectance_Init              
00000de9  Reflectance_Read              
00000e25  Reflectance_Center            
00000e97  Reflectance_Position          
00000f4b  Reflectance_Start             
00000f87  Reflectance_End               
00000fed  PWM_Init1                     
00001053  PWM_Init12                    
000010d7  PWM_Duty1                     
000010f7  PWM_Duty2                     
00001117  PWM_Init34                    
0000119b  PWM_Duty3                     
000011bb  PWM_Duty4                     
00001215  Clock_Init48MHz               
0000132b  Clock_GetFreq                 
00001331  delay                         
0000133f  Clock_Delay1us                
00001369  Clock_Delay1ms                
000013f5  Motor_Init                    
00001469  Motor_Stop                    
00001497  Motor_Forward                 
000014c7  Motor_Right                   
00001501  Motor_Left                    
0000153b  Motor_Backward                
0000159d  LaunchPad_Init                
0000160d  LaunchPad_Input               
00001627  LaunchPad_LED                 
00001645  LaunchPad_Output              
00001691  TimerA1_Init                  
000016ef  TimerA1_Stop                  
00001703  TA1_0_IRQHandler              
00001703  TA1_0_IRQHandler              
00001739  __aeabi_memcpy                
00001739  __aeabi_memcpy4               
00001739  __aeabi_memcpy8               
00001739  memcpy                        
000017d5  Bump_Init                     
00001809  Bump_Read                     
00001869  __TI_decompress_lzss          
000018d1  __TI_auto_init_nobinit_nopinit
00001915  SysTick_Init                  
00001955  _c_int00_noargs               
00001989  DisableInterrupts             
0000198f  EnableInterrupts              
00001995  StartCritical                 
0000199f  EndCritical                   
000019a7  WaitForInterrupt              
000019ad  __TI_zero_init_nomemset       
000019c9  __TI_decompress_none          
000019d7  Reset_Handler                 
000019e3  ADC14_IRQHandler              
000019e3  AES256_IRQHandler             
000019e3  BusFault_Handler              
000019e3  COMP_E0_IRQHandler            
000019e3  COMP_E1_IRQHandler            
000019e3  CS_IRQHandler                 
000019e3  DMA_ERR_IRQHandler            
000019e3  DMA_INT0_IRQHandler           
000019e3  DMA_INT1_IRQHandler           
000019e3  DMA_INT2_IRQHandler           
000019e3  DMA_INT3_IRQHandler           
000019e3  DebugMon_Handler              
000019e3  Default_Handler               
000019e3  EUSCIA0_IRQHandler            
000019e3  EUSCIA1_IRQHandler            
000019e3  EUSCIA2_IRQHandler            
000019e3  EUSCIA3_IRQHandler            
000019e3  EUSCIB0_IRQHandler            
000019e3  EUSCIB1_IRQHandler            
000019e3  EUSCIB2_IRQHandler            
000019e3  EUSCIB3_IRQHandler            
000019e3  FLCTL_IRQHandler              
000019e3  FPU_IRQHandler                
000019e3  HardFault_Handler             
000019e3  MemManage_Handler             
000019e3  NMI_Handler                   
000019e3  PCM_IRQHandler                
000019e3  PORT1_IRQHandler              
000019e3  PORT2_IRQHandler              
000019e3  PORT3_IRQHandler              
000019e3  PORT4_IRQHandler              
000019e3  PORT5_IRQHandler              
000019e3  PORT6_IRQHandler              
000019e3  PSS_IRQHandler                
000019e3  PendSV_Handler                
000019e3  RTC_C_IRQHandler              
000019e3  SVC_Handler                   
000019e3  T32_INT2_IRQHandler           
000019e3  T32_INTC_IRQHandler           
000019e3  TA0_0_IRQHandler              
000019e3  TA0_N_IRQHandler              
000019e3  TA1_N_IRQHandler              
000019e3  TA2_0_IRQHandler              
000019e3  TA2_N_IRQHandler              
000019e3  TA3_0_IRQHandler              
000019e3  TA3_N_IRQHandler              
000019e3  UsageFault_Handler            
000019e3  WDT_A_IRQHandler              
000019e5  _system_pre_init              
000019e9  C$$EXIT                       
000019e9  abort                         
00001a34  __TI_Handler_Table_Base       
00001a40  __TI_Handler_Table_Limit      
00001a48  __TI_CINIT_Base               
00001a58  __TI_CINIT_Limit              
20000000  interrupt_count               
20000004  IRavg                         
20000008  i                             
20000009  j                             
2000000c  max                           
20000010  adjust                        
20000014  turn                          
20000018  wayOff                        
2000001c  ClockFrequency                
20000020  Prewait                       
20000024  CPMwait                       
20000028  Postwait                      
2000002c  IFlags                        
20000030  Crystalstable                 
20000034  TExaS_ScopeErrLostData        
20000038  TExaS_ScopeErrConflict        
2000003c  TExaS_ScopeWrnReconfig        
20000040  SystemCoreClock               
20000044  IRData                        
20000058  previous                      
2000006c  PeriodicTask2                 
20000070  TimerA1Task                   
20000074  LogicData                     
2000fe00  __stack                       
20010000  __STACK_END                   
4000480c  WDTCTL_SYM                    
ffffffff  __TI_pprof_out_hndl           
ffffffff  __TI_prof_data_size           
ffffffff  __TI_prof_data_start          
ffffffff  __binit__                     
ffffffff  __c_args__                    
ffffffff  binit                         
UNDEFED   __mpu_init                    
UNDEFED   _system_post_cinit            

[198 symbols]
