<?xml version="1.0" encoding="ISO-8859-1" ?>
<link_info>
   <banner>TI ARM Linker PC v18.12.2.LTS</banner>
   <copyright>Copyright (c) 1996-2018 Texas Instruments Incorporated</copyright>
   <link_time>0x5dc3535e</link_time>
   <link_errors>0x0</link_errors>
   <output_file>Lab10_Debug.out</output_file>
   <entry_point>
      <name>_c_int00_noargs</name>
      <address>0x3e99</address>
   </entry_point>
   <input_file_list>
      <input_file id="fl-2">
         <path>.\</path>
         <kind>object</kind>
         <file>Bump.obj</file>
         <name>Bump.obj</name>
      </input_file>
      <input_file id="fl-3">
         <path>.\</path>
         <kind>object</kind>
         <file>Clock.obj</file>
         <name>Clock.obj</name>
      </input_file>
      <input_file id="fl-4">
         <path>.\</path>
         <kind>object</kind>
         <file>CortexM.obj</file>
         <name>CortexM.obj</name>
      </input_file>
      <input_file id="fl-5">
         <path>.\</path>
         <kind>object</kind>
         <file>FlashProgram.obj</file>
         <name>FlashProgram.obj</name>
      </input_file>
      <input_file id="fl-6">
         <path>.\</path>
         <kind>object</kind>
         <file>Lab10_Debugmain.obj</file>
         <name>Lab10_Debugmain.obj</name>
      </input_file>
      <input_file id="fl-7">
         <path>.\</path>
         <kind>object</kind>
         <file>LaunchPad.obj</file>
         <name>LaunchPad.obj</name>
      </input_file>
      <input_file id="fl-8">
         <path>.\</path>
         <kind>object</kind>
         <file>Reflectance.obj</file>
         <name>Reflectance.obj</name>
      </input_file>
      <input_file id="fl-9">
         <path>.\</path>
         <kind>object</kind>
         <file>SysTickInts.obj</file>
         <name>SysTickInts.obj</name>
      </input_file>
      <input_file id="fl-a">
         <path>.\</path>
         <kind>object</kind>
         <file>startup_msp432p401r_ccs.obj</file>
         <name>startup_msp432p401r_ccs.obj</name>
      </input_file>
      <input_file id="fl-b">
         <path>.\</path>
         <kind>object</kind>
         <file>system_msp432p401r.obj</file>
         <name>system_msp432p401r.obj</name>
      </input_file>
      <input_file id="fl-f">
         <kind>object</kind>
         <file>&lt;internal&gt;</file>
         <name>&lt;internal&gt;</name>
      </input_file>
      <input_file id="fl-c5">
         <path>C:\ti\ccs910\ccs\tools\compiler\ti-cgt-arm_18.12.2.LTS\lib\</path>
         <kind>archive</kind>
         <file>rtsv7M4_T_le_v4SPD16_eabi.lib</file>
         <name>printf.c.obj</name>
      </input_file>
      <input_file id="fl-c6">
         <path>C:\ti\ccs910\ccs\tools\compiler\ti-cgt-arm_18.12.2.LTS\lib\</path>
         <kind>archive</kind>
         <file>rtsv7M4_T_le_v4SPD16_eabi.lib</file>
         <name>_printfi.c.obj</name>
      </input_file>
      <input_file id="fl-c7">
         <path>C:\ti\ccs910\ccs\tools\compiler\ti-cgt-arm_18.12.2.LTS\lib\</path>
         <kind>archive</kind>
         <file>rtsv7M4_T_le_v4SPD16_eabi.lib</file>
         <name>fputc.c.obj</name>
      </input_file>
      <input_file id="fl-c8">
         <path>C:\ti\ccs910\ccs\tools\compiler\ti-cgt-arm_18.12.2.LTS\lib\</path>
         <kind>archive</kind>
         <file>rtsv7M4_T_le_v4SPD16_eabi.lib</file>
         <name>fputs.c.obj</name>
      </input_file>
      <input_file id="fl-c9">
         <path>C:\ti\ccs910\ccs\tools\compiler\ti-cgt-arm_18.12.2.LTS\lib\</path>
         <kind>archive</kind>
         <file>rtsv7M4_T_le_v4SPD16_eabi.lib</file>
         <name>_io_perm.c.obj</name>
      </input_file>
      <input_file id="fl-ca">
         <path>C:\ti\ccs910\ccs\tools\compiler\ti-cgt-arm_18.12.2.LTS\lib\</path>
         <kind>archive</kind>
         <file>rtsv7M4_T_le_v4SPD16_eabi.lib</file>
         <name>setvbuf.c.obj</name>
      </input_file>
      <input_file id="fl-cb">
         <path>C:\ti\ccs910\ccs\tools\compiler\ti-cgt-arm_18.12.2.LTS\lib\</path>
         <kind>archive</kind>
         <file>rtsv7M4_T_le_v4SPD16_eabi.lib</file>
         <name>s_frexp.c.obj</name>
      </input_file>
      <input_file id="fl-cc">
         <path>C:\ti\ccs910\ccs\tools\compiler\ti-cgt-arm_18.12.2.LTS\lib\</path>
         <kind>archive</kind>
         <file>rtsv7M4_T_le_v4SPD16_eabi.lib</file>
         <name>s_scalbn.c.obj</name>
      </input_file>
      <input_file id="fl-cd">
         <path>C:\ti\ccs910\ccs\tools\compiler\ti-cgt-arm_18.12.2.LTS\lib\</path>
         <kind>archive</kind>
         <file>rtsv7M4_T_le_v4SPD16_eabi.lib</file>
         <name>ull_div_t2.asm.obj</name>
      </input_file>
      <input_file id="fl-ce">
         <path>C:\ti\ccs910\ccs\tools\compiler\ti-cgt-arm_18.12.2.LTS\lib\</path>
         <kind>archive</kind>
         <file>rtsv7M4_T_le_v4SPD16_eabi.lib</file>
         <name>memset_t2.asm.obj</name>
      </input_file>
      <input_file id="fl-cf">
         <path>C:\ti\ccs910\ccs\tools\compiler\ti-cgt-arm_18.12.2.LTS\lib\</path>
         <kind>archive</kind>
         <file>rtsv7M4_T_le_v4SPD16_eabi.lib</file>
         <name>fd_add_t2.asm.obj</name>
      </input_file>
      <input_file id="fl-d0">
         <path>C:\ti\ccs910\ccs\tools\compiler\ti-cgt-arm_18.12.2.LTS\lib\</path>
         <kind>archive</kind>
         <file>rtsv7M4_T_le_v4SPD16_eabi.lib</file>
         <name>fd_cmp_t2.asm.obj</name>
      </input_file>
      <input_file id="fl-d1">
         <path>C:\ti\ccs910\ccs\tools\compiler\ti-cgt-arm_18.12.2.LTS\lib\</path>
         <kind>archive</kind>
         <file>rtsv7M4_T_le_v4SPD16_eabi.lib</file>
         <name>fd_div_t2.asm.obj</name>
      </input_file>
      <input_file id="fl-d2">
         <path>C:\ti\ccs910\ccs\tools\compiler\ti-cgt-arm_18.12.2.LTS\lib\</path>
         <kind>archive</kind>
         <file>rtsv7M4_T_le_v4SPD16_eabi.lib</file>
         <name>fd_mul_t2.asm.obj</name>
      </input_file>
      <input_file id="fl-d3">
         <path>C:\ti\ccs910\ccs\tools\compiler\ti-cgt-arm_18.12.2.LTS\lib\</path>
         <kind>archive</kind>
         <file>rtsv7M4_T_le_v4SPD16_eabi.lib</file>
         <name>fd_toi_t2.asm.obj</name>
      </input_file>
      <input_file id="fl-d4">
         <path>C:\ti\ccs910\ccs\tools\compiler\ti-cgt-arm_18.12.2.LTS\lib\</path>
         <kind>archive</kind>
         <file>rtsv7M4_T_le_v4SPD16_eabi.lib</file>
         <name>i_tofd_t2.asm.obj</name>
      </input_file>
      <input_file id="fl-d5">
         <path>C:\ti\ccs910\ccs\tools\compiler\ti-cgt-arm_18.12.2.LTS\lib\</path>
         <kind>archive</kind>
         <file>rtsv7M4_T_le_v4SPD16_eabi.lib</file>
         <name>memcpy_t2.asm.obj</name>
      </input_file>
      <input_file id="fl-d6">
         <path>C:\ti\ccs910\ccs\tools\compiler\ti-cgt-arm_18.12.2.LTS\lib\</path>
         <kind>archive</kind>
         <file>rtsv7M4_T_le_v4SPD16_eabi.lib</file>
         <name>copy_zero_init.c.obj</name>
      </input_file>
      <input_file id="fl-d7">
         <path>C:\ti\ccs910\ccs\tools\compiler\ti-cgt-arm_18.12.2.LTS\lib\</path>
         <kind>archive</kind>
         <file>rtsv7M4_T_le_v4SPD16_eabi.lib</file>
         <name>copy_decompress_none.c.obj</name>
      </input_file>
      <input_file id="fl-d8">
         <path>C:\ti\ccs910\ccs\tools\compiler\ti-cgt-arm_18.12.2.LTS\lib\</path>
         <kind>archive</kind>
         <file>rtsv7M4_T_le_v4SPD16_eabi.lib</file>
         <name>copy_decompress_lzss.c.obj</name>
      </input_file>
      <input_file id="fl-d9">
         <path>C:\ti\ccs910\ccs\tools\compiler\ti-cgt-arm_18.12.2.LTS\lib\</path>
         <kind>archive</kind>
         <file>rtsv7M4_T_le_v4SPD16_eabi.lib</file>
         <name>exit.c.obj</name>
      </input_file>
      <input_file id="fl-da">
         <path>C:\ti\ccs910\ccs\tools\compiler\ti-cgt-arm_18.12.2.LTS\lib\</path>
         <kind>archive</kind>
         <file>rtsv7M4_T_le_v4SPD16_eabi.lib</file>
         <name>_lock.c.obj</name>
      </input_file>
      <input_file id="fl-db">
         <path>C:\ti\ccs910\ccs\tools\compiler\ti-cgt-arm_18.12.2.LTS\lib\</path>
         <kind>archive</kind>
         <file>rtsv7M4_T_le_v4SPD16_eabi.lib</file>
         <name>atoi.c.obj</name>
      </input_file>
      <input_file id="fl-dc">
         <path>C:\ti\ccs910\ccs\tools\compiler\ti-cgt-arm_18.12.2.LTS\lib\</path>
         <kind>archive</kind>
         <file>rtsv7M4_T_le_v4SPD16_eabi.lib</file>
         <name>ctype.c.obj</name>
      </input_file>
      <input_file id="fl-dd">
         <path>C:\ti\ccs910\ccs\tools\compiler\ti-cgt-arm_18.12.2.LTS\lib\</path>
         <kind>archive</kind>
         <file>rtsv7M4_T_le_v4SPD16_eabi.lib</file>
         <name>defs.c.obj</name>
      </input_file>
      <input_file id="fl-de">
         <path>C:\ti\ccs910\ccs\tools\compiler\ti-cgt-arm_18.12.2.LTS\lib\</path>
         <kind>archive</kind>
         <file>rtsv7M4_T_le_v4SPD16_eabi.lib</file>
         <name>ltoa.c.obj</name>
      </input_file>
      <input_file id="fl-df">
         <path>C:\ti\ccs910\ccs\tools\compiler\ti-cgt-arm_18.12.2.LTS\lib\</path>
         <kind>archive</kind>
         <file>rtsv7M4_T_le_v4SPD16_eabi.lib</file>
         <name>memccpy.c.obj</name>
      </input_file>
      <input_file id="fl-e0">
         <path>C:\ti\ccs910\ccs\tools\compiler\ti-cgt-arm_18.12.2.LTS\lib\</path>
         <kind>archive</kind>
         <file>rtsv7M4_T_le_v4SPD16_eabi.lib</file>
         <name>memchr.c.obj</name>
      </input_file>
      <input_file id="fl-e1">
         <path>C:\ti\ccs910\ccs\tools\compiler\ti-cgt-arm_18.12.2.LTS\lib\</path>
         <kind>archive</kind>
         <file>rtsv7M4_T_le_v4SPD16_eabi.lib</file>
         <name>memory.c.obj</name>
      </input_file>
      <input_file id="fl-e2">
         <path>C:\ti\ccs910\ccs\tools\compiler\ti-cgt-arm_18.12.2.LTS\lib\</path>
         <kind>archive</kind>
         <file>rtsv7M4_T_le_v4SPD16_eabi.lib</file>
         <name>strchr.c.obj</name>
      </input_file>
      <input_file id="fl-e3">
         <path>C:\ti\ccs910\ccs\tools\compiler\ti-cgt-arm_18.12.2.LTS\lib\</path>
         <kind>archive</kind>
         <file>rtsv7M4_T_le_v4SPD16_eabi.lib</file>
         <name>strlen.c.obj</name>
      </input_file>
      <input_file id="fl-e4">
         <path>C:\ti\ccs910\ccs\tools\compiler\ti-cgt-arm_18.12.2.LTS\lib\</path>
         <kind>archive</kind>
         <file>rtsv7M4_T_le_v4SPD16_eabi.lib</file>
         <name>write.c.obj</name>
      </input_file>
      <input_file id="fl-e5">
         <path>C:\ti\ccs910\ccs\tools\compiler\ti-cgt-arm_18.12.2.LTS\lib\</path>
         <kind>archive</kind>
         <file>rtsv7M4_T_le_v4SPD16_eabi.lib</file>
         <name>host_device.c.obj</name>
      </input_file>
      <input_file id="fl-e6">
         <path>C:\ti\ccs910\ccs\tools\compiler\ti-cgt-arm_18.12.2.LTS\lib\</path>
         <kind>archive</kind>
         <file>rtsv7M4_T_le_v4SPD16_eabi.lib</file>
         <name>boot_cortex_m.c.obj</name>
      </input_file>
      <input_file id="fl-e7">
         <path>C:\ti\ccs910\ccs\tools\compiler\ti-cgt-arm_18.12.2.LTS\lib\</path>
         <kind>archive</kind>
         <file>rtsv7M4_T_le_v4SPD16_eabi.lib</file>
         <name>errno.c.obj</name>
      </input_file>
      <input_file id="fl-e8">
         <path>C:\ti\ccs910\ccs\tools\compiler\ti-cgt-arm_18.12.2.LTS\lib\</path>
         <kind>archive</kind>
         <file>rtsv7M4_T_le_v4SPD16_eabi.lib</file>
         <name>wcslen.c.obj</name>
      </input_file>
      <input_file id="fl-e9">
         <path>C:\ti\ccs910\ccs\tools\compiler\ti-cgt-arm_18.12.2.LTS\lib\</path>
         <kind>archive</kind>
         <file>rtsv7M4_T_le_v4SPD16_eabi.lib</file>
         <name>s_copysign.c.obj</name>
      </input_file>
      <input_file id="fl-ea">
         <path>C:\ti\ccs910\ccs\tools\compiler\ti-cgt-arm_18.12.2.LTS\lib\</path>
         <kind>archive</kind>
         <file>rtsv7M4_T_le_v4SPD16_eabi.lib</file>
         <name>fflush.c.obj</name>
      </input_file>
      <input_file id="fl-eb">
         <path>C:\ti\ccs910\ccs\tools\compiler\ti-cgt-arm_18.12.2.LTS\lib\</path>
         <kind>archive</kind>
         <file>rtsv7M4_T_le_v4SPD16_eabi.lib</file>
         <name>fopen.c.obj</name>
      </input_file>
      <input_file id="fl-ec">
         <path>C:\ti\ccs910\ccs\tools\compiler\ti-cgt-arm_18.12.2.LTS\lib\</path>
         <kind>archive</kind>
         <file>rtsv7M4_T_le_v4SPD16_eabi.lib</file>
         <name>fseek.c.obj</name>
      </input_file>
      <input_file id="fl-ed">
         <path>C:\ti\ccs910\ccs\tools\compiler\ti-cgt-arm_18.12.2.LTS\lib\</path>
         <kind>archive</kind>
         <file>rtsv7M4_T_le_v4SPD16_eabi.lib</file>
         <name>div0.asm.obj</name>
      </input_file>
      <input_file id="fl-ee">
         <path>C:\ti\ccs910\ccs\tools\compiler\ti-cgt-arm_18.12.2.LTS\lib\</path>
         <kind>archive</kind>
         <file>rtsv7M4_T_le_v4SPD16_eabi.lib</file>
         <name>autoinit.c.obj</name>
      </input_file>
      <input_file id="fl-ef">
         <path>C:\ti\ccs910\ccs\tools\compiler\ti-cgt-arm_18.12.2.LTS\lib\</path>
         <kind>archive</kind>
         <file>rtsv7M4_T_le_v4SPD16_eabi.lib</file>
         <name>pre_init.c.obj</name>
      </input_file>
      <input_file id="fl-f0">
         <path>C:\ti\ccs910\ccs\tools\compiler\ti-cgt-arm_18.12.2.LTS\lib\</path>
         <kind>archive</kind>
         <file>rtsv7M4_T_le_v4SPD16_eabi.lib</file>
         <name>cpy_tbl.c.obj</name>
      </input_file>
      <input_file id="fl-f1">
         <path>C:\ti\ccs910\ccs\tools\compiler\ti-cgt-arm_18.12.2.LTS\lib\</path>
         <kind>archive</kind>
         <file>rtsv7M4_T_le_v4SPD16_eabi.lib</file>
         <name>args_main.c.obj</name>
      </input_file>
      <input_file id="fl-f2">
         <path>C:\ti\ccs910\ccs\tools\compiler\ti-cgt-arm_18.12.2.LTS\lib\</path>
         <kind>archive</kind>
         <file>rtsv7M4_T_le_v4SPD16_eabi.lib</file>
         <name>hostclose.c.obj</name>
      </input_file>
      <input_file id="fl-f3">
         <path>C:\ti\ccs910\ccs\tools\compiler\ti-cgt-arm_18.12.2.LTS\lib\</path>
         <kind>archive</kind>
         <file>rtsv7M4_T_le_v4SPD16_eabi.lib</file>
         <name>hostlseek.c.obj</name>
      </input_file>
      <input_file id="fl-f4">
         <path>C:\ti\ccs910\ccs\tools\compiler\ti-cgt-arm_18.12.2.LTS\lib\</path>
         <kind>archive</kind>
         <file>rtsv7M4_T_le_v4SPD16_eabi.lib</file>
         <name>hostopen.c.obj</name>
      </input_file>
      <input_file id="fl-f5">
         <path>C:\ti\ccs910\ccs\tools\compiler\ti-cgt-arm_18.12.2.LTS\lib\</path>
         <kind>archive</kind>
         <file>rtsv7M4_T_le_v4SPD16_eabi.lib</file>
         <name>hostread.c.obj</name>
      </input_file>
      <input_file id="fl-f6">
         <path>C:\ti\ccs910\ccs\tools\compiler\ti-cgt-arm_18.12.2.LTS\lib\</path>
         <kind>archive</kind>
         <file>rtsv7M4_T_le_v4SPD16_eabi.lib</file>
         <name>hostrename.c.obj</name>
      </input_file>
      <input_file id="fl-f7">
         <path>C:\ti\ccs910\ccs\tools\compiler\ti-cgt-arm_18.12.2.LTS\lib\</path>
         <kind>archive</kind>
         <file>rtsv7M4_T_le_v4SPD16_eabi.lib</file>
         <name>hostunlink.c.obj</name>
      </input_file>
      <input_file id="fl-f8">
         <path>C:\ti\ccs910\ccs\tools\compiler\ti-cgt-arm_18.12.2.LTS\lib\</path>
         <kind>archive</kind>
         <file>rtsv7M4_T_le_v4SPD16_eabi.lib</file>
         <name>hostwrite.c.obj</name>
      </input_file>
      <input_file id="fl-f9">
         <path>C:\ti\ccs910\ccs\tools\compiler\ti-cgt-arm_18.12.2.LTS\lib\</path>
         <kind>archive</kind>
         <file>rtsv7M4_T_le_v4SPD16_eabi.lib</file>
         <name>trgmsg.c.obj</name>
      </input_file>
      <input_file id="fl-fa">
         <path>C:\ti\ccs910\ccs\tools\compiler\ti-cgt-arm_18.12.2.LTS\lib\</path>
         <kind>archive</kind>
         <file>rtsv7M4_T_le_v4SPD16_eabi.lib</file>
         <name>open.c.obj</name>
      </input_file>
      <input_file id="fl-fb">
         <path>C:\ti\ccs910\ccs\tools\compiler\ti-cgt-arm_18.12.2.LTS\lib\</path>
         <kind>archive</kind>
         <file>rtsv7M4_T_le_v4SPD16_eabi.lib</file>
         <name>lseek.c.obj</name>
      </input_file>
      <input_file id="fl-fc">
         <path>C:\ti\ccs910\ccs\tools\compiler\ti-cgt-arm_18.12.2.LTS\lib\</path>
         <kind>archive</kind>
         <file>rtsv7M4_T_le_v4SPD16_eabi.lib</file>
         <name>fclose.c.obj</name>
      </input_file>
      <input_file id="fl-fd">
         <path>C:\ti\ccs910\ccs\tools\compiler\ti-cgt-arm_18.12.2.LTS\lib\</path>
         <kind>archive</kind>
         <file>rtsv7M4_T_le_v4SPD16_eabi.lib</file>
         <name>getdevice.c.obj</name>
      </input_file>
      <input_file id="fl-fe">
         <path>C:\ti\ccs910\ccs\tools\compiler\ti-cgt-arm_18.12.2.LTS\lib\</path>
         <kind>archive</kind>
         <file>rtsv7M4_T_le_v4SPD16_eabi.lib</file>
         <name>strcmp.c.obj</name>
      </input_file>
      <input_file id="fl-ff">
         <path>C:\ti\ccs910\ccs\tools\compiler\ti-cgt-arm_18.12.2.LTS\lib\</path>
         <kind>archive</kind>
         <file>rtsv7M4_T_le_v4SPD16_eabi.lib</file>
         <name>strcpy.c.obj</name>
      </input_file>
      <input_file id="fl-100">
         <path>C:\ti\ccs910\ccs\tools\compiler\ti-cgt-arm_18.12.2.LTS\lib\</path>
         <kind>archive</kind>
         <file>rtsv7M4_T_le_v4SPD16_eabi.lib</file>
         <name>strncpy.c.obj</name>
      </input_file>
      <input_file id="fl-101">
         <path>C:\ti\ccs910\ccs\tools\compiler\ti-cgt-arm_18.12.2.LTS\lib\</path>
         <kind>archive</kind>
         <file>rtsv7M4_T_le_v4SPD16_eabi.lib</file>
         <name>remove.c.obj</name>
      </input_file>
      <input_file id="fl-102">
         <path>C:\ti\ccs910\ccs\tools\compiler\ti-cgt-arm_18.12.2.LTS\lib\</path>
         <kind>archive</kind>
         <file>rtsv7M4_T_le_v4SPD16_eabi.lib</file>
         <name>close.c.obj</name>
      </input_file>
      <input_file id="fl-103">
         <path>C:\ti\ccs910\ccs\tools\compiler\ti-cgt-arm_18.12.2.LTS\lib\</path>
         <kind>archive</kind>
         <file>rtsv7M4_T_le_v4SPD16_eabi.lib</file>
         <name>unlink.c.obj</name>
      </input_file>
   </input_file_list>
   <object_component_list>
      <object_component id="oc-23">
         <name>.intvecs:retain</name>
         <load_address>0x0</load_address>
         <run_address>0x0</run_address>
         <size>0xe4</size>
         <input_file_ref idref="fl-a"/>
      </object_component>
      <object_component id="oc-150">
         <name>.text:__TI_printfi</name>
         <load_address>0xe4</load_address>
         <run_address>0xe4</run_address>
         <size>0xa4e</size>
         <input_file_ref idref="fl-c6"/>
      </object_component>
      <object_component id="oc-1fd">
         <name>.text:_nop</name>
         <load_address>0xb32</load_address>
         <run_address>0xb32</run_address>
         <size>0x2</size>
         <input_file_ref idref="fl-da"/>
      </object_component>
      <object_component id="oc-b0">
         <name>.text</name>
         <load_address>0xb34</load_address>
         <run_address>0xb34</run_address>
         <size>0x9e8</size>
         <input_file_ref idref="fl-5"/>
      </object_component>
      <object_component id="oc-a9">
         <name>.text</name>
         <load_address>0x151c</load_address>
         <run_address>0x151c</run_address>
         <size>0x32c</size>
         <input_file_ref idref="fl-b"/>
      </object_component>
      <object_component id="oc-6d">
         <name>.text</name>
         <load_address>0x1848</load_address>
         <run_address>0x1848</run_address>
         <size>0x308</size>
         <input_file_ref idref="fl-6"/>
      </object_component>
      <object_component id="oc-1d9">
         <name>.text:_pconv_a</name>
         <load_address>0x1b50</load_address>
         <run_address>0x1b50</run_address>
         <size>0x270</size>
         <input_file_ref idref="fl-c6"/>
      </object_component>
      <object_component id="oc-bc">
         <name>.text</name>
         <load_address>0x1dc0</load_address>
         <run_address>0x1dc0</run_address>
         <size>0x25c</size>
         <input_file_ref idref="fl-8"/>
      </object_component>
      <object_component id="oc-c8">
         <name>.text</name>
         <load_address>0x201c</load_address>
         <run_address>0x201c</run_address>
         <size>0x1e0</size>
         <input_file_ref idref="fl-3"/>
      </object_component>
      <object_component id="oc-1c7">
         <name>.text:_pconv_g</name>
         <load_address>0x21fc</load_address>
         <run_address>0x21fc</run_address>
         <size>0x1d0</size>
         <input_file_ref idref="fl-c6"/>
      </object_component>
      <object_component id="oc-271">
         <name>.text</name>
         <load_address>0x23cc</load_address>
         <run_address>0x23cc</run_address>
         <size>0x1b6</size>
         <input_file_ref idref="fl-cf"/>
      </object_component>
      <object_component id="oc-2f7">
         <name>.text</name>
         <load_address>0x2582</load_address>
         <run_address>0x2582</run_address>
         <size>0x2</size>
         <input_file_ref idref="fl-ed"/>
      </object_component>
      <object_component id="oc-1d3">
         <name>.text:_pconv_e</name>
         <load_address>0x2584</load_address>
         <run_address>0x2584</run_address>
         <size>0x13c</size>
         <input_file_ref idref="fl-c6"/>
      </object_component>
      <object_component id="oc-257">
         <name>.text</name>
         <load_address>0x26c0</load_address>
         <run_address>0x26c0</run_address>
         <size>0x136</size>
         <input_file_ref idref="fl-d1"/>
      </object_component>
      <object_component id="oc-283">
         <name>.text:fcvt</name>
         <load_address>0x27f8</load_address>
         <run_address>0x27f8</run_address>
         <size>0x124</size>
         <input_file_ref idref="fl-c6"/>
      </object_component>
      <object_component id="oc-20b">
         <name>.text:fputs</name>
         <load_address>0x291c</load_address>
         <run_address>0x291c</run_address>
         <size>0x114</size>
         <input_file_ref idref="fl-c8"/>
      </object_component>
      <object_component id="oc-297">
         <name>.text:scalbn</name>
         <load_address>0x2a30</load_address>
         <run_address>0x2a30</run_address>
         <size>0x110</size>
         <input_file_ref idref="fl-cc"/>
      </object_component>
      <object_component id="oc-252">
         <name>.text</name>
         <load_address>0x2b40</load_address>
         <run_address>0x2b40</run_address>
         <size>0xfc</size>
         <input_file_ref idref="fl-d2"/>
      </object_component>
      <object_component id="oc-ce">
         <name>.text</name>
         <load_address>0x2c3c</load_address>
         <run_address>0x2c3c</run_address>
         <size>0xf4</size>
         <input_file_ref idref="fl-7"/>
      </object_component>
      <object_component id="oc-3a2">
         <name>.text:aligned_alloc</name>
         <load_address>0x2d30</load_address>
         <run_address>0x2d30</run_address>
         <size>0xf4</size>
         <input_file_ref idref="fl-e1"/>
      </object_component>
      <object_component id="oc-360">
         <name>.text:free</name>
         <load_address>0x2e24</load_address>
         <run_address>0x2e24</run_address>
         <size>0xe8</size>
         <input_file_ref idref="fl-e1"/>
      </object_component>
      <object_component id="oc-332">
         <name>.text:setvbuf</name>
         <load_address>0x2f0c</load_address>
         <run_address>0x2f0c</run_address>
         <size>0xdc</size>
         <input_file_ref idref="fl-ca"/>
      </object_component>
      <object_component id="oc-1bc">
         <name>.text:_ltostr</name>
         <load_address>0x2fe8</load_address>
         <run_address>0x2fe8</run_address>
         <size>0xb1</size>
         <input_file_ref idref="fl-c6"/>
      </object_component>
      <object_component id="oc-37">
         <name>.text</name>
         <load_address>0x309a</load_address>
         <run_address>0x309a</run_address>
         <size>0x9c</size>
         <input_file_ref idref="fl-d5"/>
      </object_component>
      <object_component id="oc-24b">
         <name>.text</name>
         <load_address>0x3136</load_address>
         <run_address>0x3136</run_address>
         <size>0x96</size>
         <input_file_ref idref="fl-cd"/>
      </object_component>
      <object_component id="oc-c2">
         <name>.text</name>
         <load_address>0x31cc</load_address>
         <run_address>0x31cc</run_address>
         <size>0x94</size>
         <input_file_ref idref="fl-2"/>
      </object_component>
      <object_component id="oc-212">
         <name>.text:fputc</name>
         <load_address>0x3260</load_address>
         <run_address>0x3260</run_address>
         <size>0x8c</size>
         <input_file_ref idref="fl-c7"/>
      </object_component>
      <object_component id="oc-1c2">
         <name>.text:__aeabi_cdcmple</name>
         <load_address>0x32ec</load_address>
         <run_address>0x32ec</run_address>
         <size>0x86</size>
         <input_file_ref idref="fl-d0"/>
      </object_component>
      <object_component id="oc-25c">
         <name>.text:__aeabi_cdrcmple</name>
         <load_address>0x3372</load_address>
         <run_address>0x3372</run_address>
         <size>0x86</size>
         <input_file_ref idref="fl-d0"/>
      </object_component>
      <object_component id="oc-3ea">
         <name>.text:split</name>
         <load_address>0x33f8</load_address>
         <run_address>0x33f8</run_address>
         <size>0x7c</size>
         <input_file_ref idref="fl-e1"/>
      </object_component>
      <object_component id="oc-91">
         <name>.text</name>
         <load_address>0x3474</load_address>
         <run_address>0x3474</run_address>
         <size>0x7a</size>
         <input_file_ref idref="fl-ce"/>
      </object_component>
      <object_component id="oc-3a9">
         <name>.text:__TI_closefile</name>
         <load_address>0x34f0</load_address>
         <run_address>0x34f0</run_address>
         <size>0x74</size>
         <input_file_ref idref="fl-fc"/>
      </object_component>
      <object_component id="oc-27c">
         <name>.text:_mcpy</name>
         <load_address>0x3564</load_address>
         <run_address>0x3564</run_address>
         <size>0x6e</size>
         <input_file_ref idref="fl-c6"/>
      </object_component>
      <object_component id="oc-3cd">
         <name>.text:HOSTlseek</name>
         <load_address>0x35d4</load_address>
         <run_address>0x35d4</run_address>
         <size>0x68</size>
         <input_file_ref idref="fl-f3"/>
      </object_component>
      <object_component id="oc-3d9">
         <name>.text:HOSTrename</name>
         <load_address>0x363c</load_address>
         <run_address>0x363c</run_address>
         <size>0x68</size>
         <input_file_ref idref="fl-f6"/>
      </object_component>
      <object_component id="oc-14">
         <name>.text:decompress:lzss:__TI_decompress_lzss</name>
         <load_address>0x36a4</load_address>
         <run_address>0x36a4</run_address>
         <size>0x68</size>
         <input_file_ref idref="fl-d8"/>
      </object_component>
      <object_component id="oc-b6">
         <name>.text:printf</name>
         <load_address>0x370c</load_address>
         <run_address>0x370c</run_address>
         <size>0x68</size>
         <input_file_ref idref="fl-c5"/>
      </object_component>
      <object_component id="oc-291">
         <name>.text:frexp</name>
         <load_address>0x3774</load_address>
         <run_address>0x3774</run_address>
         <size>0x64</size>
         <input_file_ref idref="fl-cb"/>
      </object_component>
      <object_component id="oc-32c">
         <name>.text:fseek</name>
         <load_address>0x37d8</load_address>
         <run_address>0x37d8</run_address>
         <size>0x64</size>
         <input_file_ref idref="fl-ec"/>
      </object_component>
      <object_component id="oc-2c8">
         <name>.text:__TI_wrt_ok</name>
         <load_address>0x383c</load_address>
         <run_address>0x383c</run_address>
         <size>0x62</size>
         <input_file_ref idref="fl-c9"/>
      </object_component>
      <object_component id="oc-3b5">
         <name>.text:HOSTopen</name>
         <load_address>0x38a0</load_address>
         <run_address>0x38a0</run_address>
         <size>0x60</size>
         <input_file_ref idref="fl-f4"/>
      </object_component>
      <object_component id="oc-3f1">
         <name>.text:close</name>
         <load_address>0x3900</load_address>
         <run_address>0x3900</run_address>
         <size>0x5c</size>
         <input_file_ref idref="fl-102"/>
      </object_component>
      <object_component id="oc-3c1">
         <name>.text:HOSTread</name>
         <load_address>0x395c</load_address>
         <run_address>0x395c</run_address>
         <size>0x58</size>
         <input_file_ref idref="fl-f5"/>
      </object_component>
      <object_component id="oc-3c7">
         <name>.text:HOSTwrite</name>
         <load_address>0x39b4</load_address>
         <run_address>0x39b4</run_address>
         <size>0x58</size>
         <input_file_ref idref="fl-f8"/>
      </object_component>
      <object_component id="oc-1cd">
         <name>.text:_pconv_f</name>
         <load_address>0x3a0c</load_address>
         <run_address>0x3a0c</run_address>
         <size>0x56</size>
         <input_file_ref idref="fl-c6"/>
      </object_component>
      <object_component id="oc-266">
         <name>.text:ltoa</name>
         <load_address>0x3a62</load_address>
         <run_address>0x3a62</run_address>
         <size>0x54</size>
         <input_file_ref idref="fl-de"/>
      </object_component>
      <object_component id="oc-276">
         <name>.text:_ecpy</name>
         <load_address>0x3ab6</load_address>
         <run_address>0x3ab6</run_address>
         <size>0x52</size>
         <input_file_ref idref="fl-c6"/>
      </object_component>
      <object_component id="oc-2d4">
         <name>.text:__TI_doflush</name>
         <load_address>0x3b08</load_address>
         <run_address>0x3b08</run_address>
         <size>0x4c</size>
         <input_file_ref idref="fl-ea"/>
      </object_component>
      <object_component id="oc-1b6">
         <name>.text:atoi</name>
         <load_address>0x3b54</load_address>
         <run_address>0x3b54</run_address>
         <size>0x4c</size>
         <input_file_ref idref="fl-db"/>
      </object_component>
      <object_component id="oc-112">
         <name>.text:exit</name>
         <load_address>0x3ba0</load_address>
         <run_address>0x3ba0</run_address>
         <size>0x48</size>
         <input_file_ref idref="fl-d9"/>
      </object_component>
      <object_component id="oc-261">
         <name>.text</name>
         <load_address>0x3be8</load_address>
         <run_address>0x3be8</run_address>
         <size>0x48</size>
         <input_file_ref idref="fl-d3"/>
      </object_component>
      <object_component id="oc-3bb">
         <name>.text:HOSTclose</name>
         <load_address>0x3c30</load_address>
         <run_address>0x3c30</run_address>
         <size>0x44</size>
         <input_file_ref idref="fl-f2"/>
      </object_component>
      <object_component id="oc-3d3">
         <name>.text:HOSTunlink</name>
         <load_address>0x3c74</load_address>
         <run_address>0x3c74</run_address>
         <size>0x44</size>
         <input_file_ref idref="fl-f7"/>
      </object_component>
      <object_component id="oc-118">
         <name>.text:__TI_auto_init_nobinit_nopinit:__TI_auto_init_nobinit_nopinit</name>
         <load_address>0x3cb8</load_address>
         <run_address>0x3cb8</run_address>
         <size>0x44</size>
         <input_file_ref idref="fl-ee"/>
      </object_component>
      <object_component id="oc-429">
         <name>.text:getdevice</name>
         <load_address>0x3cfc</load_address>
         <run_address>0x3cfc</run_address>
         <size>0x44</size>
         <input_file_ref idref="fl-fd"/>
      </object_component>
      <object_component id="oc-d4">
         <name>.text</name>
         <load_address>0x3d40</load_address>
         <run_address>0x3d40</run_address>
         <size>0x40</size>
         <input_file_ref idref="fl-9"/>
      </object_component>
      <object_component id="oc-289">
         <name>.text:_fcpy</name>
         <load_address>0x3d80</load_address>
         <run_address>0x3d80</run_address>
         <size>0x3e</size>
         <input_file_ref idref="fl-c6"/>
      </object_component>
      <object_component id="oc-402">
         <name>.text:__TI_writemsg</name>
         <load_address>0x3dc0</load_address>
         <run_address>0x3dc0</run_address>
         <size>0x38</size>
         <input_file_ref idref="fl-f9"/>
      </object_component>
      <object_component id="oc-44b">
         <name>.text:strncpy</name>
         <load_address>0x3df8</load_address>
         <run_address>0x3df8</run_address>
         <size>0x36</size>
         <input_file_ref idref="fl-100"/>
      </object_component>
      <object_component id="oc-36c">
         <name>.text:__TI_cleanup</name>
         <load_address>0x3e30</load_address>
         <run_address>0x3e30</run_address>
         <size>0x34</size>
         <input_file_ref idref="fl-eb"/>
      </object_component>
      <object_component id="oc-408">
         <name>.text:__TI_readmsg</name>
         <load_address>0x3e64</load_address>
         <run_address>0x3e64</run_address>
         <size>0x34</size>
         <input_file_ref idref="fl-f9"/>
      </object_component>
      <object_component id="oc-55">
         <name>.text:_c_int00_noargs:_c_int00_noargs</name>
         <load_address>0x3e98</load_address>
         <run_address>0x3e98</run_address>
         <size>0x34</size>
         <input_file_ref idref="fl-e6"/>
      </object_component>
      <object_component id="oc-451">
         <name>.text:finddevice</name>
         <load_address>0x3ecc</load_address>
         <run_address>0x3ecc</run_address>
         <size>0x30</size>
         <input_file_ref idref="fl-fd"/>
      </object_component>
      <object_component id="oc-26c">
         <name>.text</name>
         <load_address>0x3efc</load_address>
         <run_address>0x3efc</run_address>
         <size>0x2e</size>
         <input_file_ref idref="fl-d4"/>
      </object_component>
      <object_component id="oc-3f7">
         <name>.text:unlink</name>
         <load_address>0x3f2c</load_address>
         <run_address>0x3f2c</run_address>
         <size>0x2c</size>
         <input_file_ref idref="fl-103"/>
      </object_component>
      <object_component id="oc-39b">
         <name>.text:free_list_insert</name>
         <load_address>0x3f58</load_address>
         <run_address>0x3f58</run_address>
         <size>0x28</size>
         <input_file_ref idref="fl-e1"/>
      </object_component>
      <object_component id="oc-358">
         <name>.text:lseek</name>
         <load_address>0x3f80</load_address>
         <run_address>0x3f80</run_address>
         <size>0x28</size>
         <input_file_ref idref="fl-fb"/>
      </object_component>
      <object_component id="oc-2da">
         <name>.text:write</name>
         <load_address>0x3fa8</load_address>
         <run_address>0x3fa8</run_address>
         <size>0x28</size>
         <input_file_ref idref="fl-e4"/>
      </object_component>
      <object_component id="oc-2ce">
         <name>.text:memchr</name>
         <load_address>0x3fd0</load_address>
         <run_address>0x3fd0</run_address>
         <size>0x20</size>
         <input_file_ref idref="fl-e0"/>
      </object_component>
      <object_component id="oc-395">
         <name>.text:free_list_remove</name>
         <load_address>0x3ff0</load_address>
         <run_address>0x3ff0</run_address>
         <size>0x1c</size>
         <input_file_ref idref="fl-e1"/>
      </object_component>
      <object_component id="oc-1df">
         <name>.text:memccpy</name>
         <load_address>0x400c</load_address>
         <run_address>0x400c</run_address>
         <size>0x1c</size>
         <input_file_ref idref="fl-df"/>
      </object_component>
      <object_component id="oc-310">
         <name>.text:copysign</name>
         <load_address>0x4028</load_address>
         <run_address>0x4028</run_address>
         <size>0x1a</size>
         <input_file_ref idref="fl-e9"/>
      </object_component>
      <object_component id="oc-468">
         <name>.text:strcmp</name>
         <load_address>0x4042</load_address>
         <run_address>0x4042</run_address>
         <size>0x18</size>
         <input_file_ref idref="fl-fe"/>
      </object_component>
      <object_component id="oc-29d">
         <name>.text:strchr</name>
         <load_address>0x405a</load_address>
         <run_address>0x405a</run_address>
         <size>0x16</size>
         <input_file_ref idref="fl-e2"/>
      </object_component>
      <object_component id="oc-41c">
         <name>.text:strcpy</name>
         <load_address>0x4070</load_address>
         <run_address>0x4070</run_address>
         <size>0x14</size>
         <input_file_ref idref="fl-ff"/>
      </object_component>
      <object_component id="oc-1b0">
         <name>.text:strlen</name>
         <load_address>0x4084</load_address>
         <run_address>0x4084</run_address>
         <size>0x14</size>
         <input_file_ref idref="fl-e3"/>
      </object_component>
      <object_component id="oc-1e5">
         <name>.text:wcslen</name>
         <load_address>0x4098</load_address>
         <run_address>0x4098</run_address>
         <size>0x12</size>
         <input_file_ref idref="fl-e8"/>
      </object_component>
      <object_component id="oc-1a">
         <name>.text:decompress:none:__TI_decompress_none</name>
         <load_address>0x40aa</load_address>
         <run_address>0x40aa</run_address>
         <size>0xe</size>
         <input_file_ref idref="fl-d7"/>
      </object_component>
      <object_component id="oc-67">
         <name>.text</name>
         <load_address>0x40b8</load_address>
         <run_address>0x40b8</run_address>
         <size>0xe</size>
         <input_file_ref idref="fl-a"/>
      </object_component>
      <object_component id="oc-49">
         <name>.text:decompress:ZI:__TI_zero_init</name>
         <load_address>0x40c6</load_address>
         <run_address>0x40c6</run_address>
         <size>0xc</size>
         <input_file_ref idref="fl-d6"/>
      </object_component>
      <object_component id="oc-1eb">
         <name>.text:__aeabi_errno_addr</name>
         <load_address>0x40d4</load_address>
         <run_address>0x40d4</run_address>
         <size>0x8</size>
         <input_file_ref idref="fl-e7"/>
      </object_component>
      <object_component id="oc-366">
         <name>.text:malloc</name>
         <load_address>0x40dc</load_address>
         <run_address>0x40dc</run_address>
         <size>0x8</size>
         <input_file_ref idref="fl-e1"/>
      </object_component>
      <object_component id="oc-162">
         <name>.text:_outc</name>
         <load_address>0x40e4</load_address>
         <run_address>0x40e4</run_address>
         <size>0x4</size>
         <input_file_ref idref="fl-c5"/>
      </object_component>
      <object_component id="oc-15c">
         <name>.text:_outs</name>
         <load_address>0x40e8</load_address>
         <run_address>0x40e8</run_address>
         <size>0x4</size>
         <input_file_ref idref="fl-c5"/>
      </object_component>
      <object_component id="oc-97">
         <name>.text:_system_pre_init</name>
         <load_address>0x40ec</load_address>
         <run_address>0x40ec</run_address>
         <size>0x4</size>
         <input_file_ref idref="fl-ef"/>
      </object_component>
      <object_component id="oc-10c">
         <name>.text:abort:abort</name>
         <load_address>0x40f0</load_address>
         <run_address>0x40f0</run_address>
         <size>0x4</size>
         <input_file_ref idref="fl-d9"/>
      </object_component>
      <object_component id="oc-246">
         <name>.const:.string:_ctypes_</name>
         <load_address>0x40f4</load_address>
         <run_address>0x40f4</run_address>
         <size>0x101</size>
         <input_file_ref idref="fl-dc"/>
      </object_component>
      <object_component id="oc-16f">
         <name>.const:$P$T0$1</name>
         <load_address>0x41f8</load_address>
         <run_address>0x41f8</run_address>
         <size>0x20</size>
         <input_file_ref idref="fl-8"/>
      </object_component>
      <object_component id="oc-4a6">
         <name>.cinit..data.load</name>
         <load_address>0x4218</load_address>
         <run_address>0x4218</run_address>
         <size>0x71</size>
      </object_component>
      <object_component id="oc-4a4">
         <name>__TI_handler_table</name>
         <load_address>0x428c</load_address>
         <run_address>0x428c</run_address>
         <size>0xc</size>
      </object_component>
      <object_component id="oc-4a7">
         <name>.cinit..bss.load</name>
         <load_address>0x4298</load_address>
         <run_address>0x4298</run_address>
         <size>0x8</size>
      </object_component>
      <object_component id="oc-4a5">
         <name>__TI_cinit_table</name>
         <load_address>0x42a0</load_address>
         <run_address>0x42a0</run_address>
         <size>0x10</size>
      </object_component>
      <object_component id="oc-479">
         <name>.binit</name>
         <load_address>0x0</load_address>
         <run_address>0x0</run_address>
         <size>0x0</size>
      </object_component>
      <object_component id="oc-175">
         <name>.data</name>
         <load_address>0x20000b88</load_address>
         <run_address>0x20000b88</run_address>
         <size>0x18</size>
         <input_file_ref idref="fl-3"/>
      </object_component>
      <object_component id="oc-df">
         <name>.data</name>
         <load_address>0x20000bcc</load_address>
         <run_address>0x20000bcc</run_address>
         <size>0x5</size>
         <input_file_ref idref="fl-6"/>
      </object_component>
      <object_component id="oc-14a">
         <name>.data</name>
         <load_address>0x20000bd8</load_address>
         <run_address>0x20000bd8</run_address>
         <size>0x4</size>
         <input_file_ref idref="fl-b"/>
      </object_component>
      <object_component id="oc-190">
         <name>.data:$O1$$</name>
         <load_address>0x20000bb0</load_address>
         <run_address>0x20000bb0</run_address>
         <size>0xc</size>
         <input_file_ref idref="fl-d9"/>
      </object_component>
      <object_component id="oc-156">
         <name>.data:$O1$$</name>
         <load_address>0x20000bbc</load_address>
         <run_address>0x20000bbc</run_address>
         <size>0x8</size>
         <input_file_ref idref="fl-da"/>
      </object_component>
      <object_component id="oc-159">
         <name>.data:_ftable</name>
         <load_address>0x200009d0</load_address>
         <run_address>0x200009d0</run_address>
         <size>0xf0</size>
         <input_file_ref idref="fl-dd"/>
      </object_component>
      <object_component id="oc-3af">
         <name>.data</name>
         <load_address>0x20000ba0</load_address>
         <run_address>0x20000ba0</run_address>
         <size>0x10</size>
         <input_file_ref idref="fl-dd"/>
      </object_component>
      <object_component id="oc-3e5">
         <name>.data:$O1$$</name>
         <load_address>0x20000bc4</load_address>
         <run_address>0x20000bc4</run_address>
         <size>0x8</size>
         <input_file_ref idref="fl-e1"/>
      </object_component>
      <object_component id="oc-37f">
         <name>.data:_device</name>
         <load_address>0x20000ac0</load_address>
         <run_address>0x20000ac0</run_address>
         <size>0x78</size>
         <input_file_ref idref="fl-e5"/>
      </object_component>
      <object_component id="oc-33e">
         <name>.data:_stream</name>
         <load_address>0x20000b38</load_address>
         <run_address>0x20000b38</run_address>
         <size>0x50</size>
         <input_file_ref idref="fl-e5"/>
      </object_component>
      <object_component id="oc-2ad">
         <name>.data</name>
         <load_address>0x20000bd4</load_address>
         <run_address>0x20000bd4</run_address>
         <size>0x4</size>
         <input_file_ref idref="fl-e7"/>
      </object_component>
      <object_component id="oc-433">
         <name>.bss:_CIOBUF_</name>
         <uninitialized>true</uninitialized>
         <run_address>0x20000200</run_address>
         <size>0x120</size>
         <input_file_ref idref="fl-f9"/>
      </object_component>
      <object_component id="oc-da">
         <name>.common:IRBuf</name>
         <uninitialized>true</uninitialized>
         <run_address>0x20000320</run_address>
         <size>0x100</size>
      </object_component>
      <object_component id="oc-dd">
         <name>.common:SWBuf</name>
         <uninitialized>true</uninitialized>
         <run_address>0x20000420</run_address>
         <size>0x100</size>
      </object_component>
      <object_component id="oc-de">
         <name>.common:I</name>
         <uninitialized>true</uninitialized>
         <run_address>0x200005c8</run_address>
         <size>0x4</size>
      </object_component>
      <object_component id="oc-e2">
         <name>.common:Buffer</name>
         <uninitialized>true</uninitialized>
         <run_address>0x20000000</run_address>
         <size>0x200</size>
      </object_component>
      <object_component id="oc-3fd">
         <name>.common:__TI_tmpnams</name>
         <uninitialized>true</uninitialized>
         <run_address>0x20000520</run_address>
         <size>0xa0</size>
      </object_component>
      <object_component id="oc-40e">
         <name>.common:parmbuf</name>
         <uninitialized>true</uninitialized>
         <run_address>0x200005c0</run_address>
         <size>0x8</size>
      </object_component>
      <object_component id="oc-26">
         <name>.sysmem</name>
         <uninitialized>true</uninitialized>
         <run_address>0x200005d0</run_address>
         <size>0x10</size>
         <input_file_ref idref="fl-e1"/>
      </object_component>
      <object_component id="oc-4a9">
         <name>.sysmem</name>
         <uninitialized>true</uninitialized>
         <run_address>0x200005d0</run_address>
         <size>0x0</size>
      </object_component>
      <object_component id="oc-29">
         <name>.stack</name>
         <uninitialized>true</uninitialized>
         <run_address>0x2000fe00</run_address>
         <size>0x4</size>
         <input_file_ref idref="fl-e6"/>
      </object_component>
      <object_component id="oc-4a8">
         <name>.stack</name>
         <uninitialized>true</uninitialized>
         <run_address>0x2000fe00</run_address>
         <size>0x0</size>
      </object_component>
      <object_component id="oc-18e">
         <name>.debug_info</name>
         <load_address>0x0</load_address>
         <run_address>0x0</run_address>
         <size>0x5a2</size>
         <input_file_ref idref="fl-2"/>
      </object_component>
      <object_component id="oc-c6">
         <name>.debug_info</name>
         <load_address>0x5a2</load_address>
         <run_address>0x5a2</run_address>
         <size>0x318</size>
         <input_file_ref idref="fl-2"/>
      </object_component>
      <object_component id="oc-17d">
         <name>.debug_info</name>
         <load_address>0x8ba</load_address>
         <run_address>0x8ba</run_address>
         <size>0x37e2</size>
         <input_file_ref idref="fl-2"/>
      </object_component>
      <object_component id="oc-eb">
         <name>.debug_info</name>
         <load_address>0x409c</load_address>
         <run_address>0x409c</run_address>
         <size>0x26b</size>
         <input_file_ref idref="fl-2"/>
      </object_component>
      <object_component id="oc-182">
         <name>.debug_info</name>
         <load_address>0x4307</load_address>
         <run_address>0x4307</run_address>
         <size>0x1055</size>
         <input_file_ref idref="fl-2"/>
      </object_component>
      <object_component id="oc-32">
         <name>.debug_info</name>
         <load_address>0x535c</load_address>
         <run_address>0x535c</run_address>
         <size>0x84</size>
         <input_file_ref idref="fl-2"/>
      </object_component>
      <object_component id="oc-189">
         <name>.debug_info</name>
         <load_address>0x53e0</load_address>
         <run_address>0x53e0</run_address>
         <size>0x297</size>
         <input_file_ref idref="fl-2"/>
      </object_component>
      <object_component id="oc-e4">
         <name>.debug_info</name>
         <load_address>0x5677</load_address>
         <run_address>0x5677</run_address>
         <size>0xbb</size>
         <input_file_ref idref="fl-2"/>
      </object_component>
      <object_component id="oc-176">
         <name>.debug_info</name>
         <load_address>0x5732</load_address>
         <run_address>0x5732</run_address>
         <size>0x1ff</size>
         <input_file_ref idref="fl-3"/>
      </object_component>
      <object_component id="oc-c9">
         <name>.debug_info</name>
         <load_address>0x5931</load_address>
         <run_address>0x5931</run_address>
         <size>0x625</size>
         <input_file_ref idref="fl-3"/>
      </object_component>
      <object_component id="oc-14f">
         <name>.debug_info</name>
         <load_address>0x5f56</load_address>
         <run_address>0x5f56</run_address>
         <size>0x2fd</size>
         <input_file_ref idref="fl-5"/>
      </object_component>
      <object_component id="oc-b2">
         <name>.debug_info</name>
         <load_address>0x6253</load_address>
         <run_address>0x6253</run_address>
         <size>0x10e2</size>
         <input_file_ref idref="fl-5"/>
      </object_component>
      <object_component id="oc-db">
         <name>.debug_info</name>
         <load_address>0x7335</load_address>
         <run_address>0x7335</run_address>
         <size>0x7a1</size>
         <input_file_ref idref="fl-6"/>
      </object_component>
      <object_component id="oc-e0">
         <name>.debug_info</name>
         <load_address>0x7ad6</load_address>
         <run_address>0x7ad6</run_address>
         <size>0x13a</size>
         <input_file_ref idref="fl-6"/>
      </object_component>
      <object_component id="oc-71">
         <name>.debug_info</name>
         <load_address>0x7c10</load_address>
         <run_address>0x7c10</run_address>
         <size>0x715</size>
         <input_file_ref idref="fl-6"/>
      </object_component>
      <object_component id="oc-cf">
         <name>.debug_info</name>
         <load_address>0x8325</load_address>
         <run_address>0x8325</run_address>
         <size>0x551</size>
         <input_file_ref idref="fl-7"/>
      </object_component>
      <object_component id="oc-173">
         <name>.debug_info</name>
         <load_address>0x8876</load_address>
         <run_address>0x8876</run_address>
         <size>0x652</size>
         <input_file_ref idref="fl-8"/>
      </object_component>
      <object_component id="oc-170">
         <name>.debug_info</name>
         <load_address>0x8ec8</load_address>
         <run_address>0x8ec8</run_address>
         <size>0x14f</size>
         <input_file_ref idref="fl-8"/>
      </object_component>
      <object_component id="oc-bf">
         <name>.debug_info</name>
         <load_address>0x9017</load_address>
         <run_address>0x9017</run_address>
         <size>0x914</size>
         <input_file_ref idref="fl-8"/>
      </object_component>
      <object_component id="oc-224">
         <name>.debug_info</name>
         <load_address>0x992b</load_address>
         <run_address>0x992b</run_address>
         <size>0x37e2</size>
         <input_file_ref idref="fl-8"/>
      </object_component>
      <object_component id="oc-16a">
         <name>.debug_info</name>
         <load_address>0xd10d</load_address>
         <run_address>0xd10d</run_address>
         <size>0x2c</size>
         <input_file_ref idref="fl-8"/>
      </object_component>
      <object_component id="oc-d8">
         <name>.debug_info</name>
         <load_address>0xd139</load_address>
         <run_address>0xd139</run_address>
         <size>0x28a</size>
         <input_file_ref idref="fl-9"/>
      </object_component>
      <object_component id="oc-75">
         <name>.debug_info</name>
         <load_address>0xd3c3</load_address>
         <run_address>0xd3c3</run_address>
         <size>0x2f5</size>
         <input_file_ref idref="fl-a"/>
      </object_component>
      <object_component id="oc-24">
         <name>.debug_info</name>
         <load_address>0xd6b8</load_address>
         <run_address>0xd6b8</run_address>
         <size>0x121</size>
         <input_file_ref idref="fl-a"/>
      </object_component>
      <object_component id="oc-6a">
         <name>.debug_info</name>
         <load_address>0xd7d9</load_address>
         <run_address>0xd7d9</run_address>
         <size>0x1e8</size>
         <input_file_ref idref="fl-a"/>
      </object_component>
      <object_component id="oc-14b">
         <name>.debug_info</name>
         <load_address>0xd9c1</load_address>
         <run_address>0xd9c1</run_address>
         <size>0x11a</size>
         <input_file_ref idref="fl-b"/>
      </object_component>
      <object_component id="oc-aa">
         <name>.debug_info</name>
         <load_address>0xdadb</load_address>
         <run_address>0xdadb</run_address>
         <size>0x28c</size>
         <input_file_ref idref="fl-b"/>
      </object_component>
      <object_component id="oc-169">
         <name>.debug_info</name>
         <load_address>0xdd67</load_address>
         <run_address>0xdd67</run_address>
         <size>0x3e6</size>
         <input_file_ref idref="fl-c5"/>
      </object_component>
      <object_component id="oc-163">
         <name>.debug_info</name>
         <load_address>0xe14d</load_address>
         <run_address>0xe14d</run_address>
         <size>0x158</size>
         <input_file_ref idref="fl-c5"/>
      </object_component>
      <object_component id="oc-15d">
         <name>.debug_info</name>
         <load_address>0xe2a5</load_address>
         <run_address>0xe2a5</run_address>
         <size>0x167</size>
         <input_file_ref idref="fl-c5"/>
      </object_component>
      <object_component id="oc-b7">
         <name>.debug_info</name>
         <load_address>0xe40c</load_address>
         <run_address>0xe40c</run_address>
         <size>0x1ad</size>
         <input_file_ref idref="fl-c5"/>
      </object_component>
      <object_component id="oc-21b">
         <name>.debug_info</name>
         <load_address>0xe5b9</load_address>
         <run_address>0xe5b9</run_address>
         <size>0xb2</size>
         <input_file_ref idref="fl-c5"/>
      </object_component>
      <object_component id="oc-1f2">
         <name>.debug_info</name>
         <load_address>0xe66b</load_address>
         <run_address>0xe66b</run_address>
         <size>0x57c</size>
         <input_file_ref idref="fl-c6"/>
      </object_component>
      <object_component id="oc-1c0">
         <name>.debug_info</name>
         <load_address>0xebe7</load_address>
         <run_address>0xebe7</run_address>
         <size>0x21f</size>
         <input_file_ref idref="fl-c6"/>
      </object_component>
      <object_component id="oc-27a">
         <name>.debug_info</name>
         <load_address>0xee06</load_address>
         <run_address>0xee06</run_address>
         <size>0x1b4</size>
         <input_file_ref idref="fl-c6"/>
      </object_component>
      <object_component id="oc-280">
         <name>.debug_info</name>
         <load_address>0xefba</load_address>
         <run_address>0xefba</run_address>
         <size>0x21c</size>
         <input_file_ref idref="fl-c6"/>
      </object_component>
      <object_component id="oc-1cb">
         <name>.debug_info</name>
         <load_address>0xf1d6</load_address>
         <run_address>0xf1d6</run_address>
         <size>0x3bc</size>
         <input_file_ref idref="fl-c6"/>
      </object_component>
      <object_component id="oc-287">
         <name>.debug_info</name>
         <load_address>0xf592</load_address>
         <run_address>0xf592</run_address>
         <size>0x306</size>
         <input_file_ref idref="fl-c6"/>
      </object_component>
      <object_component id="oc-28d">
         <name>.debug_info</name>
         <load_address>0xf898</load_address>
         <run_address>0xf898</run_address>
         <size>0x216</size>
         <input_file_ref idref="fl-c6"/>
      </object_component>
      <object_component id="oc-1d1">
         <name>.debug_info</name>
         <load_address>0xfaae</load_address>
         <run_address>0xfaae</run_address>
         <size>0x216</size>
         <input_file_ref idref="fl-c6"/>
      </object_component>
      <object_component id="oc-1d7">
         <name>.debug_info</name>
         <load_address>0xfcc4</load_address>
         <run_address>0xfcc4</run_address>
         <size>0x305</size>
         <input_file_ref idref="fl-c6"/>
      </object_component>
      <object_component id="oc-1dd">
         <name>.debug_info</name>
         <load_address>0xffc9</load_address>
         <run_address>0xffc9</run_address>
         <size>0x4b1</size>
         <input_file_ref idref="fl-c6"/>
      </object_component>
      <object_component id="oc-154">
         <name>.debug_info</name>
         <load_address>0x1047a</load_address>
         <run_address>0x1047a</run_address>
         <size>0x5f5</size>
         <input_file_ref idref="fl-c6"/>
      </object_component>
      <object_component id="oc-1f3">
         <name>.debug_info</name>
         <load_address>0x10a6f</load_address>
         <run_address>0x10a6f</run_address>
         <size>0x86</size>
         <input_file_ref idref="fl-c6"/>
      </object_component>
      <object_component id="oc-2b9">
         <name>.debug_info</name>
         <load_address>0x10af5</load_address>
         <run_address>0x10af5</run_address>
         <size>0x39</size>
         <input_file_ref idref="fl-c6"/>
      </object_component>
      <object_component id="oc-327">
         <name>.debug_info</name>
         <load_address>0x10b2e</load_address>
         <run_address>0x10b2e</run_address>
         <size>0xb6</size>
         <input_file_ref idref="fl-c6"/>
      </object_component>
      <object_component id="oc-2be">
         <name>.debug_info</name>
         <load_address>0x10be4</load_address>
         <run_address>0x10be4</run_address>
         <size>0x46</size>
         <input_file_ref idref="fl-c6"/>
      </object_component>
      <object_component id="oc-1f8">
         <name>.debug_info</name>
         <load_address>0x10c2a</load_address>
         <run_address>0x10c2a</run_address>
         <size>0x46</size>
         <input_file_ref idref="fl-c6"/>
      </object_component>
      <object_component id="oc-2b4">
         <name>.debug_info</name>
         <load_address>0x10c70</load_address>
         <run_address>0x10c70</run_address>
         <size>0x2c</size>
         <input_file_ref idref="fl-c6"/>
      </object_component>
      <object_component id="oc-2e3">
         <name>.debug_info</name>
         <load_address>0x10c9c</load_address>
         <run_address>0x10c9c</run_address>
         <size>0x384</size>
         <input_file_ref idref="fl-c7"/>
      </object_component>
      <object_component id="oc-213">
         <name>.debug_info</name>
         <load_address>0x11020</load_address>
         <run_address>0x11020</run_address>
         <size>0x1eb</size>
         <input_file_ref idref="fl-c7"/>
      </object_component>
      <object_component id="oc-2e1">
         <name>.debug_info</name>
         <load_address>0x1120b</load_address>
         <run_address>0x1120b</run_address>
         <size>0x3fd</size>
         <input_file_ref idref="fl-c8"/>
      </object_component>
      <object_component id="oc-20e">
         <name>.debug_info</name>
         <load_address>0x11608</load_address>
         <run_address>0x11608</run_address>
         <size>0x2e3</size>
         <input_file_ref idref="fl-c8"/>
      </object_component>
      <object_component id="oc-103">
         <name>.debug_info</name>
         <load_address>0x118eb</load_address>
         <run_address>0x118eb</run_address>
         <size>0x2c</size>
         <input_file_ref idref="fl-c8"/>
      </object_component>
      <object_component id="oc-339">
         <name>.debug_info</name>
         <load_address>0x11917</load_address>
         <run_address>0x11917</run_address>
         <size>0x301</size>
         <input_file_ref idref="fl-c9"/>
      </object_component>
      <object_component id="oc-2c9">
         <name>.debug_info</name>
         <load_address>0x11c18</load_address>
         <run_address>0x11c18</run_address>
         <size>0x19d</size>
         <input_file_ref idref="fl-c9"/>
      </object_component>
      <object_component id="oc-374">
         <name>.debug_info</name>
         <load_address>0x11db5</load_address>
         <run_address>0x11db5</run_address>
         <size>0xbf</size>
         <input_file_ref idref="fl-c9"/>
      </object_component>
      <object_component id="oc-373">
         <name>.debug_info</name>
         <load_address>0x11e74</load_address>
         <run_address>0x11e74</run_address>
         <size>0x375</size>
         <input_file_ref idref="fl-ca"/>
      </object_component>
      <object_component id="oc-336">
         <name>.debug_info</name>
         <load_address>0x121e9</load_address>
         <run_address>0x121e9</run_address>
         <size>0x20c</size>
         <input_file_ref idref="fl-ca"/>
      </object_component>
      <object_component id="oc-30a">
         <name>.debug_info</name>
         <load_address>0x123f5</load_address>
         <run_address>0x123f5</run_address>
         <size>0x29b</size>
         <input_file_ref idref="fl-cb"/>
      </object_component>
      <object_component id="oc-292">
         <name>.debug_info</name>
         <load_address>0x12690</load_address>
         <run_address>0x12690</run_address>
         <size>0x196</size>
         <input_file_ref idref="fl-cb"/>
      </object_component>
      <object_component id="oc-34e">
         <name>.debug_info</name>
         <load_address>0x12826</load_address>
         <run_address>0x12826</run_address>
         <size>0x39</size>
         <input_file_ref idref="fl-cb"/>
      </object_component>
      <object_component id="oc-30b">
         <name>.debug_info</name>
         <load_address>0x1285f</load_address>
         <run_address>0x1285f</run_address>
         <size>0x2c</size>
         <input_file_ref idref="fl-cb"/>
      </object_component>
      <object_component id="oc-317">
         <name>.debug_info</name>
         <load_address>0x1288b</load_address>
         <run_address>0x1288b</run_address>
         <size>0x2fe</size>
         <input_file_ref idref="fl-cc"/>
      </object_component>
      <object_component id="oc-298">
         <name>.debug_info</name>
         <load_address>0x12b89</load_address>
         <run_address>0x12b89</run_address>
         <size>0x226</size>
         <input_file_ref idref="fl-cc"/>
      </object_component>
      <object_component id="oc-24c">
         <name>.debug_info</name>
         <load_address>0x12daf</load_address>
         <run_address>0x12daf</run_address>
         <size>0x135</size>
         <input_file_ref idref="fl-cd"/>
      </object_component>
      <object_component id="oc-94">
         <name>.debug_info</name>
         <load_address>0x12ee4</load_address>
         <run_address>0x12ee4</run_address>
         <size>0x148</size>
         <input_file_ref idref="fl-ce"/>
      </object_component>
      <object_component id="oc-272">
         <name>.debug_info</name>
         <load_address>0x1302c</load_address>
         <run_address>0x1302c</run_address>
         <size>0x14d</size>
         <input_file_ref idref="fl-cf"/>
      </object_component>
      <object_component id="oc-1c5">
         <name>.debug_info</name>
         <load_address>0x13179</load_address>
         <run_address>0x13179</run_address>
         <size>0x129</size>
         <input_file_ref idref="fl-d0"/>
      </object_component>
      <object_component id="oc-25e">
         <name>.debug_info</name>
         <load_address>0x132a2</load_address>
         <run_address>0x132a2</run_address>
         <size>0x12b</size>
         <input_file_ref idref="fl-d0"/>
      </object_component>
      <object_component id="oc-259">
         <name>.debug_info</name>
         <load_address>0x133cd</load_address>
         <run_address>0x133cd</run_address>
         <size>0x13b</size>
         <input_file_ref idref="fl-d1"/>
      </object_component>
      <object_component id="oc-253">
         <name>.debug_info</name>
         <load_address>0x13508</load_address>
         <run_address>0x13508</run_address>
         <size>0x13b</size>
         <input_file_ref idref="fl-d2"/>
      </object_component>
      <object_component id="oc-262">
         <name>.debug_info</name>
         <load_address>0x13643</load_address>
         <run_address>0x13643</run_address>
         <size>0x12f</size>
         <input_file_ref idref="fl-d3"/>
      </object_component>
      <object_component id="oc-26e">
         <name>.debug_info</name>
         <load_address>0x13772</load_address>
         <run_address>0x13772</run_address>
         <size>0x12d</size>
         <input_file_ref idref="fl-d4"/>
      </object_component>
      <object_component id="oc-3a">
         <name>.debug_info</name>
         <load_address>0x1389f</load_address>
         <run_address>0x1389f</run_address>
         <size>0x11a</size>
         <input_file_ref idref="fl-d5"/>
      </object_component>
      <object_component id="oc-90">
         <name>.debug_info</name>
         <load_address>0x139b9</load_address>
         <run_address>0x139b9</run_address>
         <size>0x2d5</size>
         <input_file_ref idref="fl-d6"/>
      </object_component>
      <object_component id="oc-4b">
         <name>.debug_info</name>
         <load_address>0x13c8e</load_address>
         <run_address>0x13c8e</run_address>
         <size>0x1b6</size>
         <input_file_ref idref="fl-d6"/>
      </object_component>
      <object_component id="oc-8b">
         <name>.debug_info</name>
         <load_address>0x13e44</load_address>
         <run_address>0x13e44</run_address>
         <size>0x46</size>
         <input_file_ref idref="fl-d6"/>
      </object_component>
      <object_component id="oc-42">
         <name>.debug_info</name>
         <load_address>0x13e8a</load_address>
         <run_address>0x13e8a</run_address>
         <size>0x2a9</size>
         <input_file_ref idref="fl-d7"/>
      </object_component>
      <object_component id="oc-1b">
         <name>.debug_info</name>
         <load_address>0x14133</load_address>
         <run_address>0x14133</run_address>
         <size>0x1eb</size>
         <input_file_ref idref="fl-d7"/>
      </object_component>
      <object_component id="oc-3d">
         <name>.debug_info</name>
         <load_address>0x1431e</load_address>
         <run_address>0x1431e</run_address>
         <size>0x46</size>
         <input_file_ref idref="fl-d7"/>
      </object_component>
      <object_component id="oc-83">
         <name>.debug_info</name>
         <load_address>0x14364</load_address>
         <run_address>0x14364</run_address>
         <size>0x2c</size>
         <input_file_ref idref="fl-d7"/>
      </object_component>
      <object_component id="oc-81">
         <name>.debug_info</name>
         <load_address>0x14390</load_address>
         <run_address>0x14390</run_address>
         <size>0x29f</size>
         <input_file_ref idref="fl-d8"/>
      </object_component>
      <object_component id="oc-15">
         <name>.debug_info</name>
         <load_address>0x1462f</load_address>
         <run_address>0x1462f</run_address>
         <size>0x251</size>
         <input_file_ref idref="fl-d8"/>
      </object_component>
      <object_component id="oc-2d">
         <name>.debug_info</name>
         <load_address>0x14880</load_address>
         <run_address>0x14880</run_address>
         <size>0x60</size>
         <input_file_ref idref="fl-d8"/>
      </object_component>
      <object_component id="oc-fc">
         <name>.debug_info</name>
         <load_address>0x148e0</load_address>
         <run_address>0x148e0</run_address>
         <size>0x46</size>
         <input_file_ref idref="fl-d8"/>
      </object_component>
      <object_component id="oc-7c">
         <name>.debug_info</name>
         <load_address>0x14926</load_address>
         <run_address>0x14926</run_address>
         <size>0x39</size>
         <input_file_ref idref="fl-d8"/>
      </object_component>
      <object_component id="oc-194">
         <name>.debug_info</name>
         <load_address>0x1495f</load_address>
         <run_address>0x1495f</run_address>
         <size>0x3ae</size>
         <input_file_ref idref="fl-d9"/>
      </object_component>
      <object_component id="oc-191">
         <name>.debug_info</name>
         <load_address>0x14d0d</load_address>
         <run_address>0x14d0d</run_address>
         <size>0x191</size>
         <input_file_ref idref="fl-d9"/>
      </object_component>
      <object_component id="oc-110">
         <name>.debug_info</name>
         <load_address>0x14e9e</load_address>
         <run_address>0x14e9e</run_address>
         <size>0x123</size>
         <input_file_ref idref="fl-d9"/>
      </object_component>
      <object_component id="oc-116">
         <name>.debug_info</name>
         <load_address>0x14fc1</load_address>
         <run_address>0x14fc1</run_address>
         <size>0x185</size>
         <input_file_ref idref="fl-d9"/>
      </object_component>
      <object_component id="oc-205">
         <name>.debug_info</name>
         <load_address>0x15146</load_address>
         <run_address>0x15146</run_address>
         <size>0x2ca</size>
         <input_file_ref idref="fl-da"/>
      </object_component>
      <object_component id="oc-157">
         <name>.debug_info</name>
         <load_address>0x15410</load_address>
         <run_address>0x15410</run_address>
         <size>0x11f</size>
         <input_file_ref idref="fl-da"/>
      </object_component>
      <object_component id="oc-200">
         <name>.debug_info</name>
         <load_address>0x1552f</load_address>
         <run_address>0x1552f</run_address>
         <size>0x12f</size>
         <input_file_ref idref="fl-da"/>
      </object_component>
      <object_component id="oc-24a">
         <name>.debug_info</name>
         <load_address>0x1565e</load_address>
         <run_address>0x1565e</run_address>
         <size>0x2ba</size>
         <input_file_ref idref="fl-db"/>
      </object_component>
      <object_component id="oc-1b7">
         <name>.debug_info</name>
         <load_address>0x15918</load_address>
         <run_address>0x15918</run_address>
         <size>0x17d</size>
         <input_file_ref idref="fl-db"/>
      </object_component>
      <object_component id="oc-2f4">
         <name>.debug_info</name>
         <load_address>0x15a95</load_address>
         <run_address>0x15a95</run_address>
         <size>0xfa</size>
         <input_file_ref idref="fl-dc"/>
      </object_component>
      <object_component id="oc-247">
         <name>.debug_info</name>
         <load_address>0x15b8f</load_address>
         <run_address>0x15b8f</run_address>
         <size>0x106</size>
         <input_file_ref idref="fl-dc"/>
      </object_component>
      <object_component id="oc-209">
         <name>.debug_info</name>
         <load_address>0x15c95</load_address>
         <run_address>0x15c95</run_address>
         <size>0x145</size>
         <input_file_ref idref="fl-dd"/>
      </object_component>
      <object_component id="oc-15a">
         <name>.debug_info</name>
         <load_address>0x15dda</load_address>
         <run_address>0x15dda</run_address>
         <size>0x103</size>
         <input_file_ref idref="fl-dd"/>
      </object_component>
      <object_component id="oc-3b0">
         <name>.debug_info</name>
         <load_address>0x15edd</load_address>
         <run_address>0x15edd</run_address>
         <size>0x190</size>
         <input_file_ref idref="fl-dd"/>
      </object_component>
      <object_component id="oc-302">
         <name>.debug_info</name>
         <load_address>0x1606d</load_address>
         <run_address>0x1606d</run_address>
         <size>0x29c</size>
         <input_file_ref idref="fl-de"/>
      </object_component>
      <object_component id="oc-269">
         <name>.debug_info</name>
         <load_address>0x16309</load_address>
         <run_address>0x16309</run_address>
         <size>0x1ce</size>
         <input_file_ref idref="fl-de"/>
      </object_component>
      <object_component id="oc-2a5">
         <name>.debug_info</name>
         <load_address>0x164d7</load_address>
         <run_address>0x164d7</run_address>
         <size>0x297</size>
         <input_file_ref idref="fl-df"/>
      </object_component>
      <object_component id="oc-1e1">
         <name>.debug_info</name>
         <load_address>0x1676e</load_address>
         <run_address>0x1676e</run_address>
         <size>0x1b7</size>
         <input_file_ref idref="fl-df"/>
      </object_component>
      <object_component id="oc-33b">
         <name>.debug_info</name>
         <load_address>0x16925</load_address>
         <run_address>0x16925</run_address>
         <size>0x2a6</size>
         <input_file_ref idref="fl-e0"/>
      </object_component>
      <object_component id="oc-2cf">
         <name>.debug_info</name>
         <load_address>0x16bcb</load_address>
         <run_address>0x16bcb</run_address>
         <size>0x25e</size>
         <input_file_ref idref="fl-e0"/>
      </object_component>
      <object_component id="oc-78">
         <name>.debug_info</name>
         <load_address>0x16e29</load_address>
         <run_address>0x16e29</run_address>
         <size>0x3b3</size>
         <input_file_ref idref="fl-e1"/>
      </object_component>
      <object_component id="oc-27">
         <name>.debug_info</name>
         <load_address>0x171dc</load_address>
         <run_address>0x171dc</run_address>
         <size>0x10d</size>
         <input_file_ref idref="fl-e1"/>
      </object_component>
      <object_component id="oc-3e6">
         <name>.debug_info</name>
         <load_address>0x172e9</load_address>
         <run_address>0x172e9</run_address>
         <size>0x140</size>
         <input_file_ref idref="fl-e1"/>
      </object_component>
      <object_component id="oc-368">
         <name>.debug_info</name>
         <load_address>0x17429</load_address>
         <run_address>0x17429</run_address>
         <size>0x169</size>
         <input_file_ref idref="fl-e1"/>
      </object_component>
      <object_component id="oc-396">
         <name>.debug_info</name>
         <load_address>0x17592</load_address>
         <run_address>0x17592</run_address>
         <size>0x18f</size>
         <input_file_ref idref="fl-e1"/>
      </object_component>
      <object_component id="oc-39d">
         <name>.debug_info</name>
         <load_address>0x17721</load_address>
         <run_address>0x17721</run_address>
         <size>0x1a0</size>
         <input_file_ref idref="fl-e1"/>
      </object_component>
      <object_component id="oc-362">
         <name>.debug_info</name>
         <load_address>0x178c1</load_address>
         <run_address>0x178c1</run_address>
         <size>0x204</size>
         <input_file_ref idref="fl-e1"/>
      </object_component>
      <object_component id="oc-3ec">
         <name>.debug_info</name>
         <load_address>0x17ac5</load_address>
         <run_address>0x17ac5</run_address>
         <size>0x1dc</size>
         <input_file_ref idref="fl-e1"/>
      </object_component>
      <object_component id="oc-3a4">
         <name>.debug_info</name>
         <load_address>0x17ca1</load_address>
         <run_address>0x17ca1</run_address>
         <size>0x29a</size>
         <input_file_ref idref="fl-e1"/>
      </object_component>
      <object_component id="oc-f7">
         <name>.debug_info</name>
         <load_address>0x17f3b</load_address>
         <run_address>0x17f3b</run_address>
         <size>0xb2</size>
         <input_file_ref idref="fl-e1"/>
      </object_component>
      <object_component id="oc-f2">
         <name>.debug_info</name>
         <load_address>0x17fed</load_address>
         <run_address>0x17fed</run_address>
         <size>0x2c</size>
         <input_file_ref idref="fl-e1"/>
      </object_component>
      <object_component id="oc-319">
         <name>.debug_info</name>
         <load_address>0x18019</load_address>
         <run_address>0x18019</run_address>
         <size>0x29b</size>
         <input_file_ref idref="fl-e2"/>
      </object_component>
      <object_component id="oc-29f">
         <name>.debug_info</name>
         <load_address>0x182b4</load_address>
         <run_address>0x182b4</run_address>
         <size>0x263</size>
         <input_file_ref idref="fl-e2"/>
      </object_component>
      <object_component id="oc-245">
         <name>.debug_info</name>
         <load_address>0x18517</load_address>
         <run_address>0x18517</run_address>
         <size>0x290</size>
         <input_file_ref idref="fl-e3"/>
      </object_component>
      <object_component id="oc-1b3">
         <name>.debug_info</name>
         <load_address>0x187a7</load_address>
         <run_address>0x187a7</run_address>
         <size>0x246</size>
         <input_file_ref idref="fl-e3"/>
      </object_component>
      <object_component id="oc-342">
         <name>.debug_info</name>
         <load_address>0x189ed</load_address>
         <run_address>0x189ed</run_address>
         <size>0x398</size>
         <input_file_ref idref="fl-e4"/>
      </object_component>
      <object_component id="oc-2dd">
         <name>.debug_info</name>
         <load_address>0x18d85</load_address>
         <run_address>0x18d85</run_address>
         <size>0x190</size>
         <input_file_ref idref="fl-e4"/>
      </object_component>
      <object_component id="oc-387">
         <name>.debug_info</name>
         <load_address>0x18f15</load_address>
         <run_address>0x18f15</run_address>
         <size>0x120</size>
         <input_file_ref idref="fl-e4"/>
      </object_component>
      <object_component id="oc-38c">
         <name>.debug_info</name>
         <load_address>0x19035</load_address>
         <run_address>0x19035</run_address>
         <size>0x2c</size>
         <input_file_ref idref="fl-e4"/>
      </object_component>
      <object_component id="oc-384">
         <name>.debug_info</name>
         <load_address>0x19061</load_address>
         <run_address>0x19061</run_address>
         <size>0x338</size>
         <input_file_ref idref="fl-e5"/>
      </object_component>
      <object_component id="oc-380">
         <name>.debug_info</name>
         <load_address>0x19399</load_address>
         <run_address>0x19399</run_address>
         <size>0x10a</size>
         <input_file_ref idref="fl-e5"/>
      </object_component>
      <object_component id="oc-33f">
         <name>.debug_info</name>
         <load_address>0x194a3</load_address>
         <run_address>0x194a3</run_address>
         <size>0x10a</size>
         <input_file_ref idref="fl-e5"/>
      </object_component>
[...]
      </symbol>
      <symbol id="sm-49b">
         <name>__aeabi_uldivmod</name>
         <value>0x3137</value>
         <object_component_ref idref="oc-24b"/>
      </symbol>
      <symbol id="sm-4aa">
         <name>__aeabi_memset</name>
         <value>0x3477</value>
         <object_component_ref idref="oc-91"/>
      </symbol>
      <symbol id="sm-4ab">
         <name>memset</name>
         <value>0x347d</value>
         <object_component_ref idref="oc-91"/>
      </symbol>
      <symbol id="sm-4ac">
         <name>__aeabi_memset8</name>
         <value>0x3477</value>
         <object_component_ref idref="oc-91"/>
      </symbol>
      <symbol id="sm-4ad">
         <name>__aeabi_memset4</name>
         <value>0x3477</value>
         <object_component_ref idref="oc-91"/>
      </symbol>
      <symbol id="sm-4ae">
         <name>__aeabi_memclr8</name>
         <value>0x3475</value>
         <object_component_ref idref="oc-91"/>
      </symbol>
      <symbol id="sm-4af">
         <name>__aeabi_memclr4</name>
         <value>0x3475</value>
         <object_component_ref idref="oc-91"/>
      </symbol>
      <symbol id="sm-4b0">
         <name>__aeabi_memclr</name>
         <value>0x3475</value>
         <object_component_ref idref="oc-91"/>
      </symbol>
      <symbol id="sm-4c7">
         <name>__aeabi_dsub</name>
         <value>0x23cd</value>
         <object_component_ref idref="oc-271"/>
      </symbol>
      <symbol id="sm-4c8">
         <name>__aeabi_dadd</name>
         <value>0x23d7</value>
         <object_component_ref idref="oc-271"/>
      </symbol>
      <symbol id="sm-4ea">
         <name>__aeabi_cdcmpeq</name>
         <value>0x32ed</value>
         <object_component_ref idref="oc-1c2"/>
      </symbol>
      <symbol id="sm-4eb">
         <name>__aeabi_cdcmple</name>
         <value>0x32ed</value>
         <object_component_ref idref="oc-1c2"/>
      </symbol>
      <symbol id="sm-4ec">
         <name>__aeabi_cdrcmple</name>
         <value>0x3373</value>
         <object_component_ref idref="oc-25c"/>
      </symbol>
      <symbol id="sm-500">
         <name>__aeabi_ddiv</name>
         <value>0x26c1</value>
         <object_component_ref idref="oc-257"/>
      </symbol>
      <symbol id="sm-50b">
         <name>__aeabi_dmul</name>
         <value>0x2b41</value>
         <object_component_ref idref="oc-252"/>
      </symbol>
      <symbol id="sm-515">
         <name>__aeabi_d2iz</name>
         <value>0x3be9</value>
         <object_component_ref idref="oc-261"/>
      </symbol>
      <symbol id="sm-51f">
         <name>__aeabi_i2d</name>
         <value>0x3efd</value>
         <object_component_ref idref="oc-26c"/>
      </symbol>
      <symbol id="sm-53a">
         <name>memcpy</name>
         <value>0x309b</value>
         <object_component_ref idref="oc-37"/>
      </symbol>
      <symbol id="sm-53b">
         <name>__aeabi_memcpy</name>
         <value>0x309b</value>
         <object_component_ref idref="oc-37"/>
      </symbol>
      <symbol id="sm-53c">
         <name>__aeabi_memcpy8</name>
         <value>0x309b</value>
         <object_component_ref idref="oc-37"/>
      </symbol>
      <symbol id="sm-53d">
         <name>__aeabi_memcpy4</name>
         <value>0x309b</value>
         <object_component_ref idref="oc-37"/>
      </symbol>
      <symbol id="sm-54f">
         <name>__TI_zero_init</name>
         <value>0x40c7</value>
         <object_component_ref idref="oc-49"/>
      </symbol>
      <symbol id="sm-566">
         <name>__TI_decompress_none</name>
         <value>0x40ab</value>
         <object_component_ref idref="oc-1a"/>
      </symbol>
      <symbol id="sm-589">
         <name>__TI_decompress_lzss</name>
         <value>0x36a5</value>
         <object_component_ref idref="oc-14"/>
      </symbol>
      <symbol id="sm-5af">
         <name>C$$EXIT</name>
         <value>0x40f1</value>
         <object_component_ref idref="oc-10c"/>
      </symbol>
      <symbol id="sm-5b0">
         <name>abort</name>
         <value>0x40f1</value>
         <object_component_ref idref="oc-10c"/>
      </symbol>
      <symbol id="sm-5b1">
         <name>__TI_dtors_ptr</name>
         <value>0x20000bb4</value>
         <object_component_ref idref="oc-190"/>
      </symbol>
      <symbol id="sm-5b2">
         <name>__TI_cleanup_ptr</name>
         <value>0x20000bb0</value>
         <object_component_ref idref="oc-190"/>
      </symbol>
      <symbol id="sm-5b3">
         <name>__TI_enable_exit_profile_output</name>
         <value>0x20000bb8</value>
         <object_component_ref idref="oc-190"/>
      </symbol>
      <symbol id="sm-5b4">
         <name>exit</name>
         <value>0x3ba1</value>
         <object_component_ref idref="oc-112"/>
      </symbol>
      <symbol id="sm-5c9">
         <name>_nop</name>
         <value>0xb33</value>
         <object_component_ref idref="oc-1fd"/>
      </symbol>
      <symbol id="sm-5ca">
         <name>_lock</name>
         <value>0x20000bbc</value>
         <object_component_ref idref="oc-156"/>
      </symbol>
      <symbol id="sm-5cb">
         <name>_unlock</name>
         <value>0x20000bc0</value>
         <object_component_ref idref="oc-156"/>
      </symbol>
      <symbol id="sm-5e1">
         <name>atoi</name>
         <value>0x3b55</value>
         <object_component_ref idref="oc-1b6"/>
      </symbol>
      <symbol id="sm-5ec">
         <name>_ctypes_</name>
         <value>0x40f4</value>
         <object_component_ref idref="oc-246"/>
      </symbol>
      <symbol id="sm-601">
         <name>__TI_tmpnams</name>
         <value>0x20000520</value>
      </symbol>
      <symbol id="sm-602">
         <name>__aeabi_stdout</name>
         <value>0x20000ba8</value>
         <object_component_ref idref="oc-3af"/>
      </symbol>
      <symbol id="sm-603">
         <name>__aeabi_stderr</name>
         <value>0x20000bac</value>
         <object_component_ref idref="oc-3af"/>
      </symbol>
      <symbol id="sm-604">
         <name>__aeabi_stdin</name>
         <value>0x20000ba4</value>
         <object_component_ref idref="oc-3af"/>
      </symbol>
      <symbol id="sm-605">
         <name>_ftable</name>
         <value>0x200009d0</value>
         <object_component_ref idref="oc-159"/>
      </symbol>
      <symbol id="sm-606">
         <name>__TI_ft_end</name>
         <value>0x20000ba0</value>
         <object_component_ref idref="oc-3af"/>
      </symbol>
      <symbol id="sm-615">
         <name>ltoa</name>
         <value>0x3a63</value>
         <object_component_ref idref="oc-266"/>
      </symbol>
      <symbol id="sm-625">
         <name>memccpy</name>
         <value>0x400d</value>
         <object_component_ref idref="oc-1df"/>
      </symbol>
      <symbol id="sm-635">
         <name>memchr</name>
         <value>0x3fd1</value>
         <object_component_ref idref="oc-2ce"/>
      </symbol>
      <symbol id="sm-6bc">
         <name>_sys_memory</name>
         <value>0x200005d0</value>
         <object_component_ref idref="oc-26"/>
      </symbol>
      <symbol id="sm-6bd">
         <name>free</name>
         <value>0x2e25</value>
         <object_component_ref idref="oc-360"/>
      </symbol>
      <symbol id="sm-6be">
         <name>memalign</name>
         <value>0x2d31</value>
         <object_component_ref idref="oc-3a2"/>
      </symbol>
      <symbol id="sm-6bf">
         <name>malloc</name>
         <value>0x40dd</value>
         <object_component_ref idref="oc-366"/>
      </symbol>
      <symbol id="sm-6c0">
         <name>aligned_alloc</name>
         <value>0x2d31</value>
         <object_component_ref idref="oc-3a2"/>
      </symbol>
      <symbol id="sm-6d0">
         <name>strchr</name>
         <value>0x405b</value>
         <object_component_ref idref="oc-29d"/>
      </symbol>
      <symbol id="sm-6de">
         <name>strlen</name>
         <value>0x4085</value>
         <object_component_ref idref="oc-1b0"/>
      </symbol>
      <symbol id="sm-6f8">
         <name>write</name>
         <value>0x3fa9</value>
         <object_component_ref idref="oc-2da"/>
      </symbol>
      <symbol id="sm-709">
         <name>_stream</name>
         <value>0x20000b38</value>
         <object_component_ref idref="oc-33e"/>
      </symbol>
      <symbol id="sm-70a">
         <name>_device</name>
         <value>0x20000ac0</value>
         <object_component_ref idref="oc-37f"/>
      </symbol>
      <symbol id="sm-71d">
         <name>__stack</name>
         <value>0x2000fe00</value>
         <object_component_ref idref="oc-29"/>
      </symbol>
      <symbol id="sm-71e">
         <name>_c_int00_noargs</name>
         <value>0x3e99</value>
         <object_component_ref idref="oc-55"/>
      </symbol>
      <symbol id="sm-734">
         <name>__aeabi_errno_addr</name>
         <value>0x40d5</value>
         <object_component_ref idref="oc-1eb"/>
      </symbol>
      <symbol id="sm-735">
         <name>errno</name>
         <value>0x20000bd4</value>
         <object_component_ref idref="oc-2ad"/>
      </symbol>
      <symbol id="sm-74e">
         <name>wcslen</name>
         <value>0x4099</value>
         <object_component_ref idref="oc-1e5"/>
      </symbol>
      <symbol id="sm-758">
         <name>copysign</name>
         <value>0x4029</value>
         <object_component_ref idref="oc-310"/>
      </symbol>
      <symbol id="sm-759">
         <name>copysignl</name>
         <value>0x4029</value>
         <object_component_ref idref="oc-310"/>
      </symbol>
      <symbol id="sm-769">
         <name>__TI_doflush</name>
         <value>0x3b09</value>
         <object_component_ref idref="oc-2d4"/>
      </symbol>
      <symbol id="sm-779">
         <name>__TI_cleanup</name>
         <value>0x3e31</value>
         <object_component_ref idref="oc-36c"/>
      </symbol>
      <symbol id="sm-78b">
         <name>fseek</name>
         <value>0x37d9</value>
         <object_component_ref idref="oc-32c"/>
      </symbol>
      <symbol id="sm-795">
         <name>__aeabi_idiv0</name>
         <value>0x2583</value>
         <object_component_ref idref="oc-2f7"/>
      </symbol>
      <symbol id="sm-796">
         <name>__aeabi_ldiv0</name>
         <value>0x2583</value>
         <object_component_ref idref="oc-2f7"/>
      </symbol>
      <symbol id="sm-7be">
         <name>__TI_auto_init_nobinit_nopinit</name>
         <value>0x3cb9</value>
         <object_component_ref idref="oc-118"/>
      </symbol>
      <symbol id="sm-7c8">
         <name>_system_pre_init</name>
         <value>0x40ed</value>
         <object_component_ref idref="oc-97"/>
      </symbol>
      <symbol id="sm-7db">
         <name>HOSTclose</name>
         <value>0x3c31</value>
         <object_component_ref idref="oc-3bb"/>
      </symbol>
      <symbol id="sm-7ec">
         <name>HOSTlseek</name>
         <value>0x35d5</value>
         <object_component_ref idref="oc-3cd"/>
      </symbol>
      <symbol id="sm-7fe">
         <name>parmbuf</name>
         <value>0x200005c0</value>
      </symbol>
      <symbol id="sm-7ff">
         <name>HOSTopen</name>
         <value>0x38a1</value>
         <object_component_ref idref="oc-3b5"/>
      </symbol>
      <symbol id="sm-810">
         <name>HOSTread</name>
         <value>0x395d</value>
         <object_component_ref idref="oc-3c1"/>
      </symbol>
      <symbol id="sm-821">
         <name>HOSTrename</name>
         <value>0x363d</value>
         <object_component_ref idref="oc-3d9"/>
      </symbol>
      <symbol id="sm-832">
         <name>HOSTunlink</name>
         <value>0x3c75</value>
         <object_component_ref idref="oc-3d3"/>
      </symbol>
      <symbol id="sm-843">
         <name>HOSTwrite</name>
         <value>0x39b5</value>
         <object_component_ref idref="oc-3c7"/>
      </symbol>
      <symbol id="sm-867">
         <name>__TI_readmsg</name>
         <value>0x3e65</value>
         <object_component_ref idref="oc-408"/>
      </symbol>
      <symbol id="sm-868">
         <name>C$$IO$$</name>
         <value>0x3def</value>
         <object_component_ref idref="oc-402"/>
      </symbol>
      <symbol id="sm-869">
         <name>__CIOBUF_</name>
         <value>0x20000200</value>
         <object_component_ref idref="oc-433"/>
      </symbol>
      <symbol id="sm-86a">
         <name>__TI_writemsg</name>
         <value>0x3dc1</value>
         <object_component_ref idref="oc-402"/>
      </symbol>
      <symbol id="sm-87b">
         <name>lseek</name>
         <value>0x3f81</value>
         <object_component_ref idref="oc-358"/>
      </symbol>
      <symbol id="sm-890">
         <name>__TI_closefile</name>
         <value>0x34f1</value>
         <object_component_ref idref="oc-3a9"/>
      </symbol>
      <symbol id="sm-8b3">
         <name>finddevice</name>
         <value>0x3ecd</value>
         <object_component_ref idref="oc-451"/>
      </symbol>
      <symbol id="sm-8b4">
         <name>getdevice</name>
         <value>0x3cfd</value>
         <object_component_ref idref="oc-429"/>
      </symbol>
      <symbol id="sm-8c3">
         <name>strcmp</name>
         <value>0x4043</value>
         <object_component_ref idref="oc-468"/>
      </symbol>
      <symbol id="sm-8d1">
         <name>strcpy</name>
         <value>0x4071</value>
         <object_component_ref idref="oc-41c"/>
      </symbol>
      <symbol id="sm-8e1">
         <name>strncpy</name>
         <value>0x3df9</value>
         <object_component_ref idref="oc-44b"/>
      </symbol>
      <symbol id="sm-8f6">
         <name>close</name>
         <value>0x3901</value>
         <object_component_ref idref="oc-3f1"/>
      </symbol>
      <symbol id="sm-906">
         <name>unlink</name>
         <value>0x3f2d</value>
         <object_component_ref idref="oc-3f7"/>
      </symbol>
      <symbol id="sm-907">
         <name>__TI_static_base__</name>
         <value>0x0</value>
      </symbol>
      <symbol id="sm-90a">
         <name>__mpu_init</name>
         <value>0x0</value>
      </symbol>
      <symbol id="sm-90b">
         <name>_system_post_cinit</name>
         <value>0x0</value>
      </symbol>
      <symbol id="sm-90c">
         <name>NMI_Handler</name>
         <value>0x40c5</value>
      </symbol>
      <symbol id="sm-90d">
         <name>HardFault_Handler</name>
         <value>0x40c5</value>
      </symbol>
      <symbol id="sm-90e">
         <name>MemManage_Handler</name>
         <value>0x40c5</value>
      </symbol>
      <symbol id="sm-90f">
         <name>BusFault_Handler</name>
         <value>0x40c5</value>
      </symbol>
      <symbol id="sm-910">
         <name>UsageFault_Handler</name>
         <value>0x40c5</value>
      </symbol>
      <symbol id="sm-911">
         <name>SVC_Handler</name>
         <value>0x40c5</value>
      </symbol>
      <symbol id="sm-912">
         <name>DebugMon_Handler</name>
         <value>0x40c5</value>
      </symbol>
      <symbol id="sm-913">
         <name>PendSV_Handler</name>
         <value>0x40c5</value>
      </symbol>
      <symbol id="sm-914">
         <name>SysTick_Handler</name>
         <value>0x18ef</value>
      </symbol>
      <symbol id="sm-915">
         <name>PSS_IRQHandler</name>
         <value>0x40c5</value>
      </symbol>
      <symbol id="sm-916">
         <name>CS_IRQHandler</name>
         <value>0x40c5</value>
      </symbol>
      <symbol id="sm-917">
         <name>PCM_IRQHandler</name>
         <value>0x40c5</value>
      </symbol>
      <symbol id="sm-918">
         <name>WDT_A_IRQHandler</name>
         <value>0x40c5</value>
      </symbol>
      <symbol id="sm-919">
         <name>FPU_IRQHandler</name>
         <value>0x40c5</value>
      </symbol>
      <symbol id="sm-91a">
         <name>FLCTL_IRQHandler</name>
         <value>0x40c5</value>
      </symbol>
      <symbol id="sm-91b">
         <name>COMP_E0_IRQHandler</name>
         <value>0x40c5</value>
      </symbol>
      <symbol id="sm-91c">
         <name>COMP_E1_IRQHandler</name>
         <value>0x40c5</value>
      </symbol>
      <symbol id="sm-91d">
         <name>TA0_0_IRQHandler</name>
         <value>0x40c5</value>
      </symbol>
      <symbol id="sm-91e">
         <name>TA0_N_IRQHandler</name>
         <value>0x40c5</value>
      </symbol>
      <symbol id="sm-91f">
         <name>TA1_0_IRQHandler</name>
         <value>0x40c5</value>
      </symbol>
      <symbol id="sm-920">
         <name>TA1_N_IRQHandler</name>
         <value>0x40c5</value>
      </symbol>
      <symbol id="sm-921">
         <name>TA2_0_IRQHandler</name>
         <value>0x40c5</value>
      </symbol>
      <symbol id="sm-922">
         <name>TA2_N_IRQHandler</name>
         <value>0x40c5</value>
      </symbol>
      <symbol id="sm-923">
         <name>TA3_0_IRQHandler</name>
         <value>0x40c5</value>
      </symbol>
      <symbol id="sm-924">
         <name>TA3_N_IRQHandler</name>
         <value>0x40c5</value>
      </symbol>
      <symbol id="sm-925">
         <name>EUSCIA0_IRQHandler</name>
         <value>0x40c5</value>
      </symbol>
      <symbol id="sm-926">
         <name>EUSCIA1_IRQHandler</name>
         <value>0x40c5</value>
      </symbol>
      <symbol id="sm-927">
         <name>EUSCIA2_IRQHandler</name>
         <value>0x40c5</value>
      </symbol>
      <symbol id="sm-928">
         <name>EUSCIA3_IRQHandler</name>
         <value>0x40c5</value>
      </symbol>
      <symbol id="sm-929">
         <name>EUSCIB0_IRQHandler</name>
         <value>0x40c5</value>
      </symbol>
      <symbol id="sm-92a">
         <name>EUSCIB1_IRQHandler</name>
         <value>0x40c5</value>
      </symbol>
      <symbol id="sm-92b">
         <name>EUSCIB2_IRQHandler</name>
         <value>0x40c5</value>
      </symbol>
      <symbol id="sm-92c">
         <name>EUSCIB3_IRQHandler</name>
         <value>0x40c5</value>
      </symbol>
      <symbol id="sm-92d">
         <name>ADC14_IRQHandler</name>
         <value>0x40c5</value>
      </symbol>
      <symbol id="sm-92e">
         <name>T32_INT1_IRQHandler</name>
         <value>0x40c5</value>
      </symbol>
      <symbol id="sm-92f">
         <name>T32_INT2_IRQHandler</name>
         <value>0x40c5</value>
      </symbol>
      <symbol id="sm-930">
         <name>T32_INTC_IRQHandler</name>
         <value>0x40c5</value>
      </symbol>
      <symbol id="sm-931">
         <name>AES256_IRQHandler</name>
         <value>0x40c5</value>
      </symbol>
      <symbol id="sm-932">
         <name>RTC_C_IRQHandler</name>
         <value>0x40c5</value>
      </symbol>
      <symbol id="sm-933">
         <name>DMA_ERR_IRQHandler</name>
         <value>0x40c5</value>
      </symbol>
      <symbol id="sm-934">
         <name>DMA_INT3_IRQHandler</name>
         <value>0x40c5</value>
      </symbol>
      <symbol id="sm-935">
         <name>DMA_INT2_IRQHandler</name>
         <value>0x40c5</value>
      </symbol>
      <symbol id="sm-936">
         <name>DMA_INT1_IRQHandler</name>
         <value>0x40c5</value>
      </symbol>
      <symbol id="sm-937">
         <name>DMA_INT0_IRQHandler</name>
         <value>0x40c5</value>
      </symbol>
      <symbol id="sm-938">
         <name>PORT1_IRQHandler</name>
         <value>0x40c5</value>
      </symbol>
      <symbol id="sm-939">
         <name>PORT2_IRQHandler</name>
         <value>0x40c5</value>
      </symbol>
      <symbol id="sm-93a">
         <name>PORT3_IRQHandler</name>
         <value>0x40c5</value>
      </symbol>
      <symbol id="sm-93b">
         <name>PORT4_IRQHandler</name>
         <value>0x40c5</value>
      </symbol>
      <symbol id="sm-93c">
         <name>PORT5_IRQHandler</name>
         <value>0x40c5</value>
      </symbol>
      <symbol id="sm-93d">
         <name>PORT6_IRQHandler</name>
         <value>0x40c5</value>
      </symbol>
      <symbol id="sm-93e">
         <name>remove</name>
         <value>0x3f2d</value>
      </symbol>
   </symbol_table>
   <title>Link successful</title>
</link_info>
