******************************************************************************
                  TI ARM Linker PC v18.12.2                    
******************************************************************************
>> Linked Wed Dec  4 10:57:48 2019

OUTPUT FILE NAME:   <Lab10_Debug.out>
ENTRY POINT SYMBOL: "_c_int00_noargs"  address: 000019e1


MEMORY CONFIGURATION

         name            origin    length      used     unused   attr    fill
----------------------  --------  ---------  --------  --------  ----  --------
  MAIN                  00000000   00040000  00001ae0  0003e520  R  X
  INFO                  00200000   00004000  00000000  00004000  R  X
  SRAM_CODE             01000000   00010000  0000026d  0000fd93  RW X
  SRAM_DATA             20000000   00010000  0000026d  0000fd93  RW  


SEGMENT ALLOCATION MAP

run origin  load origin   length   init length attrs members
----------  ----------- ---------- ----------- ----- -------
00000000    00000000    00001ae0   00001ae0    r-x
  00000000    00000000    000000e4   000000e4    r-- .intvecs
  000000e4    000000e4    00001994   00001994    r-x .text
  00001a78    00001a78    00000020   00000020    r-- .const
  00001a98    00001a98    00000048   00000048    r-- .cinit
20000000    20000000    0000006d   00000000    rw-
  20000000    20000000    0000004c   00000000    rw- .data
  2000004c    2000004c    00000021   00000000    rw- .bss
2000fe00    2000fe00    00000200   00000000    rw-
  2000fe00    2000fe00    00000200   00000000    rw- .stack


SECTION ALLOCATION MAP

 output                                  attributes/
section   page    origin      length       input sections
--------  ----  ----------  ----------   ----------------
.intvecs   0    00000000    000000e4     
                  00000000    000000e4     startup_msp432p401r_ccs.obj (.intvecs:retain)

.text      0    000000e4    00001994     
                  000000e4    00000630     TExaS.obj (.text)
                  00000714    000003c4     Lab10_Debugmain.obj (.text)
                  00000ad8    0000032c     system_msp432p401r.obj (.text)
                  00000e04    00000274     Reflectance.obj (.text)
                  00001078    00000228     PWM.obj (.text)
                  000012a0    000001e0     Clock.obj (.text)
                  00001480    000001a8     Motor.obj (.text)
                  00001628    000000f4     LaunchPad.obj (.text)
                  0000171c    000000a8     TimerA1.obj (.text)
                  000017c4    0000009c     rtsv7M4_T_le_v4SPD16_eabi.lib : memcpy_t2.asm.obj (.text)
                  00001860    00000094     Bump.obj (.text)
                  000018f4    00000068     rtsv7M4_T_le_v4SPD16_eabi.lib : copy_decompress_lzss.c.obj (.text:decompress:lzss:__TI_decompress_lzss)
                  0000195c    00000044                                   : autoinit.c.obj (.text:__TI_auto_init_nobinit_nopinit:__TI_auto_init_nobinit_nopinit)
                  000019a0    00000040     SysTickInts.obj (.text)
                  000019e0    00000034     rtsv7M4_T_le_v4SPD16_eabi.lib : boot_cortex_m.c.obj (.text:_c_int00_noargs:_c_int00_noargs)
                  00001a14    00000024     CortexM.obj (.text)
                  00001a38    0000001c     rtsv7M4_T_le_v4SPD16_eabi.lib : copy_zero_init.c.obj (.text:decompress:ZI:__TI_zero_init_nomemset:__TI_zero_init_nomemset)
                  00001a54    0000000e                                   : copy_decompress_none.c.obj (.text:decompress:none:__TI_decompress_none)
                  00001a62    0000000e     startup_msp432p401r_ccs.obj (.text)
                  00001a70    00000004     rtsv7M4_T_le_v4SPD16_eabi.lib : pre_init.c.obj (.text:_system_pre_init)
                  00001a74    00000004                                   : exit.c.obj (.text:abort:abort)

.const     0    00001a78    00000020     
                  00001a78    00000020     Reflectance.obj (.const:$P$T0$1)

.cinit     0    00001a98    00000048     
                  00001a98    00000022     (.cinit..data.load) [load image, compression = lzss]
                  00001aba    00000002     --HOLE-- [fill = 0]
                  00001abc    0000000c     (__TI_handler_table)
                  00001ac8    00000008     (.cinit..bss.load) [load image, compression = zero_init]
                  00001ad0    00000010     (__TI_cinit_table)

.init_array 
*          0    00000000    00000000     UNINITIALIZED

.binit     0    00000000    00000000     

.data      0    20000000    0000004c     UNINITIALIZED
                  20000000    00000024     Lab10_Debugmain.obj (.data)
                  20000024    00000018     Clock.obj (.data)
                  2000003c    0000000c     TExaS.obj (.data)
                  20000048    00000004     system_msp432p401r.obj (.data)

.bss       0    2000004c    00000021     UNINITIALIZED
                  2000004c    0000000c     (.common:IRData)
                  20000058    0000000c     (.common:previous)
                  20000064    00000004     (.common:PeriodicTask2)
                  20000068    00000004     (.common:TimerA1Task)
                  2000006c    00000001     (.common:LogicData)

.stack     0    2000fe00    00000200     UNINITIALIZED
                  2000fe00    00000004     rtsv7M4_T_le_v4SPD16_eabi.lib : boot_cortex_m.c.obj (.stack)
                  2000fe04    000001fc     --HOLE--

MODULE SUMMARY

       Module                        code   ro data   rw data
       ------                        ----   -------   -------
    .\
       TExaS.obj                     1584   0         34     
       Lab10_Debugmain.obj           964    0         120    
       system_msp432p401r.obj        812    0         8      
       Reflectance.obj               628    32        0      
       PWM.obj                       552    0         0      
       Clock.obj                     480    0         48     
       Motor.obj                     424    0         0      
       LaunchPad.obj                 244    0         0      
       startup_msp432p401r_ccs.obj   14     228       0      
       TimerA1.obj                   168    0         8      
       Bump.obj                      148    0         0      
       SysTickInts.obj               64     0         0      
       CortexM.obj                   36     0         0      
    +--+-----------------------------+------+---------+---------+
       Total:                        6118   260       218    
                                                             
    C:\ti\ccs910\ccs\tools\compiler\ti-cgt-arm_18.12.2.LTS\lib\rtsv7M4_T_le_v4SPD16_eabi.lib
       memcpy_t2.asm.obj             156    0         0      
       copy_decompress_lzss.c.obj    104    0         0      
       autoinit.c.obj                68     0         0      
       boot_cortex_m.c.obj           52     0         0      
       copy_zero_init.c.obj          28     0         0      
       copy_decompress_none.c.obj    14     0         0      
       exit.c.obj                    4      0         0      
       pre_init.c.obj                4      0         0      
    +--+-----------------------------+------+---------+---------+
       Total:                        430    0         0      
                                                             
       Stack:                        0      0         1024   
       Linker Generated:             0      70        0      
    +--+-----------------------------+------+---------+---------+
       Grand Total:                  6548   330       1242   


LINKER GENERATED COPY TABLES

__TI_cinit_table @ 00001ad0 records: 2, size/record: 8, table size: 16
	.data: load addr=00001a98, load size=00000022 bytes, run addr=20000000, run size=0000004c bytes, compression=lzss
	.bss: load addr=00001ac8, load size=00000008 bytes, run addr=2000004c, run size=00000021 bytes, compression=zero_init


LINKER GENERATED HANDLER TABLE

__TI_handler_table @ 00001abc records: 3, size/record: 4, table size: 12
	index: 0, handler: __TI_decompress_lzss
	index: 1, handler: __TI_decompress_none
	index: 2, handler: __TI_zero_init


GLOBAL SYMBOLS: SORTED ALPHABETICALLY BY Name 

address   name                          
-------   ----                          
00001a6f  ADC14_IRQHandler              
00000475  ADC_Init                      
00001a6f  AES256_IRQHandler             
00001861  Bump_Init                     
00001895  Bump_Read                     
00001a6f  BusFault_Handler              
00001a75  C$$EXIT                       
00001a6f  COMP_E0_IRQHandler            
00001a6f  COMP_E1_IRQHandler            
2000002c  CPMwait                       
00001a6f  CS_IRQHandler                 
20000024  ClockFrequency                
000013f5  Clock_Delay1ms                
000013cb  Clock_Delay1us                
000013b7  Clock_GetFreq                 
000012a1  Clock_Init48MHz               
20000038  Crystalstable                 
00001a6f  DMA_ERR_IRQHandler            
00001a6f  DMA_INT0_IRQHandler           
00001a6f  DMA_INT1_IRQHandler           
00001a6f  DMA_INT2_IRQHandler           
00001a6f  DMA_INT3_IRQHandler           
00001a6f  DebugMon_Handler              
00001a6f  Default_Handler               
00001a15  DisableInterrupts             
00001a6f  EUSCIA0_IRQHandler            
00001a6f  EUSCIA1_IRQHandler            
00001a6f  EUSCIA2_IRQHandler            
00001a6f  EUSCIA3_IRQHandler            
00001a6f  EUSCIB0_IRQHandler            
00001a6f  EUSCIB1_IRQHandler            
00001a6f  EUSCIB2_IRQHandler            
00001a6f  EUSCIB3_IRQHandler            
00001a1b  EnableInterrupts              
00001a2b  EndCritical                   
00001a6f  FLCTL_IRQHandler              
00001a6f  FPU_IRQHandler                
00001a6f  HardFault_Handler             
20000034  IFlags                        
2000004c  IRData                        
20000004  IRavg                         
00001629  LaunchPad_Init                
00001699  LaunchPad_Input               
000016b3  LaunchPad_LED                 
000016d1  LaunchPad_Output              
000000e5  LogicAnalyzer                 
000000ef  LogicAnalyzer_P1              
000001c5  LogicAnalyzer_P10             
000000fd  LogicAnalyzer_P2              
0000010b  LogicAnalyzer_P2_7654         
0000011b  LogicAnalyzer_P3              
00000129  LogicAnalyzer_P4              
00000147  LogicAnalyzer_P4_765320       
00000137  LogicAnalyzer_P4_765432       
0000017f  LogicAnalyzer_P5              
0000018d  LogicAnalyzer_P6              
0000019b  LogicAnalyzer_P7              
000001a9  LogicAnalyzer_P8              
000001b7  LogicAnalyzer_P9              
2000006c  LogicData                     
00001a6f  MemManage_Handler             
000015c7  Motor_Backward                
00001523  Motor_Forward                 
00001481  Motor_Init                    
0000158d  Motor_Left                    
00001553  Motor_Right                   
000014f5  Motor_Stop                    
00001a6f  NMI_Handler                   
00001a6f  PCM_IRQHandler                
00001a6f  PORT1_IRQHandler              
00001a6f  PORT2_IRQHandler              
00001a6f  PORT3_IRQHandler              
00001a6f  PORT4_IRQHandler              
00001a6f  PORT5_IRQHandler              
00001a6f  PORT6_IRQHandler              
00001a6f  PSS_IRQHandler                
00001163  PWM_Duty1                     
00001183  PWM_Duty2                     
00001227  PWM_Duty3                     
00001247  PWM_Duty4                     
00001079  PWM_Init1                     
000010df  PWM_Init12                    
000011a3  PWM_Init34                    
00001a6f  PendSV_Handler                
20000064  PeriodicTask2                 
00000257  PeriodicTask2_Init            
000002d1  PeriodicTask2_Stop            
20000030  Postwait                      
20000028  Prewait                       
00001a6f  RTC_C_IRQHandler              
00000eb1  Reflectance_Center            
00001013  Reflectance_End               
00000e05  Reflectance_Init              
00000f23  Reflectance_Position          
00000e75  Reflectance_Read              
00000fd7  Reflectance_Start             
00001a63  Reset_Handler                 
00001a6f  SVC_Handler                   
000001d3  Scope                         
00001a21  StartCritical                 
00000735  SysTick_Handler               
00000735  SysTick_Handler               
000019a1  SysTick_Init                  
20000048  SystemCoreClock               
00000ad9  SystemCoreClockUpdate         
00000d4d  SystemInit                    
000002c1  T32_INT1_IRQHandler           
000002c1  T32_INT1_IRQHandler           
00001a6f  T32_INT2_IRQHandler           
00001a6f  T32_INTC_IRQHandler           
00001a6f  TA0_0_IRQHandler              
00001a6f  TA0_N_IRQHandler              
0000178f  TA1_0_IRQHandler              
0000178f  TA1_0_IRQHandler              
00001a6f  TA1_N_IRQHandler              
00001a6f  TA2_0_IRQHandler              
00001a6f  TA2_N_IRQHandler              
00001a6f  TA3_0_IRQHandler              
00001a6f  TA3_N_IRQHandler              
00000413  TExaS_Clear0                  
0000041f  TExaS_Clear1                  
0000042b  TExaS_Clear2                  
00000437  TExaS_Clear3                  
00000443  TExaS_Clear4                  
00000445  TExaS_Clear5                  
00000451  TExaS_Clear6                  
00000551  TExaS_Init                    
20000040  TExaS_ScopeErrConflict        
2000003c  TExaS_ScopeErrLostData        
20000044  TExaS_ScopeWrnReconfig        
000003b1  TExaS_Set                     
000003c9  TExaS_Set0                    
000003d5  TExaS_Set1                    
000003e1  TExaS_Set2                    
000003ed  TExaS_Set3                    
000003f9  TExaS_Set4                    
000003fb  TExaS_Set5                    
00000407  TExaS_Set6                    
000006b1  TExaS_Stop                    
00000367  TExaS_Task0                   
00000373  TExaS_Task1                   
0000037f  TExaS_Task2                   
0000038b  TExaS_Task3                   
00000397  TExaS_Task4                   
00000399  TExaS_Task5                   
000003a5  TExaS_Task6                   
00000715  TimedPause                    
20000068  TimerA1Task                   
0000171d  TimerA1_Init                  
0000177b  TimerA1_Stop                  
0000033b  UART_InChar                   
000002e1  UART_Init                     
0000034b  UART_OutChar                  
00001a6f  UsageFault_Handler            
4000480c  WDTCTL_SYM                    
00001a6f  WDT_A_IRQHandler              
00001a33  WaitForInterrupt              
20010000  __STACK_END                   
00000200  __STACK_SIZE                  
00001ad0  __TI_CINIT_Base               
00001ae0  __TI_CINIT_Limit              
00001abc  __TI_Handler_Table_Base       
00001ac8  __TI_Handler_Table_Limit      
0000195d  __TI_auto_init_nobinit_nopinit
000018f5  __TI_decompress_lzss          
00001a55  __TI_decompress_none          
ffffffff  __TI_pprof_out_hndl           
ffffffff  __TI_prof_data_size           
ffffffff  __TI_prof_data_start          
00000000  __TI_static_base__            
00001a39  __TI_zero_init_nomemset       
000017c5  __aeabi_memcpy                
000017c5  __aeabi_memcpy4               
000017c5  __aeabi_memcpy8               
ffffffff  __binit__                     
ffffffff  __c_args__                    
UNDEFED   __mpu_init                    
2000fe00  __stack                       
000019e1  _c_int00_noargs               
UNDEFED   _system_post_cinit            
00001a71  _system_pre_init              
00001a75  abort                         
20000010  adjust                        
00000811  average                       
ffffffff  binit                         
000007d1  bufferInit                    
00000781  collision                     
2000001c  count                         
000013bd  delay                         
20000008  i                             
00000000  interruptVectors              
20000000  interrupt_count               
20000009  j                             
000008a1  left                          
000008f1  main                          
2000000c  max                           
000017c5  memcpy                        
20000058  previous                      
0000085b  right                         
20000020  treasureFound                 
20000014  turn                          
20000018  wayOff                        


GLOBAL SYMBOLS: SORTED BY Symbol Address 

address   name                          
-------   ----                          
00000000  __TI_static_base__            
00000000  interruptVectors              
000000e5  LogicAnalyzer                 
000000ef  LogicAnalyzer_P1              
000000fd  LogicAnalyzer_P2              
0000010b  LogicAnalyzer_P2_7654         
0000011b  LogicAnalyzer_P3              
00000129  LogicAnalyzer_P4              
00000137  LogicAnalyzer_P4_765432       
00000147  LogicAnalyzer_P4_765320       
0000017f  LogicAnalyzer_P5              
0000018d  LogicAnalyzer_P6              
0000019b  LogicAnalyzer_P7              
000001a9  LogicAnalyzer_P8              
000001b7  LogicAnalyzer_P9              
000001c5  LogicAnalyzer_P10             
000001d3  Scope                         
00000200  __STACK_SIZE                  
00000257  PeriodicTask2_Init            
000002c1  T32_INT1_IRQHandler           
000002c1  T32_INT1_IRQHandler           
000002d1  PeriodicTask2_Stop            
000002e1  UART_Init                     
0000033b  UART_InChar                   
0000034b  UART_OutChar                  
00000367  TExaS_Task0                   
00000373  TExaS_Task1                   
0000037f  TExaS_Task2                   
0000038b  TExaS_Task3                   
00000397  TExaS_Task4                   
00000399  TExaS_Task5                   
000003a5  TExaS_Task6                   
000003b1  TExaS_Set                     
000003c9  TExaS_Set0                    
000003d5  TExaS_Set1                    
000003e1  TExaS_Set2                    
000003ed  TExaS_Set3                    
000003f9  TExaS_Set4                    
000003fb  TExaS_Set5                    
00000407  TExaS_Set6                    
00000413  TExaS_Clear0                  
0000041f  TExaS_Clear1                  
0000042b  TExaS_Clear2                  
00000437  TExaS_Clear3                  
00000443  TExaS_Clear4                  
00000445  TExaS_Clear5                  
00000451  TExaS_Clear6                  
00000475  ADC_Init                      
00000551  TExaS_Init                    
000006b1  TExaS_Stop                    
00000715  TimedPause                    
00000735  SysTick_Handler               
00000735  SysTick_Handler               
00000781  collision                     
000007d1  bufferInit                    
00000811  average                       
0000085b  right                         
000008a1  left                          
000008f1  main                          
00000ad9  SystemCoreClockUpdate         
00000d4d  SystemInit                    
00000e05  Reflectance_Init              
00000e75  Reflectance_Read              
00000eb1  Reflectance_Center            
00000f23  Reflectance_Position          
00000fd7  Reflectance_Start             
00001013  Reflectance_End               
00001079  PWM_Init1                     
000010df  PWM_Init12                    
00001163  PWM_Duty1                     
00001183  PWM_Duty2                     
000011a3  PWM_Init34                    
00001227  PWM_Duty3                     
00001247  PWM_Duty4                     
000012a1  Clock_Init48MHz               
000013b7  Clock_GetFreq                 
000013bd  delay                         
000013cb  Clock_Delay1us                
000013f5  Clock_Delay1ms                
00001481  Motor_Init                    
000014f5  Motor_Stop                    
00001523  Motor_Forward                 
00001553  Motor_Right                   
0000158d  Motor_Left                    
000015c7  Motor_Backward                
00001629  LaunchPad_Init                
00001699  LaunchPad_Input               
000016b3  LaunchPad_LED                 
000016d1  LaunchPad_Output              
0000171d  TimerA1_Init                  
0000177b  TimerA1_Stop                  
0000178f  TA1_0_IRQHandler              
0000178f  TA1_0_IRQHandler              
000017c5  __aeabi_memcpy                
000017c5  __aeabi_memcpy4               
000017c5  __aeabi_memcpy8               
000017c5  memcpy                        
00001861  Bump_Init                     
00001895  Bump_Read                     
000018f5  __TI_decompress_lzss          
0000195d  __TI_auto_init_nobinit_nopinit
000019a1  SysTick_Init                  
000019e1  _c_int00_noargs               
00001a15  DisableInterrupts             
00001a1b  EnableInterrupts              
00001a21  StartCritical                 
00001a2b  EndCritical                   
00001a33  WaitForInterrupt              
00001a39  __TI_zero_init_nomemset       
00001a55  __TI_decompress_none          
00001a63  Reset_Handler                 
00001a6f  ADC14_IRQHandler              
00001a6f  AES256_IRQHandler             
00001a6f  BusFault_Handler              
00001a6f  COMP_E0_IRQHandler            
00001a6f  COMP_E1_IRQHandler            
00001a6f  CS_IRQHandler                 
00001a6f  DMA_ERR_IRQHandler            
00001a6f  DMA_INT0_IRQHandler           
00001a6f  DMA_INT1_IRQHandler           
00001a6f  DMA_INT2_IRQHandler           
00001a6f  DMA_INT3_IRQHandler           
00001a6f  DebugMon_Handler              
00001a6f  Default_Handler               
00001a6f  EUSCIA0_IRQHandler            
00001a6f  EUSCIA1_IRQHandler            
00001a6f  EUSCIA2_IRQHandler            
00001a6f  EUSCIA3_IRQHandler            
00001a6f  EUSCIB0_IRQHandler            
00001a6f  EUSCIB1_IRQHandler            
00001a6f  EUSCIB2_IRQHandler            
00001a6f  EUSCIB3_IRQHandler            
00001a6f  FLCTL_IRQHandler              
00001a6f  FPU_IRQHandler                
00001a6f  HardFault_Handler             
00001a6f  MemManage_Handler             
00001a6f  NMI_Handler                   
00001a6f  PCM_IRQHandler                
00001a6f  PORT1_IRQHandler              
00001a6f  PORT2_IRQHandler              
00001a6f  PORT3_IRQHandler              
00001a6f  PORT4_IRQHandler              
00001a6f  PORT5_IRQHandler              
00001a6f  PORT6_IRQHandler              
00001a6f  PSS_IRQHandler                
00001a6f  PendSV_Handler                
00001a6f  RTC_C_IRQHandler              
00001a6f  SVC_Handler                   
00001a6f  T32_INT2_IRQHandler           
00001a6f  T32_INTC_IRQHandler           
00001a6f  TA0_0_IRQHandler              
00001a6f  TA0_N_IRQHandler              
00001a6f  TA1_N_IRQHandler              
00001a6f  TA2_0_IRQHandler              
00001a6f  TA2_N_IRQHandler              
00001a6f  TA3_0_IRQHandler              
00001a6f  TA3_N_IRQHandler              
00001a6f  UsageFault_Handler            
00001a6f  WDT_A_IRQHandler              
00001a71  _system_pre_init              
00001a75  C$$EXIT                       
00001a75  abort                         
00001abc  __TI_Handler_Table_Base       
00001ac8  __TI_Handler_Table_Limit      
00001ad0  __TI_CINIT_Base               
00001ae0  __TI_CINIT_Limit              
20000000  interrupt_count               
20000004  IRavg                         
20000008  i                             
20000009  j                             
2000000c  max                           
20000010  adjust                        
20000014  turn                          
20000018  wayOff                        
2000001c  count                         
20000020  treasureFound                 
20000024  ClockFrequency                
20000028  Prewait                       
2000002c  CPMwait                       
20000030  Postwait                      
20000034  IFlags                        
20000038  Crystalstable                 
2000003c  TExaS_ScopeErrLostData        
20000040  TExaS_ScopeErrConflict        
20000044  TExaS_ScopeWrnReconfig        
20000048  SystemCoreClock               
2000004c  IRData                        
20000058  previous                      
20000064  PeriodicTask2                 
20000068  TimerA1Task                   
2000006c  LogicData                     
2000fe00  __stack                       
20010000  __STACK_END                   
4000480c  WDTCTL_SYM                    
ffffffff  __TI_pprof_out_hndl           
ffffffff  __TI_prof_data_size           
ffffffff  __TI_prof_data_start          
ffffffff  __binit__                     
ffffffff  __c_args__                    
ffffffff  binit                         
UNDEFED   __mpu_init                    
UNDEFED   _system_post_cinit            

[202 symbols]
