******************************************************************************
                  TI ARM Linker PC v18.12.2                    
******************************************************************************
>> Linked Wed Nov  6 15:12:30 2019

OUTPUT FILE NAME:   <Lab10_Debug.out>
ENTRY POINT SYMBOL: "_c_int00_noargs"  address: 00003e99


MEMORY CONFIGURATION

         name            origin    length      used     unused   attr    fill
----------------------  --------  ---------  --------  --------  ----  --------
  MAIN                  00000000   00040000  000042b0  0003bd50  R  X
  INFO                  00200000   00004000  00000000  00004000  R  X
  SRAM_CODE             01000000   00010000  00000dd8  0000f228  RW X
  SRAM_DATA             20000000   00010000  00000dd8  0000f228  RW  


SEGMENT ALLOCATION MAP

run origin  load origin   length   init length attrs members
----------  ----------- ---------- ----------- ----- -------
00000000    00000000    000042b0   000042b0    r-x
  00000000    00000000    000000e4   000000e4    r-- .intvecs
  000000e4    000000e4    00004010   00004010    r-x .text
  000040f4    000040f4    00000124   00000124    r-- .const
  00004218    00004218    00000098   00000098    r-- .cinit
20000000    20000000    00000bdc   00000000    rw-
  20000000    20000000    000005cc   00000000    rw- .bss
  200005d0    200005d0    00000400   00000000    rw- .sysmem
  200009d0    200009d0    0000020c   00000000    rw- .data
2000fe00    2000fe00    00000200   00000000    rw-
  2000fe00    2000fe00    00000200   00000000    rw- .stack


SECTION ALLOCATION MAP

 output                                  attributes/
section   page    origin      length       input sections
--------  ----  ----------  ----------   ----------------
.intvecs   0    00000000    000000e4     
                  00000000    000000e4     startup_msp432p401r_ccs.obj (.intvecs:retain)

.text      0    000000e4    00004010     
                  000000e4    00000a4e     rtsv7M4_T_le_v4SPD16_eabi.lib : _printfi.c.obj (.text:__TI_printfi)
                  00000b32    00000002                                   : _lock.c.obj (.text:_nop)
                  00000b34    000009e8     FlashProgram.obj (.text)
                  0000151c    0000032c     system_msp432p401r.obj (.text)
                  00001848    00000308     Lab10_Debugmain.obj (.text)
                  00001b50    00000270     rtsv7M4_T_le_v4SPD16_eabi.lib : _printfi.c.obj (.text:_pconv_a)
                  00001dc0    0000025c     Reflectance.obj (.text)
                  0000201c    000001e0     Clock.obj (.text)
                  000021fc    000001d0     rtsv7M4_T_le_v4SPD16_eabi.lib : _printfi.c.obj (.text:_pconv_g)
                  000023cc    000001b6                                   : fd_add_t2.asm.obj (.text)
                  00002582    00000002                                   : div0.asm.obj (.text)
                  00002584    0000013c                                   : _printfi.c.obj (.text:_pconv_e)
                  000026c0    00000136                                   : fd_div_t2.asm.obj (.text)
                  000027f6    00000002     --HOLE-- [fill = 0]
                  000027f8    00000124                                   : _printfi.c.obj (.text:fcvt)
                  0000291c    00000114                                   : fputs.c.obj (.text:fputs)
                  00002a30    00000110                                   : s_scalbn.c.obj (.text:scalbn)
                  00002b40    000000fc                                   : fd_mul_t2.asm.obj (.text)
                  00002c3c    000000f4     LaunchPad.obj (.text)
                  00002d30    000000f4     rtsv7M4_T_le_v4SPD16_eabi.lib : memory.c.obj (.text:aligned_alloc)
                  00002e24    000000e8                                   : memory.c.obj (.text:free)
                  00002f0c    000000dc                                   : setvbuf.c.obj (.text:setvbuf)
                  00002fe8    000000b1                                   : _printfi.c.obj (.text:_ltostr)
                  00003099    00000001     --HOLE-- [fill = 0]
                  0000309a    0000009c                                   : memcpy_t2.asm.obj (.text)
                  00003136    00000096                                   : ull_div_t2.asm.obj (.text)
                  000031cc    00000094     Bump.obj (.text)
                  00003260    0000008c     rtsv7M4_T_le_v4SPD16_eabi.lib : fputc.c.obj (.text:fputc)
                  000032ec    00000086                                   : fd_cmp_t2.asm.obj (.text:__aeabi_cdcmple)
                  00003372    00000086                                   : fd_cmp_t2.asm.obj (.text:__aeabi_cdrcmple)
                  000033f8    0000007c                                   : memory.c.obj (.text:split)
                  00003474    0000007a                                   : memset_t2.asm.obj (.text)
                  000034ee    00000002     --HOLE-- [fill = 0]
                  000034f0    00000074                                   : fclose.c.obj (.text:__TI_closefile)
                  00003564    0000006e                                   : _printfi.c.obj (.text:_mcpy)
                  000035d2    00000002     --HOLE-- [fill = 0]
                  000035d4    00000068                                   : hostlseek.c.obj (.text:HOSTlseek)
                  0000363c    00000068                                   : hostrename.c.obj (.text:HOSTrename)
                  000036a4    00000068                                   : copy_decompress_lzss.c.obj (.text:decompress:lzss:__TI_decompress_lzss)
                  0000370c    00000068                                   : printf.c.obj (.text:printf)
                  00003774    00000064                                   : s_frexp.c.obj (.text:frexp)
                  000037d8    00000064                                   : fseek.c.obj (.text:fseek)
                  0000383c    00000062                                   : _io_perm.c.obj (.text:__TI_wrt_ok)
                  0000389e    00000002     --HOLE-- [fill = 0]
                  000038a0    00000060                                   : hostopen.c.obj (.text:HOSTopen)
                  00003900    0000005c                                   : close.c.obj (.text:close)
                  0000395c    00000058                                   : hostread.c.obj (.text:HOSTread)
                  000039b4    00000058                                   : hostwrite.c.obj (.text:HOSTwrite)
                  00003a0c    00000056                                   : _printfi.c.obj (.text:_pconv_f)
                  00003a62    00000054                                   : ltoa.c.obj (.text:ltoa)
                  00003ab6    00000052                                   : _printfi.c.obj (.text:_ecpy)
                  00003b08    0000004c                                   : fflush.c.obj (.text:__TI_doflush)
                  00003b54    0000004c                                   : atoi.c.obj (.text:atoi)
                  00003ba0    00000048                                   : exit.c.obj (.text:exit)
                  00003be8    00000048                                   : fd_toi_t2.asm.obj (.text)
                  00003c30    00000044                                   : hostclose.c.obj (.text:HOSTclose)
                  00003c74    00000044                                   : hostunlink.c.obj (.text:HOSTunlink)
                  00003cb8    00000044                                   : autoinit.c.obj (.text:__TI_auto_init_nobinit_nopinit:__TI_auto_init_nobinit_nopinit)
                  00003cfc    00000044                                   : getdevice.c.obj (.text:getdevice)
                  00003d40    00000040     SysTickInts.obj (.text)
                  00003d80    0000003e     rtsv7M4_T_le_v4SPD16_eabi.lib : _printfi.c.obj (.text:_fcpy)
                  00003dbe    00000002     --HOLE-- [fill = 0]
                  00003dc0    00000038                                   : trgmsg.c.obj (.text:__TI_writemsg)
                  00003df8    00000036                                   : strncpy.c.obj (.text:strncpy)
                  00003e2e    00000002     --HOLE-- [fill = 0]
                  00003e30    00000034                                   : fopen.c.obj (.text:__TI_cleanup)
                  00003e64    00000034                                   : trgmsg.c.obj (.text:__TI_readmsg)
                  00003e98    00000034                                   : boot_cortex_m.c.obj (.text:_c_int00_noargs:_c_int00_noargs)
                  00003ecc    00000030                                   : getdevice.c.obj (.text:finddevice)
                  00003efc    0000002e                                   : i_tofd_t2.asm.obj (.text)
                  00003f2a    00000002     --HOLE-- [fill = 0]
                  00003f2c    0000002c                                   : unlink.c.obj (.text:unlink)
                  00003f58    00000028                                   : memory.c.obj (.text:free_list_insert)
                  00003f80    00000028                                   : lseek.c.obj (.text:lseek)
                  00003fa8    00000028                                   : write.c.obj (.text:write)
                  00003fd0    00000020                                   : memchr.c.obj (.text:memchr)
                  00003ff0    0000001c                                   : memory.c.obj (.text:free_list_remove)
                  0000400c    0000001c                                   : memccpy.c.obj (.text:memccpy)
                  00004028    0000001a                                   : s_copysign.c.obj (.text:copysign)
                  00004042    00000018                                   : strcmp.c.obj (.text:strcmp)
                  0000405a    00000016                                   : strchr.c.obj (.text:strchr)
                  00004070    00000014                                   : strcpy.c.obj (.text:strcpy)
                  00004084    00000014                                   : strlen.c.obj (.text:strlen)
                  00004098    00000012                                   : wcslen.c.obj (.text:wcslen)
                  000040aa    0000000e                                   : copy_decompress_none.c.obj (.text:decompress:none:__TI_decompress_none)
                  000040b8    0000000e     startup_msp432p401r_ccs.obj (.text)
                  000040c6    0000000c     rtsv7M4_T_le_v4SPD16_eabi.lib : copy_zero_init.c.obj (.text:decompress:ZI:__TI_zero_init)
                  000040d2    00000002     --HOLE-- [fill = 0]
                  000040d4    00000008                                   : errno.c.obj (.text:__aeabi_errno_addr)
                  000040dc    00000008                                   : memory.c.obj (.text:malloc)
                  000040e4    00000004                                   : printf.c.obj (.text:_outc)
                  000040e8    00000004                                   : printf.c.obj (.text:_outs)
                  000040ec    00000004                                   : pre_init.c.obj (.text:_system_pre_init)
                  000040f0    00000004                                   : exit.c.obj (.text:abort:abort)

.const     0    000040f4    00000124     
                  000040f4    00000101     rtsv7M4_T_le_v4SPD16_eabi.lib : ctype.c.obj (.const:.string:_ctypes_)
                  000041f5    00000003     --HOLE-- [fill = 0]
                  000041f8    00000020     Reflectance.obj (.const:$P$T0$1)

.cinit     0    00004218    00000098     
                  00004218    00000071     (.cinit..data.load) [load image, compression = lzss]
                  00004289    00000003     --HOLE-- [fill = 0]
                  0000428c    0000000c     (__TI_handler_table)
                  00004298    00000008     (.cinit..bss.load) [load image, compression = zero_init]
                  000042a0    00000010     (__TI_cinit_table)

.init_array 
*          0    00000000    00000000     UNINITIALIZED

.binit     0    00000000    00000000     

.bss       0    20000000    000005cc     UNINITIALIZED
                  20000000    00000200     (.common:Buffer)
                  20000200    00000120     rtsv7M4_T_le_v4SPD16_eabi.lib : trgmsg.c.obj (.bss:_CIOBUF_)
                  20000320    00000100     (.common:IRBuf)
                  20000420    00000100     (.common:SWBuf)
                  20000520    000000a0     (.common:__TI_tmpnams)
                  200005c0    00000008     (.common:parmbuf)
                  200005c8    00000004     (.common:I)

.sysmem    0    200005d0    00000400     UNINITIALIZED
                  200005d0    00000010     rtsv7M4_T_le_v4SPD16_eabi.lib : memory.c.obj (.sysmem)
                  200005e0    000003f0     --HOLE--

.data      0    200009d0    0000020c     UNINITIALIZED
                  200009d0    000000f0     rtsv7M4_T_le_v4SPD16_eabi.lib : defs.c.obj (.data:_ftable)
                  20000ac0    00000078                                   : host_device.c.obj (.data:_device)
                  20000b38    00000050                                   : host_device.c.obj (.data:_stream)
                  20000b88    00000018     Clock.obj (.data)
                  20000ba0    00000010     rtsv7M4_T_le_v4SPD16_eabi.lib : defs.c.obj (.data)
                  20000bb0    0000000c                                   : exit.c.obj (.data:$O1$$)
                  20000bbc    00000008                                   : _lock.c.obj (.data:$O1$$)
                  20000bc4    00000008                                   : memory.c.obj (.data:$O1$$)
                  20000bcc    00000005     Lab10_Debugmain.obj (.data)
                  20000bd1    00000003     --HOLE--
                  20000bd4    00000004     rtsv7M4_T_le_v4SPD16_eabi.lib : errno.c.obj (.data)
                  20000bd8    00000004     system_msp432p401r.obj (.data)

.stack     0    2000fe00    00000200     UNINITIALIZED
                  2000fe00    00000004     rtsv7M4_T_le_v4SPD16_eabi.lib : boot_cortex_m.c.obj (.stack)
                  2000fe04    000001fc     --HOLE--

MODULE SUMMARY

       Module                        code    ro data   rw data
       ------                        ----    -------   -------
    .\
       Lab10_Debugmain.obj           776     0         2066   
       FlashProgram.obj              2536    0         0      
       system_msp432p401r.obj        812     0         8      
       Reflectance.obj               604     32        0      
       Clock.obj                     480     0         48     
       LaunchPad.obj                 244     0         0      
       startup_msp432p401r_ccs.obj   14      228       0      
       Bump.obj                      148     0         0      
       SysTickInts.obj               64      0         0      
    +--+-----------------------------+-------+---------+---------+
       Total:                        5678    260       2122   
                                                              
    C:\ti\ccs910\ccs\tools\compiler\ti-cgt-arm_18.12.2.LTS\lib\rtsv7M4_T_le_v4SPD16_eabi.lib
       _printfi.c.obj                4851    0         0      
       defs.c.obj                    0       0         832    
       memory.c.obj                  676     0         16     
       trgmsg.c.obj                  108     0         576    
       fd_add_t2.asm.obj             438     0         0      
       host_device.c.obj             0       0         400    
       fd_div_t2.asm.obj             310     0         0      
       fputs.c.obj                   276     0         0      
       s_scalbn.c.obj                272     0         0      
       fd_cmp_t2.asm.obj             268     0         0      
       ctype.c.obj                   0       257       0      
       fd_mul_t2.asm.obj             252     0         0      
       setvbuf.c.obj                 220     0         0      
       memcpy_t2.asm.obj             156     0         0      
       ull_div_t2.asm.obj            150     0         0      
       fputc.c.obj                   140     0         0      
       memset_t2.asm.obj             122     0         0      
       fclose.c.obj                  116     0         0      
       getdevice.c.obj               116     0         0      
       hostopen.c.obj                96      0         16     
       printf.c.obj                  112     0         0      
       copy_decompress_lzss.c.obj    104     0         0      
       hostlseek.c.obj               104     0         0      
       hostrename.c.obj              104     0         0      
       exit.c.obj                    76      0         24     
       fseek.c.obj                   100     0         0      
       s_frexp.c.obj                 100     0         0      
       _io_perm.c.obj                98      0         0      
       close.c.obj                   92      0         0      
       hostread.c.obj                88      0         0      
       hostwrite.c.obj               88      0         0      
       ltoa.c.obj                    84      0         0      
       atoi.c.obj                    76      0         0      
       fflush.c.obj                  76      0         0      
       fd_toi_t2.asm.obj             72      0         0      
       autoinit.c.obj                68      0         0      
       hostclose.c.obj               68      0         0      
       hostunlink.c.obj              68      0         0      
       strncpy.c.obj                 54      0         0      
       boot_cortex_m.c.obj           52      0         0      
       fopen.c.obj                   52      0         0      
       i_tofd_t2.asm.obj             46      0         0      
       unlink.c.obj                  44      0         0      
       lseek.c.obj                   40      0         0      
       write.c.obj                   40      0         0      
       memchr.c.obj                  32      0         0      
       memccpy.c.obj                 28      0         0      
       s_copysign.c.obj              26      0         0      
       strcmp.c.obj                  24      0         0      
       strchr.c.obj                  22      0         0      
       strcpy.c.obj                  20      0         0      
       strlen.c.obj                  20      0         0      
       _lock.c.obj                   2       0         16     
       wcslen.c.obj                  18      0         0      
       errno.c.obj                   8       0         8      
       copy_decompress_none.c.obj    14      0         0      
       copy_zero_init.c.obj          12      0         0      
       pre_init.c.obj                4       0         0      
       div0.asm.obj                  2       0         0      
    +--+-----------------------------+-------+---------+---------+
       Total:                        10705   257       1888   
                                                              
       Heap:                         0       0         2048   
       Stack:                        0       0         1024   
       Linker Generated:             0       149       0      
    +--+-----------------------------+-------+---------+---------+
       Grand Total:                  16383   666       7082   


LINKER GENERATED COPY TABLES

__TI_cinit_table @ 000042a0 records: 2, size/record: 8, table size: 16
	.data: load addr=00004218, load size=00000071 bytes, run addr=200009d0, run size=0000020c bytes, compression=lzss
	.bss: load addr=00004298, load size=00000008 bytes, run addr=20000000, run size=000005cc bytes, compression=zero_init


LINKER GENERATED HANDLER TABLE

__TI_handler_table @ 0000428c records: 3, size/record: 4, table size: 12
	index: 0, handler: __TI_decompress_lzss
	index: 1, handler: __TI_decompress_none
	index: 2, handler: __TI_zero_init


GLOBAL SYMBOLS: SORTED ALPHABETICALLY BY Name 

address   name                           
-------   ----                           
000040c5  ADC14_IRQHandler               
000040c5  AES256_IRQHandler              
20000000  Buffer                         
000031cd  Bump_Init                      
00003201  Bump_Read                      
000040c5  BusFault_Handler               
000040f1  C$$EXIT                        
00003def  C$$IO$$                        
000040c5  COMP_E0_IRQHandler             
000040c5  COMP_E1_IRQHandler             
20000b90  CPMwait                        
000040c5  CS_IRQHandler                  
20000b88  ClockFrequency                 
00002171  Clock_Delay1ms                 
00002147  Clock_Delay1us                 
00002133  Clock_GetFreq                  
0000201d  Clock_Init48MHz                
20000b9c  Crystalstable                  
000040c5  DMA_ERR_IRQHandler             
000040c5  DMA_INT0_IRQHandler            
000040c5  DMA_INT1_IRQHandler            
000040c5  DMA_INT2_IRQHandler            
000040c5  DMA_INT3_IRQHandler            
000040c5  DebugMon_Handler               
00001881  Debug_Dump                     
000018b9  Debug_FlashInit                
000018cf  Debug_FlashRecord              
00001849  Debug_Init                     
000040c5  Default_Handler                
000040c5  EUSCIA0_IRQHandler             
000040c5  EUSCIA1_IRQHandler             
000040c5  EUSCIA2_IRQHandler             
000040c5  EUSCIA3_IRQHandler             
000040c5  EUSCIB0_IRQHandler             
000040c5  EUSCIB1_IRQHandler             
000040c5  EUSCIB2_IRQHandler             
000040c5  EUSCIB3_IRQHandler             
000040c5  FLCTL_IRQHandler               
000040c5  FPU_IRQHandler                 
00001319  Flash_Erase                    
00000e5d  Flash_FastWrite                
00000bd7  Flash_Init                     
00000be3  Flash_Write                    
00000df9  Flash_WriteArray               
00003c31  HOSTclose                      
000035d5  HOSTlseek                      
000038a1  HOSTopen                       
0000395d  HOSTread                       
0000363d  HOSTrename                     
00003c75  HOSTunlink                     
000039b5  HOSTwrite                      
000040c5  HardFault_Handler              
200005c8  I                              
20000b98  IFlags                         
20000320  IRBuf                          
00002c3d  LaunchPad_Init                 
00002cad  LaunchPad_Input                
00002cc7  LaunchPad_LED                  
00002ce5  LaunchPad_Output               
000040c5  MemManage_Handler              
000040c5  NMI_Handler                    
000040c5  PCM_IRQHandler                 
000040c5  PORT1_IRQHandler               
000040c5  PORT2_IRQHandler               
000040c5  PORT3_IRQHandler               
000040c5  PORT4_IRQHandler               
000040c5  PORT5_IRQHandler               
000040c5  PORT6_IRQHandler               
000040c5  PSS_IRQHandler                 
000040c5  PendSV_Handler                 
20000b94  Postwait                       
20000b8c  Prewait                        
000019e3  Program10_2                    
000040c5  RTC_C_IRQHandler               
00001e6d  Reflectance_Center             
00001fb9  Reflectance_End                
00001dc1  Reflectance_Init               
00001edf  Reflectance_Position           
00001e31  Reflectance_Read               
00001f7d  Reflectance_Start              
000040b9  Reset_Handler                  
000040c5  SVC_Handler                    
20000420  SWBuf                          
20000bd0  Semaphore                      
000018ef  SysTick_Handler                
000018ef  SysTick_Handler                
00003d41  SysTick_Init                   
20000bd8  SystemCoreClock                
0000151d  SystemCoreClockUpdate          
00001791  SystemInit                     
000040c5  T32_INT1_IRQHandler            
000040c5  T32_INT2_IRQHandler            
000040c5  T32_INTC_IRQHandler            
000040c5  TA0_0_IRQHandler               
000040c5  TA0_N_IRQHandler               
000040c5  TA1_0_IRQHandler               
000040c5  TA1_N_IRQHandler               
000040c5  TA2_0_IRQHandler               
000040c5  TA2_N_IRQHandler               
000040c5  TA3_0_IRQHandler               
000040c5  TA3_N_IRQHandler               
000040c5  UsageFault_Handler             
4000480c  WDTCTL_SYM                     
000040c5  WDT_A_IRQHandler               
20000200  __CIOBUF_                      
20010000  __STACK_END                    
00000200  __STACK_SIZE                   
00000400  __SYSMEM_SIZE                  
000042a0  __TI_CINIT_Base                
000042b0  __TI_CINIT_Limit               
0000428c  __TI_Handler_Table_Base        
00004298  __TI_Handler_Table_Limit       
00003cb9  __TI_auto_init_nobinit_nopinit 
00003e31  __TI_cleanup                   
20000bb0  __TI_cleanup_ptr               
000034f1  __TI_closefile                 
000036a5  __TI_decompress_lzss           
000040ab  __TI_decompress_none           
00003b09  __TI_doflush                   
20000bb4  __TI_dtors_ptr                 
20000bb8  __TI_enable_exit_profile_output
20000ba0  __TI_ft_end                    
ffffffff  __TI_pprof_out_hndl            
000000e5  __TI_printfi                   
ffffffff  __TI_prof_data_size            
ffffffff  __TI_prof_data_start           
00003e65  __TI_readmsg                   
00000000  __TI_static_base__             
20000520  __TI_tmpnams                   
00003dc1  __TI_writemsg                  
0000383d  __TI_wrt_ok                    
000040c7  __TI_zero_init                 
000032ed  __aeabi_cdcmpeq                
000032ed  __aeabi_cdcmple                
00003373  __aeabi_cdrcmple               
00003be9  __aeabi_d2iz                   
000023d7  __aeabi_dadd                   
000026c1  __aeabi_ddiv                   
00002b41  __aeabi_dmul                   
000023cd  __aeabi_dsub                   
000040d5  __aeabi_errno_addr             
00003efd  __aeabi_i2d                    
00002583  __aeabi_idiv0                  
00002583  __aeabi_ldiv0                  
00003475  __aeabi_memclr                 
00003475  __aeabi_memclr4                
00003475  __aeabi_memclr8                
0000309b  __aeabi_memcpy                 
0000309b  __aeabi_memcpy4                
0000309b  __aeabi_memcpy8                
00003477  __aeabi_memset                 
00003477  __aeabi_memset4                
00003477  __aeabi_memset8                
20000bac  __aeabi_stderr                 
20000ba4  __aeabi_stdin                  
20000ba8  __aeabi_stdout                 
00003137  __aeabi_uldivmod               
ffffffff  __binit__                      
ffffffff  __c_args__                     
UNDEFED   __mpu_init                     
2000fe00  __stack                        
00003e99  _c_int00_noargs                
000040f4  _ctypes_                       
20000ac0  _device                        
200009d0  _ftable                        
20000bbc  _lock                          
00000b33  _nop                           
20000b38  _stream                        
200005d0  _sys_memory                    
UNDEFED   _system_post_cinit             
000040ed  _system_pre_init               
20000bc0  _unlock                        
000040f1  abort                          
00002d31  aligned_alloc                  
00003b55  atoi                           
ffffffff  binit                          
00003901  close                          
00004029  copysign                       
00004029  copysignl                      
00002139  delay                          
20000bd4  errno                          
00003ba1  exit                           
00003ecd  finddevice                     
00003261  fputc                          
0000291d  fputs                          
00002e25  free                           
00003775  frexp                          
00003775  frexpl                         
000037d9  fseek                          
00003cfd  getdevice                      
00000000  interruptVectors               
20000bcc  interrupt_count                
00002a31  ldexp                          
00002a31  ldexpl                         
00003f81  lseek                          
00003a63  ltoa                           
0000194f  main                           
0000199f  main_1                         
00001a6d  main_2                         
000040dd  malloc                         
00002d31  memalign                       
0000400d  memccpy                        
00003fd1  memchr                         
0000309b  memcpy                         
0000347d  memset                         
200005c0  parmbuf                        
0000370d  printf                         
00003261  putc                           
00003f2d  remove                         
00002a31  scalbn                         
00002a31  scalbnl                        
00002f0d  setvbuf                        
0000405b  strchr                         
00004043  strcmp                         
00004071  strcpy                         
00004085  strlen                         
00003df9  strncpy                        
00003f2d  unlink                         
00004099  wcslen                         
00003fa9  write                          


GLOBAL SYMBOLS: SORTED BY Symbol Address 

address   name                           
-------   ----                           
00000000  __TI_static_base__             
00000000  interruptVectors               
000000e5  __TI_printfi                   
00000200  __STACK_SIZE                   
00000400  __SYSMEM_SIZE                  
00000b33  _nop                           
00000bd7  Flash_Init                     
00000be3  Flash_Write                    
00000df9  Flash_WriteArray               
00000e5d  Flash_FastWrite                
00001319  Flash_Erase                    
0000151d  SystemCoreClockUpdate          
00001791  SystemInit                     
00001849  Debug_Init                     
00001881  Debug_Dump                     
000018b9  Debug_FlashInit                
000018cf  Debug_FlashRecord              
000018ef  SysTick_Handler                
000018ef  SysTick_Handler                
0000194f  main                           
0000199f  main_1                         
000019e3  Program10_2                    
00001a6d  main_2                         
00001dc1  Reflectance_Init               
00001e31  Reflectance_Read               
00001e6d  Reflectance_Center             
00001edf  Reflectance_Position           
00001f7d  Reflectance_Start              
00001fb9  Reflectance_End                
0000201d  Clock_Init48MHz                
00002133  Clock_GetFreq                  
00002139  delay                          
00002147  Clock_Delay1us                 
00002171  Clock_Delay1ms                 
000023cd  __aeabi_dsub                   
000023d7  __aeabi_dadd                   
00002583  __aeabi_idiv0                  
00002583  __aeabi_ldiv0                  
000026c1  __aeabi_ddiv                   
0000291d  fputs                          
00002a31  ldexp                          
00002a31  ldexpl                         
00002a31  scalbn                         
00002a31  scalbnl                        
00002b41  __aeabi_dmul                   
00002c3d  LaunchPad_Init                 
00002cad  LaunchPad_Input                
00002cc7  LaunchPad_LED                  
00002ce5  LaunchPad_Output               
00002d31  aligned_alloc                  
00002d31  memalign                       
00002e25  free                           
00002f0d  setvbuf                        
0000309b  __aeabi_memcpy                 
0000309b  __aeabi_memcpy4                
0000309b  __aeabi_memcpy8                
0000309b  memcpy                         
00003137  __aeabi_uldivmod               
000031cd  Bump_Init                      
00003201  Bump_Read                      
00003261  fputc                          
00003261  putc                           
000032ed  __aeabi_cdcmpeq                
000032ed  __aeabi_cdcmple                
00003373  __aeabi_cdrcmple               
00003475  __aeabi_memclr                 
00003475  __aeabi_memclr4                
00003475  __aeabi_memclr8                
00003477  __aeabi_memset                 
00003477  __aeabi_memset4                
00003477  __aeabi_memset8                
0000347d  memset                         
000034f1  __TI_closefile                 
000035d5  HOSTlseek                      
0000363d  HOSTrename                     
000036a5  __TI_decompress_lzss           
0000370d  printf                         
00003775  frexp                          
00003775  frexpl                         
000037d9  fseek                          
0000383d  __TI_wrt_ok                    
000038a1  HOSTopen                       
00003901  close                          
0000395d  HOSTread                       
000039b5  HOSTwrite                      
00003a63  ltoa                           
00003b09  __TI_doflush                   
00003b55  atoi                           
00003ba1  exit                           
00003be9  __aeabi_d2iz                   
00003c31  HOSTclose                      
00003c75  HOSTunlink                     
00003cb9  __TI_auto_init_nobinit_nopinit 
00003cfd  getdevice                      
00003d41  SysTick_Init                   
00003dc1  __TI_writemsg                  
00003def  C$$IO$$                        
00003df9  strncpy                        
00003e31  __TI_cleanup                   
00003e65  __TI_readmsg                   
00003e99  _c_int00_noargs                
00003ecd  finddevice                     
00003efd  __aeabi_i2d                    
00003f2d  remove                         
00003f2d  unlink                         
00003f81  lseek                          
00003fa9  write                          
00003fd1  memchr                         
0000400d  memccpy                        
00004029  copysign                       
00004029  copysignl                      
00004043  strcmp                         
0000405b  strchr                         
00004071  strcpy                         
00004085  strlen                         
00004099  wcslen                         
000040ab  __TI_decompress_none           
000040b9  Reset_Handler                  
000040c5  ADC14_IRQHandler               
000040c5  AES256_IRQHandler              
000040c5  BusFault_Handler               
000040c5  COMP_E0_IRQHandler             
000040c5  COMP_E1_IRQHandler             
000040c5  CS_IRQHandler                  
000040c5  DMA_ERR_IRQHandler             
000040c5  DMA_INT0_IRQHandler            
000040c5  DMA_INT1_IRQHandler            
000040c5  DMA_INT2_IRQHandler            
000040c5  DMA_INT3_IRQHandler            
000040c5  DebugMon_Handler               
000040c5  Default_Handler                
000040c5  EUSCIA0_IRQHandler             
000040c5  EUSCIA1_IRQHandler             
000040c5  EUSCIA2_IRQHandler             
000040c5  EUSCIA3_IRQHandler             
000040c5  EUSCIB0_IRQHandler             
000040c5  EUSCIB1_IRQHandler             
000040c5  EUSCIB2_IRQHandler             
000040c5  EUSCIB3_IRQHandler             
000040c5  FLCTL_IRQHandler               
000040c5  FPU_IRQHandler                 
000040c5  HardFault_Handler              
000040c5  MemManage_Handler              
000040c5  NMI_Handler                    
000040c5  PCM_IRQHandler                 
000040c5  PORT1_IRQHandler               
000040c5  PORT2_IRQHandler               
000040c5  PORT3_IRQHandler               
000040c5  PORT4_IRQHandler               
000040c5  PORT5_IRQHandler               
000040c5  PORT6_IRQHandler               
000040c5  PSS_IRQHandler                 
000040c5  PendSV_Handler                 
000040c5  RTC_C_IRQHandler               
000040c5  SVC_Handler                    
000040c5  T32_INT1_IRQHandler            
000040c5  T32_INT2_IRQHandler            
000040c5  T32_INTC_IRQHandler            
000040c5  TA0_0_IRQHandler               
000040c5  TA0_N_IRQHandler               
000040c5  TA1_0_IRQHandler               
000040c5  TA1_N_IRQHandler               
000040c5  TA2_0_IRQHandler               
000040c5  TA2_N_IRQHandler               
000040c5  TA3_0_IRQHandler               
000040c5  TA3_N_IRQHandler               
000040c5  UsageFault_Handler             
000040c5  WDT_A_IRQHandler               
000040c7  __TI_zero_init                 
000040d5  __aeabi_errno_addr             
000040dd  malloc                         
000040ed  _system_pre_init               
000040f1  C$$EXIT                        
000040f1  abort                          
000040f4  _ctypes_                       
0000428c  __TI_Handler_Table_Base        
00004298  __TI_Handler_Table_Limit       
000042a0  __TI_CINIT_Base                
000042b0  __TI_CINIT_Limit               
20000000  Buffer                         
20000200  __CIOBUF_                      
20000320  IRBuf                          
20000420  SWBuf                          
20000520  __TI_tmpnams                   
200005c0  parmbuf                        
200005c8  I                              
200005d0  _sys_memory                    
200009d0  _ftable                        
20000ac0  _device                        
20000b38  _stream                        
20000b88  ClockFrequency                 
20000b8c  Prewait                        
20000b90  CPMwait                        
20000b94  Postwait                       
20000b98  IFlags                         
20000b9c  Crystalstable                  
20000ba0  __TI_ft_end                    
20000ba4  __aeabi_stdin                  
20000ba8  __aeabi_stdout                 
20000bac  __aeabi_stderr                 
20000bb0  __TI_cleanup_ptr               
20000bb4  __TI_dtors_ptr                 
20000bb8  __TI_enable_exit_profile_output
20000bbc  _lock                          
20000bc0  _unlock                        
20000bcc  interrupt_count                
20000bd0  Semaphore                      
20000bd4  errno                          
20000bd8  SystemCoreClock                
2000fe00  __stack                        
20010000  __STACK_END                    
4000480c  WDTCTL_SYM                     
ffffffff  __TI_pprof_out_hndl            
ffffffff  __TI_prof_data_size            
ffffffff  __TI_prof_data_start           
ffffffff  __binit__                      
ffffffff  __c_args__                     
ffffffff  binit                          
UNDEFED   __mpu_init                     
UNDEFED   _system_post_cinit             

[220 symbols]
