******************************************************************************
                  TI ARM Linker PC v18.12.2                    
******************************************************************************
>> Linked Wed Oct 23 17:41:37 2019

OUTPUT FILE NAME:   <Lab10_Debug.out>
ENTRY POINT SYMBOL: "_c_int00_noargs"  address: 00000d3d


MEMORY CONFIGURATION

         name            origin    length      used     unused   attr    fill
----------------------  --------  ---------  --------  --------  ----  --------
  MAIN                  00000000   00040000  00000e08  0003f1f8  R  X
  INFO                  00200000   00004000  00000000  00004000  R  X
  SRAM_CODE             01000000   00010000  00000424  0000fbdc  RW X
  SRAM_DATA             20000000   00010000  00000424  0000fbdc  RW  


SEGMENT ALLOCATION MAP

run origin  load origin   length   init length attrs members
----------  ----------- ---------- ----------- ----- -------
00000000    00000000    00000e08   00000e08    r-x
  00000000    00000000    000000e4   000000e4    r-- .intvecs
  000000e4    000000e4    00000ccc   00000ccc    r-x .text
  00000db0    00000db0    00000020   00000020    r-- .const
  00000dd0    00000dd0    00000038   00000038    r-- .cinit
20000000    20000000    00000224   00000000    rw-
  20000000    20000000    00000200   00000000    rw- .bss
  20000200    20000200    00000024   00000000    rw- .data
2000fe00    2000fe00    00000200   00000000    rw-
  2000fe00    2000fe00    00000200   00000000    rw- .stack


SECTION ALLOCATION MAP

 output                                  attributes/
section   page    origin      length       input sections
--------  ----  ----------  ----------   ----------------
.intvecs   0    00000000    000000e4     
                  00000000    000000e4     startup_msp432p401r_ccs.obj (.intvecs:retain)

.text      0    000000e4    00000ccc     
                  000000e4    0000032c     system_msp432p401r.obj (.text)
                  00000410    0000025c     Reflectance.obj (.text)
                  0000066c    000001e0     Clock.obj (.text)
                  0000084c    000001e0     Lab10_Debugmain.obj (.text)
                  00000a2c    000000f4     LaunchPad.obj (.text)
                  00000b20    0000009c     rtsv7M4_T_le_v4SPD16_eabi.lib : memcpy_t2.asm.obj (.text)
                  00000bbc    00000094     Bump.obj (.text)
                  00000c50    00000068     rtsv7M4_T_le_v4SPD16_eabi.lib : copy_decompress_lzss.c.obj (.text:decompress:lzss:__TI_decompress_lzss)
                  00000cb8    00000044                                   : autoinit.c.obj (.text:__TI_auto_init_nobinit_nopinit:__TI_auto_init_nobinit_nopinit)
                  00000cfc    00000040     SysTickInts.obj (.text)
                  00000d3c    00000034     rtsv7M4_T_le_v4SPD16_eabi.lib : boot_cortex_m.c.obj (.text:_c_int00_noargs:_c_int00_noargs)
                  00000d70    0000001c                                   : copy_zero_init.c.obj (.text:decompress:ZI:__TI_zero_init_nomemset:__TI_zero_init_nomemset)
                  00000d8c    0000000e                                   : copy_decompress_none.c.obj (.text:decompress:none:__TI_decompress_none)
                  00000d9a    0000000e     startup_msp432p401r_ccs.obj (.text)
                  00000da8    00000004     rtsv7M4_T_le_v4SPD16_eabi.lib : pre_init.c.obj (.text:_system_pre_init)
                  00000dac    00000004                                   : exit.c.obj (.text:abort:abort)

.const     0    00000db0    00000020     
                  00000db0    00000020     Reflectance.obj (.const:$P$T0$1)

.cinit     0    00000dd0    00000038     
                  00000dd0    00000011     (.cinit..data.load) [load image, compression = lzss]
                  00000de1    00000003     --HOLE-- [fill = 0]
                  00000de4    0000000c     (__TI_handler_table)
                  00000df0    00000008     (.cinit..bss.load) [load image, compression = zero_init]
                  00000df8    00000010     (__TI_cinit_table)

.init_array 
*          0    00000000    00000000     UNINITIALIZED

.binit     0    00000000    00000000     

.bss       0    20000000    00000200     UNINITIALIZED
                  20000000    00000200     (.common:Buffer)

.data      0    20000200    00000024     UNINITIALIZED
                  20000200    00000018     Clock.obj (.data)
                  20000218    00000006     Lab10_Debugmain.obj (.data)
                  2000021e    00000002     --HOLE--
                  20000220    00000004     system_msp432p401r.obj (.data)

.stack     0    2000fe00    00000200     UNINITIALIZED
                  2000fe00    00000004     rtsv7M4_T_le_v4SPD16_eabi.lib : boot_cortex_m.c.obj (.stack)
                  2000fe04    000001fc     --HOLE--

MODULE SUMMARY

       Module                        code   ro data   rw data
       ------                        ----   -------   -------
    .\
       Lab10_Debugmain.obj           480    0         1036   
       system_msp432p401r.obj        812    0         8      
       Reflectance.obj               604    32        0      
       Clock.obj                     480    0         48     
       LaunchPad.obj                 244    0         0      
       startup_msp432p401r_ccs.obj   14     228       0      
       Bump.obj                      148    0         0      
       SysTickInts.obj               64     0         0      
    +--+-----------------------------+------+---------+---------+
       Total:                        2846   260       1092   
                                                             
    C:\ti\ccs910\ccs\tools\compiler\ti-cgt-arm_18.12.2.LTS\lib\rtsv7M4_T_le_v4SPD16_eabi.lib
       memcpy_t2.asm.obj             156    0         0      
       copy_decompress_lzss.c.obj    104    0         0      
       autoinit.c.obj                68     0         0      
       boot_cortex_m.c.obj           52     0         0      
       copy_zero_init.c.obj          28     0         0      
       copy_decompress_none.c.obj    14     0         0      
       exit.c.obj                    4      0         0      
       pre_init.c.obj                4      0         0      
    +--+-----------------------------+------+---------+---------+
       Total:                        430    0         0      
                                                             
       Stack:                        0      0         1024   
       Linker Generated:             0      53        0      
    +--+-----------------------------+------+---------+---------+
       Grand Total:                  3276   313       2116   


LINKER GENERATED COPY TABLES

__TI_cinit_table @ 00000df8 records: 2, size/record: 8, table size: 16
	.data: load addr=00000dd0, load size=00000011 bytes, run addr=20000200, run size=00000024 bytes, compression=lzss
	.bss: load addr=00000df0, load size=00000008 bytes, run addr=20000000, run size=00000200 bytes, compression=zero_init


LINKER GENERATED HANDLER TABLE

__TI_handler_table @ 00000de4 records: 3, size/record: 4, table size: 12
	index: 0, handler: __TI_decompress_lzss
	index: 1, handler: __TI_decompress_none
	index: 2, handler: __TI_zero_init


GLOBAL SYMBOLS: SORTED ALPHABETICALLY BY Name 

address   name                          
-------   ----                          
00000da7  ADC14_IRQHandler              
00000da7  AES256_IRQHandler             
20000000  Buffer                        
00000bbd  Bump_Init                     
00000bf1  Bump_Read                     
00000da7  BusFault_Handler              
00000dad  C$$EXIT                       
00000da7  COMP_E0_IRQHandler            
00000da7  COMP_E1_IRQHandler            
20000208  CPMwait                       
00000da7  CS_IRQHandler                 
20000200  ClockFrequency                
000007c1  Clock_Delay1ms                
00000797  Clock_Delay1us                
00000783  Clock_GetFreq                 
0000066d  Clock_Init48MHz               
20000214  Crystalstable                 
00000da7  DMA_ERR_IRQHandler            
00000da7  DMA_INT0_IRQHandler           
00000da7  DMA_INT1_IRQHandler           
00000da7  DMA_INT2_IRQHandler           
00000da7  DMA_INT3_IRQHandler           
00000da7  DebugMon_Handler              
0000084f  Debug_Dump                    
0000085f  Debug_FlashInit               
00000861  Debug_FlashRecord             
0000084d  Debug_Init                    
00000da7  Default_Handler               
00000da7  EUSCIA0_IRQHandler            
00000da7  EUSCIA1_IRQHandler            
00000da7  EUSCIA2_IRQHandler            
00000da7  EUSCIA3_IRQHandler            
00000da7  EUSCIB0_IRQHandler            
00000da7  EUSCIB1_IRQHandler            
00000da7  EUSCIB2_IRQHandler            
00000da7  EUSCIB3_IRQHandler            
00000da7  FLCTL_IRQHandler              
00000da7  FPU_IRQHandler                
00000da7  HardFault_Handler             
20000210  IFlags                        
00000a2d  LaunchPad_Init                
00000a9d  LaunchPad_Input               
00000ab7  LaunchPad_LED                 
00000ad5  LaunchPad_Output              
00000da7  MemManage_Handler             
00000da7  NMI_Handler                   
00000da7  PCM_IRQHandler                
00000da7  PORT1_IRQHandler              
00000da7  PORT2_IRQHandler              
00000da7  PORT3_IRQHandler              
00000da7  PORT4_IRQHandler              
00000da7  PORT5_IRQHandler              
00000da7  PORT6_IRQHandler              
00000da7  PSS_IRQHandler                
00000da7  PendSV_Handler                
2000020c  Postwait                      
20000204  Prewait                       
000008bb  Program10_1                   
000008ff  Program10_2                   
00000989  Program10_3                   
00000da7  RTC_C_IRQHandler              
000004bd  Reflectance_Center            
00000609  Reflectance_End               
00000411  Reflectance_Init              
0000052f  Reflectance_Position          
00000481  Reflectance_Read              
000005cd  Reflectance_Start             
00000d9b  Reset_Handler                 
00000da7  SVC_Handler                   
0000086b  SysTick_Handler               
0000086b  SysTick_Handler               
00000cfd  SysTick_Init                  
20000220  SystemCoreClock               
000000e5  SystemCoreClockUpdate         
00000359  SystemInit                    
00000da7  T32_INT1_IRQHandler           
00000da7  T32_INT2_IRQHandler           
00000da7  T32_INTC_IRQHandler           
00000da7  TA0_0_IRQHandler              
00000da7  TA0_N_IRQHandler              
00000da7  TA1_0_IRQHandler              
00000da7  TA1_N_IRQHandler              
00000da7  TA2_0_IRQHandler              
00000da7  TA2_N_IRQHandler              
00000da7  TA3_0_IRQHandler              
00000da7  TA3_N_IRQHandler              
00000da7  UsageFault_Handler            
4000480c  WDTCTL_SYM                    
00000da7  WDT_A_IRQHandler              
20010000  __STACK_END                   
00000200  __STACK_SIZE                  
00000df8  __TI_CINIT_Base               
00000e08  __TI_CINIT_Limit              
00000de4  __TI_Handler_Table_Base       
00000df0  __TI_Handler_Table_Limit      
00000cb9  __TI_auto_init_nobinit_nopinit
00000c51  __TI_decompress_lzss          
00000d8d  __TI_decompress_none          
ffffffff  __TI_pprof_out_hndl           
ffffffff  __TI_prof_data_size           
ffffffff  __TI_prof_data_start          
00000000  __TI_static_base__            
00000d71  __TI_zero_init_nomemset       
00000b21  __aeabi_memcpy                
00000b21  __aeabi_memcpy4               
00000b21  __aeabi_memcpy8               
ffffffff  __binit__                     
ffffffff  __c_args__                    
UNDEFED   __mpu_init                    
2000fe00  __stack                       
00000d3d  _c_int00_noargs               
UNDEFED   _system_post_cinit            
00000da9  _system_pre_init              
00000dad  abort                         
ffffffff  binit                         
2000021d  bumpData                      
00000789  delay                         
00000000  interruptVectors              
20000218  interrupt_count               
2000021c  irData                        
0000089d  main                          
00000b21  memcpy                        


GLOBAL SYMBOLS: SORTED BY Symbol Address 

address   name                          
-------   ----                          
00000000  __TI_static_base__            
00000000  interruptVectors              
000000e5  SystemCoreClockUpdate         
00000200  __STACK_SIZE                  
00000359  SystemInit                    
00000411  Reflectance_Init              
00000481  Reflectance_Read              
000004bd  Reflectance_Center            
0000052f  Reflectance_Position          
000005cd  Reflectance_Start             
00000609  Reflectance_End               
0000066d  Clock_Init48MHz               
00000783  Clock_GetFreq                 
00000789  delay                         
00000797  Clock_Delay1us                
000007c1  Clock_Delay1ms                
0000084d  Debug_Init                    
0000084f  Debug_Dump                    
0000085f  Debug_FlashInit               
00000861  Debug_FlashRecord             
0000086b  SysTick_Handler               
0000086b  SysTick_Handler               
0000089d  main                          
000008bb  Program10_1                   
000008ff  Program10_2                   
00000989  Program10_3                   
00000a2d  LaunchPad_Init                
00000a9d  LaunchPad_Input               
00000ab7  LaunchPad_LED                 
00000ad5  LaunchPad_Output              
00000b21  __aeabi_memcpy                
00000b21  __aeabi_memcpy4               
00000b21  __aeabi_memcpy8               
00000b21  memcpy                        
00000bbd  Bump_Init                     
00000bf1  Bump_Read                     
00000c51  __TI_decompress_lzss          
00000cb9  __TI_auto_init_nobinit_nopinit
00000cfd  SysTick_Init                  
00000d3d  _c_int00_noargs               
00000d71  __TI_zero_init_nomemset       
00000d8d  __TI_decompress_none          
00000d9b  Reset_Handler                 
00000da7  ADC14_IRQHandler              
00000da7  AES256_IRQHandler             
00000da7  BusFault_Handler              
00000da7  COMP_E0_IRQHandler            
00000da7  COMP_E1_IRQHandler            
00000da7  CS_IRQHandler                 
00000da7  DMA_ERR_IRQHandler            
00000da7  DMA_INT0_IRQHandler           
00000da7  DMA_INT1_IRQHandler           
00000da7  DMA_INT2_IRQHandler           
00000da7  DMA_INT3_IRQHandler           
00000da7  DebugMon_Handler              
00000da7  Default_Handler               
00000da7  EUSCIA0_IRQHandler            
00000da7  EUSCIA1_IRQHandler            
00000da7  EUSCIA2_IRQHandler            
00000da7  EUSCIA3_IRQHandler            
00000da7  EUSCIB0_IRQHandler            
00000da7  EUSCIB1_IRQHandler            
00000da7  EUSCIB2_IRQHandler            
00000da7  EUSCIB3_IRQHandler            
00000da7  FLCTL_IRQHandler              
00000da7  FPU_IRQHandler                
00000da7  HardFault_Handler             
00000da7  MemManage_Handler             
00000da7  NMI_Handler                   
00000da7  PCM_IRQHandler                
00000da7  PORT1_IRQHandler              
00000da7  PORT2_IRQHandler              
00000da7  PORT3_IRQHandler              
00000da7  PORT4_IRQHandler              
00000da7  PORT5_IRQHandler              
00000da7  PORT6_IRQHandler              
00000da7  PSS_IRQHandler                
00000da7  PendSV_Handler                
00000da7  RTC_C_IRQHandler              
00000da7  SVC_Handler                   
00000da7  T32_INT1_IRQHandler           
00000da7  T32_INT2_IRQHandler           
00000da7  T32_INTC_IRQHandler           
00000da7  TA0_0_IRQHandler              
00000da7  TA0_N_IRQHandler              
00000da7  TA1_0_IRQHandler              
00000da7  TA1_N_IRQHandler              
00000da7  TA2_0_IRQHandler              
00000da7  TA2_N_IRQHandler              
00000da7  TA3_0_IRQHandler              
00000da7  TA3_N_IRQHandler              
00000da7  UsageFault_Handler            
00000da7  WDT_A_IRQHandler              
00000da9  _system_pre_init              
00000dad  C$$EXIT                       
00000dad  abort                         
00000de4  __TI_Handler_Table_Base       
00000df0  __TI_Handler_Table_Limit      
00000df8  __TI_CINIT_Base               
00000e08  __TI_CINIT_Limit              
20000000  Buffer                        
20000200  ClockFrequency                
20000204  Prewait                       
20000208  CPMwait                       
2000020c  Postwait                      
20000210  IFlags                        
20000214  Crystalstable                 
20000218  interrupt_count               
2000021c  irData                        
2000021d  bumpData                      
20000220  SystemCoreClock               
2000fe00  __stack                       
20010000  __STACK_END                   
4000480c  WDTCTL_SYM                    
ffffffff  __TI_pprof_out_hndl           
ffffffff  __TI_prof_data_size           
ffffffff  __TI_prof_data_start          
ffffffff  __binit__                     
ffffffff  __c_args__                    
ffffffff  binit                         
UNDEFED   __mpu_init                    
UNDEFED   _system_post_cinit            

[122 symbols]
