******************************************************************************
                  TI ARM Linker PC v18.12.2                    
******************************************************************************
>> Linked Wed Nov 20 16:53:40 2019

OUTPUT FILE NAME:   <Lab13_Timers.out>
ENTRY POINT SYMBOL: "_c_int00_noargs"  address: 000014cd


MEMORY CONFIGURATION

         name            origin    length      used     unused   attr    fill
----------------------  --------  ---------  --------  --------  ----  --------
  MAIN                  00000000   00040000  0000159c  0003ea64  R  X
  INFO                  00200000   00004000  00000000  00004000  R  X
  SRAM_CODE             01000000   00010000  00000235  0000fdcb  RW X
  SRAM_DATA             20000000   00010000  00000235  0000fdcb  RW  


SEGMENT ALLOCATION MAP

run origin  load origin   length   init length attrs members
----------  ----------- ---------- ----------- ----- -------
00000000    00000000    000015a0   000015a0    r-x
  00000000    00000000    000000e4   000000e4    r-- .intvecs
  000000e4    000000e4    00001480   00001480    r-x .text
  00001568    00001568    00000038   00000038    r-- .cinit
20000000    20000000    00000035   00000000    rw-
  20000000    20000000    00000028   00000000    rw- .data
  20000028    20000028    0000000d   00000000    rw- .bss
2000fe00    2000fe00    00000200   00000000    rw-
  2000fe00    2000fe00    00000200   00000000    rw- .stack


SECTION ALLOCATION MAP

 output                                  attributes/
section   page    origin      length       input sections
--------  ----  ----------  ----------   ----------------
.intvecs   0    00000000    000000e4     
                  00000000    000000e4     startup_msp432p401r_ccs.obj (.intvecs:retain)

.text      0    000000e4    00001480     
                  000000e4    00000630     TExaS.obj (.text)
                  00000714    0000032c     system_msp432p401r.obj (.text)
                  00000a40    00000228     PWM.obj (.text)
                  00000c68    000001e0     Clock.obj (.text)
                  00000e48    000001a8     Motor.obj (.text)
                  00000ff0    00000164     Lab13_Timersmain.obj (.text)
                  00001154    000000f4     LaunchPad.obj (.text)
                  00001248    000000a8     TimerA1.obj (.text)
                  000012f0    0000009c     rtsv7M4_T_le_v4SPD16_eabi.lib : memcpy_t2.asm.obj (.text)
                  0000138c    00000094     Bump.obj (.text)
                  00001420    00000068     rtsv7M4_T_le_v4SPD16_eabi.lib : copy_decompress_lzss.c.obj (.text:decompress:lzss:__TI_decompress_lzss)
                  00001488    00000044                                   : autoinit.c.obj (.text:__TI_auto_init_nobinit_nopinit:__TI_auto_init_nobinit_nopinit)
                  000014cc    00000034                                   : boot_cortex_m.c.obj (.text:_c_int00_noargs:_c_int00_noargs)
                  00001500    00000024     CortexM.obj (.text)
                  00001524    0000001c     rtsv7M4_T_le_v4SPD16_eabi.lib : copy_zero_init.c.obj (.text:decompress:ZI:__TI_zero_init_nomemset:__TI_zero_init_nomemset)
                  00001540    0000000e                                   : copy_decompress_none.c.obj (.text:decompress:none:__TI_decompress_none)
                  0000154e    0000000e     startup_msp432p401r_ccs.obj (.text)
                  0000155c    00000004     rtsv7M4_T_le_v4SPD16_eabi.lib : pre_init.c.obj (.text:_system_pre_init)
                  00001560    00000004                                   : exit.c.obj (.text:abort:abort)

.cinit     0    00001568    00000038     
                  00001568    0000000d     (.cinit..data.load) [load image, compression = lzss]
                  00001575    00000003     --HOLE-- [fill = 0]
                  00001578    0000000c     (__TI_handler_table)
                  00001584    00000004     --HOLE-- [fill = 0]
                  00001588    00000008     (.cinit..bss.load) [load image, compression = zero_init]
                  00001590    00000010     (__TI_cinit_table)

.init_array 
*          0    00000000    00000000     UNINITIALIZED

.binit     0    00000000    00000000     

.data      0    20000000    00000028     UNINITIALIZED
                  20000000    00000018     Clock.obj (.data)
                  20000018    0000000c     TExaS.obj (.data)
                  20000024    00000004     system_msp432p401r.obj (.data)

.bss       0    20000028    0000000d     UNINITIALIZED
                  20000028    00000004     (.common:PeriodicTask2)
                  2000002c    00000004     (.common:Time)
                  20000030    00000004     (.common:TimerA1Task)
                  20000034    00000001     (.common:LogicData)

.stack     0    2000fe00    00000200     UNINITIALIZED
                  2000fe00    00000004     rtsv7M4_T_le_v4SPD16_eabi.lib : boot_cortex_m.c.obj (.stack)
                  2000fe04    000001fc     --HOLE--

MODULE SUMMARY

       Module                        code   ro data   rw data
       ------                        ----   -------   -------
    .\
       TExaS.obj                     1584   0         34     
       system_msp432p401r.obj        812    0         8      
       PWM.obj                       552    0         0      
       Clock.obj                     480    0         48     
       Motor.obj                     424    0         0      
       Lab13_Timersmain.obj          356    0         8      
       LaunchPad.obj                 244    0         0      
       startup_msp432p401r_ccs.obj   14     228       0      
       TimerA1.obj                   168    0         8      
       Bump.obj                      148    0         0      
       CortexM.obj                   36     0         0      
    +--+-----------------------------+------+---------+---------+
       Total:                        4818   228       106    
                                                             
    C:\ti\ccs910\ccs\tools\compiler\ti-cgt-arm_18.12.2.LTS\lib\rtsv7M4_T_le_v4SPD16_eabi.lib
       memcpy_t2.asm.obj             156    0         0      
       copy_decompress_lzss.c.obj    104    0         0      
       autoinit.c.obj                68     0         0      
       boot_cortex_m.c.obj           52     0         0      
       copy_zero_init.c.obj          28     0         0      
       copy_decompress_none.c.obj    14     0         0      
       exit.c.obj                    4      0         0      
       pre_init.c.obj                4      0         0      
    +--+-----------------------------+------+---------+---------+
       Total:                        430    0         0      
                                                             
       Stack:                        0      0         1024   
       Linker Generated:             0      49        0      
    +--+-----------------------------+------+---------+---------+
       Grand Total:                  5248   277       1130   


LINKER GENERATED COPY TABLES

__TI_cinit_table @ 00001590 records: 2, size/record: 8, table size: 16
	.data: load addr=00001568, load size=0000000d bytes, run addr=20000000, run size=00000028 bytes, compression=lzss
	.bss: load addr=00001588, load size=00000008 bytes, run addr=20000028, run size=0000000d bytes, compression=zero_init


LINKER GENERATED HANDLER TABLE

__TI_handler_table @ 00001578 records: 3, size/record: 4, table size: 12
	index: 0, handler: __TI_decompress_lzss
	index: 1, handler: __TI_decompress_none
	index: 2, handler: __TI_zero_init


GLOBAL SYMBOLS: SORTED ALPHABETICALLY BY Name 

address   name                          
-------   ----                          
0000155b  ADC14_IRQHandler              
00000475  ADC_Init                      
0000155b  AES256_IRQHandler             
0000138d  Bump_Init                     
000013c1  Bump_Read                     
0000155b  BusFault_Handler              
00001561  C$$EXIT                       
0000155b  COMP_E0_IRQHandler            
0000155b  COMP_E1_IRQHandler            
20000008  CPMwait                       
0000155b  CS_IRQHandler                 
20000000  ClockFrequency                
00000dbd  Clock_Delay1ms                
00000d93  Clock_Delay1us                
00000d7f  Clock_GetFreq                 
00000c69  Clock_Init48MHz               
20000014  Crystalstable                 
0000155b  DMA_ERR_IRQHandler            
0000155b  DMA_INT0_IRQHandler           
0000155b  DMA_INT1_IRQHandler           
0000155b  DMA_INT2_IRQHandler           
0000155b  DMA_INT3_IRQHandler           
0000155b  DebugMon_Handler              
0000155b  Default_Handler               
00001501  DisableInterrupts             
0000155b  EUSCIA0_IRQHandler            
0000155b  EUSCIA1_IRQHandler            
0000155b  EUSCIA2_IRQHandler            
0000155b  EUSCIA3_IRQHandler            
0000155b  EUSCIB0_IRQHandler            
0000155b  EUSCIB1_IRQHandler            
0000155b  EUSCIB2_IRQHandler            
0000155b  EUSCIB3_IRQHandler            
00001507  EnableInterrupts              
00001517  EndCritical                   
0000155b  FLCTL_IRQHandler              
0000155b  FPU_IRQHandler                
0000155b  HardFault_Handler             
20000010  IFlags                        
00001155  LaunchPad_Init                
000011c5  LaunchPad_Input               
000011df  LaunchPad_LED                 
000011fd  LaunchPad_Output              
000000e5  LogicAnalyzer                 
000000ef  LogicAnalyzer_P1              
000001c5  LogicAnalyzer_P10             
000000fd  LogicAnalyzer_P2              
0000010b  LogicAnalyzer_P2_7654         
0000011b  LogicAnalyzer_P3              
00000129  LogicAnalyzer_P4              
00000147  LogicAnalyzer_P4_765320       
00000137  LogicAnalyzer_P4_765432       
0000017f  LogicAnalyzer_P5              
0000018d  LogicAnalyzer_P6              
0000019b  LogicAnalyzer_P7              
000001a9  LogicAnalyzer_P8              
000001b7  LogicAnalyzer_P9              
20000034  LogicData                     
0000155b  MemManage_Handler             
00000f8f  Motor_Backward                
00000eeb  Motor_Forward                 
00000e49  Motor_Init                    
00000f55  Motor_Left                    
00000f1b  Motor_Right                   
00000ebd  Motor_Stop                    
0000155b  NMI_Handler                   
0000155b  PCM_IRQHandler                
0000155b  PORT1_IRQHandler              
0000155b  PORT2_IRQHandler              
0000155b  PORT3_IRQHandler              
0000155b  PORT4_IRQHandler              
0000155b  PORT5_IRQHandler              
0000155b  PORT6_IRQHandler              
0000155b  PSS_IRQHandler                
00000b2b  PWM_Duty1                     
00000b4b  PWM_Duty2                     
00000bef  PWM_Duty3                     
00000c0f  PWM_Duty4                     
00000a41  PWM_Init1                     
00000aa7  PWM_Init12                    
00000b6b  PWM_Init34                    
0000155b  PendSV_Handler                
20000028  PeriodicTask2                 
00000257  PeriodicTask2_Init            
000002d1  PeriodicTask2_Stop            
2000000c  Postwait                      
20000004  Prewait                       
00001011  Program13_1                   
000010a5  Program13_2                   
0000155b  RTC_C_IRQHandler              
0000154f  Reset_Handler                 
0000155b  SVC_Handler                   
000001d3  Scope                         
0000150d  StartCritical                 
0000155b  SysTick_Handler               
20000024  SystemCoreClock               
00000715  SystemCoreClockUpdate         
00000989  SystemInit                    
000002c1  T32_INT1_IRQHandler           
000002c1  T32_INT1_IRQHandler           
0000155b  T32_INT2_IRQHandler           
0000155b  T32_INTC_IRQHandler           
0000155b  TA0_0_IRQHandler              
0000155b  TA0_N_IRQHandler              
000012bb  TA1_0_IRQHandler              
000012bb  TA1_0_IRQHandler              
0000155b  TA1_N_IRQHandler              
0000155b  TA2_0_IRQHandler              
0000155b  TA2_N_IRQHandler              
0000155b  TA3_0_IRQHandler              
0000155b  TA3_N_IRQHandler              
00000413  TExaS_Clear0                  
0000041f  TExaS_Clear1                  
0000042b  TExaS_Clear2                  
00000437  TExaS_Clear3                  
00000443  TExaS_Clear4                  
00000445  TExaS_Clear5                  
00000451  TExaS_Clear6                  
00000551  TExaS_Init                    
2000001c  TExaS_ScopeErrConflict        
20000018  TExaS_ScopeErrLostData        
20000020  TExaS_ScopeWrnReconfig        
000003b1  TExaS_Set                     
000003c9  TExaS_Set0                    
000003d5  TExaS_Set1                    
000003e1  TExaS_Set2                    
000003ed  TExaS_Set3                    
000003f9  TExaS_Set4                    
000003fb  TExaS_Set5                    
00000407  TExaS_Set6                    
000006b1  TExaS_Stop                    
00000367  TExaS_Task0                   
00000373  TExaS_Task1                   
0000037f  TExaS_Task2                   
0000038b  TExaS_Task3                   
00000397  TExaS_Task4                   
00000399  TExaS_Task5                   
000003a5  TExaS_Task6                   
0000107b  Task                          
2000002c  Time                          
00000ff1  TimedPause                    
20000030  TimerA1Task                   
00001249  TimerA1_Init                  
000012a7  TimerA1_Stop                  
0000033b  UART_InChar                   
000002e1  UART_Init                     
0000034b  UART_OutChar                  
0000155b  UsageFault_Handler            
4000480c  WDTCTL_SYM                    
0000155b  WDT_A_IRQHandler              
0000151f  WaitForInterrupt              
20010000  __STACK_END                   
00000200  __STACK_SIZE                  
00001590  __TI_CINIT_Base               
000015a0  __TI_CINIT_Limit              
00001578  __TI_Handler_Table_Base       
00001584  __TI_Handler_Table_Limit      
00001489  __TI_auto_init_nobinit_nopinit
00001421  __TI_decompress_lzss          
00001541  __TI_decompress_none          
ffffffff  __TI_pprof_out_hndl           
ffffffff  __TI_prof_data_size           
ffffffff  __TI_prof_data_start          
00000000  __TI_static_base__            
00001525  __TI_zero_init_nomemset       
000012f1  __aeabi_memcpy                
000012f1  __aeabi_memcpy4               
000012f1  __aeabi_memcpy8               
ffffffff  __binit__                     
ffffffff  __c_args__                    
UNDEFED   __mpu_init                    
2000fe00  __stack                       
000014cd  _c_int00_noargs               
UNDEFED   _system_post_cinit            
0000155d  _system_pre_init              
00001561  abort                         
ffffffff  binit                         
000010cf  collision                     
00000d85  delay                         
00000000  interruptVectors              
000010f7  main                          
000012f1  memcpy                        


GLOBAL SYMBOLS: SORTED BY Symbol Address 

address   name                          
-------   ----                          
00000000  __TI_static_base__            
00000000  interruptVectors              
000000e5  LogicAnalyzer                 
000000ef  LogicAnalyzer_P1              
000000fd  LogicAnalyzer_P2              
0000010b  LogicAnalyzer_P2_7654         
0000011b  LogicAnalyzer_P3              
00000129  LogicAnalyzer_P4              
00000137  LogicAnalyzer_P4_765432       
00000147  LogicAnalyzer_P4_765320       
0000017f  LogicAnalyzer_P5              
0000018d  LogicAnalyzer_P6              
0000019b  LogicAnalyzer_P7              
000001a9  LogicAnalyzer_P8              
000001b7  LogicAnalyzer_P9              
000001c5  LogicAnalyzer_P10             
000001d3  Scope                         
00000200  __STACK_SIZE                  
00000257  PeriodicTask2_Init            
000002c1  T32_INT1_IRQHandler           
000002c1  T32_INT1_IRQHandler           
000002d1  PeriodicTask2_Stop            
000002e1  UART_Init                     
0000033b  UART_InChar                   
0000034b  UART_OutChar                  
00000367  TExaS_Task0                   
00000373  TExaS_Task1                   
0000037f  TExaS_Task2                   
0000038b  TExaS_Task3                   
00000397  TExaS_Task4                   
00000399  TExaS_Task5                   
000003a5  TExaS_Task6                   
000003b1  TExaS_Set                     
000003c9  TExaS_Set0                    
000003d5  TExaS_Set1                    
000003e1  TExaS_Set2                    
000003ed  TExaS_Set3                    
000003f9  TExaS_Set4                    
000003fb  TExaS_Set5                    
00000407  TExaS_Set6                    
00000413  TExaS_Clear0                  
0000041f  TExaS_Clear1                  
0000042b  TExaS_Clear2                  
00000437  TExaS_Clear3                  
00000443  TExaS_Clear4                  
00000445  TExaS_Clear5                  
00000451  TExaS_Clear6                  
00000475  ADC_Init                      
00000551  TExaS_Init                    
000006b1  TExaS_Stop                    
00000715  SystemCoreClockUpdate         
00000989  SystemInit                    
00000a41  PWM_Init1                     
00000aa7  PWM_Init12                    
00000b2b  PWM_Duty1                     
00000b4b  PWM_Duty2                     
00000b6b  PWM_Init34                    
00000bef  PWM_Duty3                     
00000c0f  PWM_Duty4                     
00000c69  Clock_Init48MHz               
00000d7f  Clock_GetFreq                 
00000d85  delay                         
00000d93  Clock_Delay1us                
00000dbd  Clock_Delay1ms                
00000e49  Motor_Init                    
00000ebd  Motor_Stop                    
00000eeb  Motor_Forward                 
00000f1b  Motor_Right                   
00000f55  Motor_Left                    
00000f8f  Motor_Backward                
00000ff1  TimedPause                    
00001011  Program13_1                   
0000107b  Task                          
000010a5  Program13_2                   
000010cf  collision                     
000010f7  main                          
00001155  LaunchPad_Init                
000011c5  LaunchPad_Input               
000011df  LaunchPad_LED                 
000011fd  LaunchPad_Output              
00001249  TimerA1_Init                  
000012a7  TimerA1_Stop                  
000012bb  TA1_0_IRQHandler              
000012bb  TA1_0_IRQHandler              
000012f1  __aeabi_memcpy                
000012f1  __aeabi_memcpy4               
000012f1  __aeabi_memcpy8               
000012f1  memcpy                        
0000138d  Bump_Init                     
000013c1  Bump_Read                     
00001421  __TI_decompress_lzss          
00001489  __TI_auto_init_nobinit_nopinit
000014cd  _c_int00_noargs               
00001501  DisableInterrupts             
00001507  EnableInterrupts              
0000150d  StartCritical                 
00001517  EndCritical                   
0000151f  WaitForInterrupt              
00001525  __TI_zero_init_nomemset       
00001541  __TI_decompress_none          
0000154f  Reset_Handler                 
0000155b  ADC14_IRQHandler              
0000155b  AES256_IRQHandler             
0000155b  BusFault_Handler              
0000155b  COMP_E0_IRQHandler            
0000155b  COMP_E1_IRQHandler            
0000155b  CS_IRQHandler                 
0000155b  DMA_ERR_IRQHandler            
0000155b  DMA_INT0_IRQHandler           
0000155b  DMA_INT1_IRQHandler           
0000155b  DMA_INT2_IRQHandler           
0000155b  DMA_INT3_IRQHandler           
0000155b  DebugMon_Handler              
0000155b  Default_Handler               
0000155b  EUSCIA0_IRQHandler            
0000155b  EUSCIA1_IRQHandler            
0000155b  EUSCIA2_IRQHandler            
0000155b  EUSCIA3_IRQHandler            
0000155b  EUSCIB0_IRQHandler            
0000155b  EUSCIB1_IRQHandler            
0000155b  EUSCIB2_IRQHandler            
0000155b  EUSCIB3_IRQHandler            
0000155b  FLCTL_IRQHandler              
0000155b  FPU_IRQHandler                
0000155b  HardFault_Handler             
0000155b  MemManage_Handler             
0000155b  NMI_Handler                   
0000155b  PCM_IRQHandler                
0000155b  PORT1_IRQHandler              
0000155b  PORT2_IRQHandler              
0000155b  PORT3_IRQHandler              
0000155b  PORT4_IRQHandler              
0000155b  PORT5_IRQHandler              
0000155b  PORT6_IRQHandler              
0000155b  PSS_IRQHandler                
0000155b  PendSV_Handler                
0000155b  RTC_C_IRQHandler              
0000155b  SVC_Handler                   
0000155b  SysTick_Handler               
0000155b  T32_INT2_IRQHandler           
0000155b  T32_INTC_IRQHandler           
0000155b  TA0_0_IRQHandler              
0000155b  TA0_N_IRQHandler              
0000155b  TA1_N_IRQHandler              
0000155b  TA2_0_IRQHandler              
0000155b  TA2_N_IRQHandler              
0000155b  TA3_0_IRQHandler              
0000155b  TA3_N_IRQHandler              
0000155b  UsageFault_Handler            
0000155b  WDT_A_IRQHandler              
0000155d  _system_pre_init              
00001561  C$$EXIT                       
00001561  abort                         
00001578  __TI_Handler_Table_Base       
00001584  __TI_Handler_Table_Limit      
00001590  __TI_CINIT_Base               
000015a0  __TI_CINIT_Limit              
20000000  ClockFrequency                
20000004  Prewait                       
20000008  CPMwait                       
2000000c  Postwait                      
20000010  IFlags                        
20000014  Crystalstable                 
20000018  TExaS_ScopeErrLostData        
2000001c  TExaS_ScopeErrConflict        
20000020  TExaS_ScopeWrnReconfig        
20000024  SystemCoreClock               
20000028  PeriodicTask2                 
2000002c  Time                          
20000030  TimerA1Task                   
20000034  LogicData                     
2000fe00  __stack                       
20010000  __STACK_END                   
4000480c  WDTCTL_SYM                    
ffffffff  __TI_pprof_out_hndl           
ffffffff  __TI_prof_data_size           
ffffffff  __TI_prof_data_start          
ffffffff  __binit__                     
ffffffff  __c_args__                    
ffffffff  binit                         
UNDEFED   __mpu_init                    
UNDEFED   _system_post_cinit            

[182 symbols]
