******************************************************************************
                  TI ARM Linker PC v16.9.3                     
******************************************************************************
>> Linked Wed Jan 24 20:47:11 2018

OUTPUT FILE NAME:   <Lab13_Timers.out>
ENTRY POINT SYMBOL: "_c_int00"  address: 00001585


MEMORY CONFIGURATION

         name            origin    length      used     unused   attr    fill
----------------------  --------  ---------  --------  --------  ----  --------
  MAIN                  00000000   00040000  00001736  0003e8ca  R  X
  INFO                  00200000   00004000  00000000  00004000  R  X
  SRAM_CODE             01000000   00010000  00000251  0000fdaf  RW X
  SRAM_DATA             20000000   00010000  00000251  0000fdaf  RW  


SEGMENT ALLOCATION MAP

run origin  load origin   length   init length attrs members
----------  ----------- ---------- ----------- ----- -------
00000000    00000000    00001738   00001738    r-x
  00000000    00000000    000000e4   000000e4    r-- .intvecs
  000000e4    000000e4    00001612   00001612    r-x .text
  000016f8    000016f8    00000040   00000040    r-- .cinit
20000000    20000000    00000051   00000000    rw-
  20000000    20000000    00000040   00000000    rw- .data
  20000040    20000040    00000011   00000000    rw- .bss
2000fe00    2000fe00    00000200   00000000    rw-
  2000fe00    2000fe00    00000200   00000000    rw- .stack


SECTION ALLOCATION MAP

 output                                  attributes/
section   page    origin      length       input sections
--------  ----  ----------  ----------   ----------------
.intvecs   0    00000000    000000e4     
                  00000000    000000e4     startup_msp432p401r_ccs.obj (.intvecs:retain)

.binit     0    00000000    00000000     

.text      0    000000e4    00001612     
                  000000e4    00000630     TExaS.obj (.text)
                  00000714    0000032c     system_msp432p401r.obj (.text)
                  00000a40    00000228     PWM.obj (.text)
                  00000c68    000001e0     Clock.obj (.text)
                  00000e48    000001ac     Lab13_Timersmain.obj (.text)
                  00000ff4    0000018c     Motor.obj (.text)
                  00001180    000000f4     LaunchPad.obj (.text)
                  00001274    000000a8     TimerA1.obj (.text)
                  0000131c    0000009c     rtsv7M4_T_le_v4SPD16_eabi.lib : memcpy_t2.obj (.text)
                  000013b8    0000007a                                   : memset_t2.obj (.text)
                  00001432    00000002                                   : mpu_init.obj (.text)
                  00001434    00000078     Bump.obj (.text)
                  000014ac    00000070     rtsv7M4_T_le_v4SPD16_eabi.lib : autoinit.obj (.text)
                  0000151c    00000068                                   : copy_decompress_lzss.obj (.text:decompress:lzss)
                  00001584    00000054                                   : boot.obj (.text)
                  000015d8    00000054                                   : exit.obj (.text)
                  0000162c    0000004c                                   : cpy_tbl.obj (.text)
                  00001678    00000024     CortexM.obj (.text)
                  0000169c    00000018     rtsv7M4_T_le_v4SPD16_eabi.lib : args_main.obj (.text)
                  000016b4    00000014                                   : _lock.obj (.text)
                  000016c8    0000000e                                   : copy_decompress_none.obj (.text:decompress:none)
                  000016d6    0000000e     startup_msp432p401r_ccs.obj (.text)
                  000016e4    0000000c     rtsv7M4_T_le_v4SPD16_eabi.lib : copy_zero_init.obj (.text:decompress:ZI)
                  000016f0    00000004                                   : pre_init.obj (.text)
                  000016f4    00000002                                   : startup.obj (.text)

.cinit     0    000016f8    00000040     
                  000016f8    00000017     (.cinit..data.load) [load image, compression = lzss]
                  0000170f    00000001     --HOLE-- [fill = 0]
                  00001710    0000000c     (__TI_handler_table)
                  0000171c    00000004     --HOLE-- [fill = 0]
                  00001720    00000008     (.cinit..bss.load) [load image, compression = zero_init]
                  00001728    00000010     (__TI_cinit_table)

.init_array 
*          0    00000000    00000000     UNINITIALIZED

.data      0    20000000    00000040     UNINITIALIZED
                  20000000    00000018     Clock.obj (.data)
                  20000018    0000000c     rtsv7M4_T_le_v4SPD16_eabi.lib : exit.obj (.data:$O1$$)
                  20000024    0000000c     TExaS.obj (.data)
                  20000030    00000008     rtsv7M4_T_le_v4SPD16_eabi.lib : _lock.obj (.data:$O1$$)
                  20000038    00000004                                   : stkdepth_vars.obj (.data)
                  2000003c    00000004     system_msp432p401r.obj (.data)

.bss       0    20000040    00000011     UNINITIALIZED
                  20000040    00000004     (.common:PeriodicTask2)
                  20000044    00000004     (.common:Running)
                  20000048    00000004     (.common:Time)
                  2000004c    00000004     (.common:TimerA1Task)
                  20000050    00000001     (.common:LogicData)

.stack     0    2000fe00    00000200     UNINITIALIZED
                  2000fe00    00000200     --HOLE--

MODULE SUMMARY

       Module                        code   ro data   rw data
       ------                        ----   -------   -------
    .\
       TExaS.obj                     1584   0         34     
       system_msp432p401r.obj        812    0         8      
       PWM.obj                       552    0         0      
       Clock.obj                     480    0         48     
       Lab13_Timersmain.obj          428    0         16     
       Motor.obj                     396    0         0      
       LaunchPad.obj                 244    0         0      
       startup_msp432p401r_ccs.obj   14     228       0      
       TimerA1.obj                   168    0         8      
       Bump.obj                      120    0         0      
       CortexM.obj                   36     0         0      
    +--+-----------------------------+------+---------+---------+
       Total:                        4834   228       114    
                                                             
    C:\ti\ccsv7\tools\compiler\ti-cgt-arm_16.9.3.LTS\lib\rtsv7M4_T_le_v4SPD16_eabi.lib
       memcpy_t2.obj                 156    0         0      
       memset_t2.obj                 122    0         0      
       autoinit.obj                  112    0         0      
       exit.obj                      84     0         24     
       copy_decompress_lzss.obj      104    0         0      
       boot.obj                      84     0         0      
       cpy_tbl.obj                   76     0         0      
       _lock.obj                     20     0         16     
       args_main.obj                 24     0         0      
       copy_decompress_none.obj      14     0         0      
       copy_zero_init.obj            12     0         0      
       stkdepth_vars.obj             0      0         8      
       pre_init.obj                  4      0         0      
       mpu_init.obj                  2      0         0      
       startup.obj                   2      0         0      
    +--+-----------------------------+------+---------+---------+
       Total:                        816    0         48     
                                                             
       Stack:                        0      0         1024   
       Linker Generated:             0      59        0      
    +--+-----------------------------+------+---------+---------+
       Grand Total:                  5650   287       1186   


LINKER GENERATED COPY TABLES

__TI_cinit_table @ 00001728 records: 2, size/record: 8, table size: 16
	.data: load addr=000016f8, load size=00000017 bytes, run addr=20000000, run size=00000040 bytes, compression=lzss
	.bss: load addr=00001720, load size=00000008 bytes, run addr=20000040, run size=00000011 bytes, compression=zero_init


LINKER GENERATED HANDLER TABLE

__TI_handler_table @ 00001710 records: 3, size/record: 4, table size: 12
	index: 0, handler: __TI_decompress_lzss
	index: 1, handler: __TI_decompress_none
	index: 2, handler: __TI_zero_init


GLOBAL SYMBOLS: SORTED ALPHABETICALLY BY Name 

address   name                           
-------   ----                           
000016e3  ADC14_IRQHandler               
00000475  ADC_Init                       
000016e3  AES256_IRQHandler              
00001435  Bump_Init                      
00001469  Bump_Read                      
000016e3  BusFault_Handler               
000015d9  C$$EXIT                        
000016e3  COMP_E0_IRQHandler             
000016e3  COMP_E1_IRQHandler             
20000008  CPMwait                        
000016e3  CS_IRQHandler                  
00000f1b  CheckBumper                    
20000000  ClockFrequency                 
00000dbd  Clock_Delay1ms                 
00000d93  Clock_Delay1us                 
00000d7f  Clock_GetFreq                  
00000c69  Clock_Init48MHz                
20000014  Crystalstable                  
000016e3  DMA_ERR_IRQHandler             
000016e3  DMA_INT0_IRQHandler            
000016e3  DMA_INT1_IRQHandler            
000016e3  DMA_INT2_IRQHandler            
000016e3  DMA_INT3_IRQHandler            
000016e3  DebugMon_Handler               
000016e3  Default_Handler                
00001679  DisableInterrupts              
000016e3  EUSCIA0_IRQHandler             
000016e3  EUSCIA1_IRQHandler             
000016e3  EUSCIA2_IRQHandler             
000016e3  EUSCIA3_IRQHandler             
000016e3  EUSCIB0_IRQHandler             
000016e3  EUSCIB1_IRQHandler             
000016e3  EUSCIB2_IRQHandler             
000016e3  EUSCIB3_IRQHandler             
0000167f  EnableInterrupts               
0000168f  EndCritical                    
000016e3  FLCTL_IRQHandler               
000016e3  FPU_IRQHandler                 
000016e3  HardFault_Handler              
20000010  IFlags                         
00001181  LaunchPad_Init                 
000011f1  LaunchPad_Input                
0000120b  LaunchPad_LED                  
00001229  LaunchPad_Output               
000000e5  LogicAnalyzer                  
000000ef  LogicAnalyzer_P1               
000001c5  LogicAnalyzer_P10              
000000fd  LogicAnalyzer_P2               
0000010b  LogicAnalyzer_P2_7654          
0000011b  LogicAnalyzer_P3               
00000129  LogicAnalyzer_P4               
00000147  LogicAnalyzer_P4_765320        
00000137  LogicAnalyzer_P4_765432        
0000017f  LogicAnalyzer_P5               
0000018d  LogicAnalyzer_P6               
0000019b  LogicAnalyzer_P7               
000001a9  LogicAnalyzer_P8               
000001b7  LogicAnalyzer_P9               
20000050  LogicData                      
000016e3  MemManage_Handler              
00001123  Motor_Backward                 
0000105b  Motor_Forward                  
00000ff5  Motor_Init                     
000010dd  Motor_Left                     
00001097  Motor_Right                    
00001047  Motor_Stop                     
000016e3  NMI_Handler                    
000016e3  PCM_IRQHandler                 
000016e3  PORT1_IRQHandler               
000016e3  PORT2_IRQHandler               
000016e3  PORT3_IRQHandler               
000016e3  PORT4_IRQHandler               
000016e3  PORT5_IRQHandler               
000016e3  PORT6_IRQHandler               
000016e3  PSS_IRQHandler                 
00000b2b  PWM_Duty1                      
00000b4b  PWM_Duty2                      
00000bef  PWM_Duty3                      
00000c0f  PWM_Duty4                      
00000a41  PWM_Init1                      
00000aa7  PWM_Init12                     
00000b6b  PWM_Init34                     
000016e3  PendSV_Handler                 
20000040  PeriodicTask2                  
00000257  PeriodicTask2_Init             
000002d1  PeriodicTask2_Stop             
2000000c  Postwait                       
20000004  Prewait                        
00000e69  Program13_1                    
00000f4b  Program13_3                    
000016e3  RTC_C_IRQHandler               
000016d7  Reset_Handler                  
20000044  Running                        
UNDEFED   SHT$$INIT_ARRAY$$Base          
UNDEFED   SHT$$INIT_ARRAY$$Limit         
000016e3  SVC_Handler                    
000001d3  Scope                          
00001685  StartCritical                  
000016e3  SysTick_Handler                
2000003c  SystemCoreClock                
00000715  SystemCoreClockUpdate          
00000989  SystemInit                     
000002c1  T32_INT1_IRQHandler            
000002c1  T32_INT1_IRQHandler            
000016e3  T32_INT2_IRQHandler            
000016e3  T32_INTC_IRQHandler            
000016e3  TA0_0_IRQHandler               
000016e3  TA0_N_IRQHandler               
000012e7  TA1_0_IRQHandler               
000012e7  TA1_0_IRQHandler               
000016e3  TA1_N_IRQHandler               
000016e3  TA2_0_IRQHandler               
000016e3  TA2_N_IRQHandler               
000016e3  TA3_0_IRQHandler               
000016e3  TA3_N_IRQHandler               
00000413  TExaS_Clear0                   
0000041f  TExaS_Clear1                   
0000042b  TExaS_Clear2                   
00000437  TExaS_Clear3                   
00000443  TExaS_Clear4                   
00000445  TExaS_Clear5                   
00000451  TExaS_Clear6                   
00000551  TExaS_Init                     
20000028  TExaS_ScopeErrConflict         
20000024  TExaS_ScopeErrLostData         
2000002c  TExaS_ScopeWrnReconfig         
000003b1  TExaS_Set                      
000003c9  TExaS_Set0                     
000003d5  TExaS_Set1                     
000003e1  TExaS_Set2                     
000003ed  TExaS_Set3                     
000003f9  TExaS_Set4                     
000003fb  TExaS_Set5                     
00000407  TExaS_Set6                     
000006b1  TExaS_Stop                     
00000367  TExaS_Task0                    
00000373  TExaS_Task1                    
0000037f  TExaS_Task2                    
0000038b  TExaS_Task3                    
00000397  TExaS_Task4                    
00000399  TExaS_Task5                    
000003a5  TExaS_Task6                    
00000ecd  Task                           
20000048  Time                           
00000e49  TimedPause                     
00000f35  TimedPauseNew                  
2000004c  TimerA1Task                    
00001275  TimerA1_Init                   
000012d3  TimerA1_Stop                   
0000033b  UART_InChar                    
000002e1  UART_Init                      
0000034b  UART_OutChar                   
000016e3  UsageFault_Handler             
4000480c  WDTCTL_SYM                     
000016e3  WDT_A_IRQHandler               
00001697  WaitForInterrupt               
20010000  __STACK_END                    
00000200  __STACK_SIZE                   
00001728  __TI_CINIT_Base                
00001738  __TI_CINIT_Limit               
00001710  __TI_Handler_Table_Base        
0000171c  __TI_Handler_Table_Limit       
000014ad  __TI_auto_init                 
20000018  __TI_cleanup_ptr               
0000151d  __TI_decompress_lzss           
000016c9  __TI_decompress_none           
2000001c  __TI_dtors_ptr                 
20000020  __TI_enable_exit_profile_output
ffffffff  __TI_pprof_out_hndl            
ffffffff  __TI_prof_data_size            
ffffffff  __TI_prof_data_start           
00000000  __TI_static_base__             
000016e5  __TI_zero_init                 
000013b9  __aeabi_memclr                 
000013b9  __aeabi_memclr4                
000013b9  __aeabi_memclr8                
0000131d  __aeabi_memcpy                 
0000131d  __aeabi_memcpy4                
0000131d  __aeabi_memcpy8                
000013bb  __aeabi_memset                 
000013bb  __aeabi_memset4                
000013bb  __aeabi_memset8                
ffffffff  __binit__                      
ffffffff  __c_args__                     
00001433  __mpu_init                     
2000fe00  __stack                        
0000169d  _args_main                     
00001585  _c_int00                       
20000030  _lock                          
000016c3  _nop                           
000016bb  _register_lock                 
000016b5  _register_unlock               
000016f5  _system_post_cinit             
000016f1  _system_pre_init               
20000034  _unlock                        
000015dd  abort                          
ffffffff  binit                          
0000162d  copy_in                        
00000d85  delay                          
000015e5  exit                           
00000000  interruptVectors               
00000ef7  main                           
20000038  main_func_sp                   
0000131d  memcpy                         
000013c1  memset                         


GLOBAL SYMBOLS: SORTED BY Symbol Address 

address   name                           
-------   ----                           
00000000  __TI_static_base__             
00000000  interruptVectors               
000000e5  LogicAnalyzer                  
000000ef  LogicAnalyzer_P1               
000000fd  LogicAnalyzer_P2               
0000010b  LogicAnalyzer_P2_7654          
0000011b  LogicAnalyzer_P3               
00000129  LogicAnalyzer_P4               
00000137  LogicAnalyzer_P4_765432        
00000147  LogicAnalyzer_P4_765320        
0000017f  LogicAnalyzer_P5               
0000018d  LogicAnalyzer_P6               
0000019b  LogicAnalyzer_P7               
000001a9  LogicAnalyzer_P8               
000001b7  LogicAnalyzer_P9               
000001c5  LogicAnalyzer_P10              
000001d3  Scope                          
00000200  __STACK_SIZE                   
00000257  PeriodicTask2_Init             
000002c1  T32_INT1_IRQHandler            
000002c1  T32_INT1_IRQHandler            
000002d1  PeriodicTask2_Stop             
000002e1  UART_Init                      
0000033b  UART_InChar                    
0000034b  UART_OutChar                   
00000367  TExaS_Task0                    
00000373  TExaS_Task1                    
0000037f  TExaS_Task2                    
0000038b  TExaS_Task3                    
00000397  TExaS_Task4                    
00000399  TExaS_Task5                    
000003a5  TExaS_Task6                    
000003b1  TExaS_Set                      
000003c9  TExaS_Set0                     
000003d5  TExaS_Set1                     
000003e1  TExaS_Set2                     
000003ed  TExaS_Set3                     
000003f9  TExaS_Set4                     
000003fb  TExaS_Set5                     
00000407  TExaS_Set6                     
00000413  TExaS_Clear0                   
0000041f  TExaS_Clear1                   
0000042b  TExaS_Clear2                   
00000437  TExaS_Clear3                   
00000443  TExaS_Clear4                   
00000445  TExaS_Clear5                   
00000451  TExaS_Clear6                   
00000475  ADC_Init                       
00000551  TExaS_Init                     
000006b1  TExaS_Stop                     
00000715  SystemCoreClockUpdate          
00000989  SystemInit                     
00000a41  PWM_Init1                      
00000aa7  PWM_Init12                     
00000b2b  PWM_Duty1                      
00000b4b  PWM_Duty2                      
00000b6b  PWM_Init34                     
00000bef  PWM_Duty3                      
00000c0f  PWM_Duty4                      
00000c69  Clock_Init48MHz                
00000d7f  Clock_GetFreq                  
00000d85  delay                          
00000d93  Clock_Delay1us                 
00000dbd  Clock_Delay1ms                 
00000e49  TimedPause                     
00000e69  Program13_1                    
00000ecd  Task                           
00000ef7  main                           
00000f1b  CheckBumper                    
00000f35  TimedPauseNew                  
00000f4b  Program13_3                    
00000ff5  Motor_Init                     
00001047  Motor_Stop                     
0000105b  Motor_Forward                  
00001097  Motor_Right                    
000010dd  Motor_Left                     
00001123  Motor_Backward                 
00001181  LaunchPad_Init                 
000011f1  LaunchPad_Input                
0000120b  LaunchPad_LED                  
00001229  LaunchPad_Output               
00001275  TimerA1_Init                   
000012d3  TimerA1_Stop                   
000012e7  TA1_0_IRQHandler               
000012e7  TA1_0_IRQHandler               
0000131d  __aeabi_memcpy                 
0000131d  __aeabi_memcpy4                
0000131d  __aeabi_memcpy8                
0000131d  memcpy                         
000013b9  __aeabi_memclr                 
000013b9  __aeabi_memclr4                
000013b9  __aeabi_memclr8                
000013bb  __aeabi_memset                 
000013bb  __aeabi_memset4                
000013bb  __aeabi_memset8                
000013c1  memset                         
00001433  __mpu_init                     
00001435  Bump_Init                      
00001469  Bump_Read                      
000014ad  __TI_auto_init                 
0000151d  __TI_decompress_lzss           
00001585  _c_int00                       
000015d9  C$$EXIT                        
000015dd  abort                          
000015e5  exit                           
0000162d  copy_in                        
00001679  DisableInterrupts              
0000167f  EnableInterrupts               
00001685  StartCritical                  
0000168f  EndCritical                    
00001697  WaitForInterrupt               
0000169d  _args_main                     
000016b5  _register_unlock               
000016bb  _register_lock                 
000016c3  _nop                           
000016c9  __TI_decompress_none           
000016d7  Reset_Handler                  
000016e3  ADC14_IRQHandler               
000016e3  AES256_IRQHandler              
000016e3  BusFault_Handler               
000016e3  COMP_E0_IRQHandler             
000016e3  COMP_E1_IRQHandler             
000016e3  CS_IRQHandler                  
000016e3  DMA_ERR_IRQHandler             
000016e3  DMA_INT0_IRQHandler            
000016e3  DMA_INT1_IRQHandler            
000016e3  DMA_INT2_IRQHandler            
000016e3  DMA_INT3_IRQHandler            
000016e3  DebugMon_Handler               
000016e3  Default_Handler                
000016e3  EUSCIA0_IRQHandler             
000016e3  EUSCIA1_IRQHandler             
000016e3  EUSCIA2_IRQHandler             
000016e3  EUSCIA3_IRQHandler             
000016e3  EUSCIB0_IRQHandler             
000016e3  EUSCIB1_IRQHandler             
000016e3  EUSCIB2_IRQHandler             
000016e3  EUSCIB3_IRQHandler             
000016e3  FLCTL_IRQHandler               
000016e3  FPU_IRQHandler                 
000016e3  HardFault_Handler              
000016e3  MemManage_Handler              
000016e3  NMI_Handler                    
000016e3  PCM_IRQHandler                 
000016e3  PORT1_IRQHandler               
000016e3  PORT2_IRQHandler               
000016e3  PORT3_IRQHandler               
000016e3  PORT4_IRQHandler               
000016e3  PORT5_IRQHandler               
000016e3  PORT6_IRQHandler               
000016e3  PSS_IRQHandler                 
000016e3  PendSV_Handler                 
000016e3  RTC_C_IRQHandler               
000016e3  SVC_Handler                    
000016e3  SysTick_Handler                
000016e3  T32_INT2_IRQHandler            
000016e3  T32_INTC_IRQHandler            
000016e3  TA0_0_IRQHandler               
000016e3  TA0_N_IRQHandler               
000016e3  TA1_N_IRQHandler               
000016e3  TA2_0_IRQHandler               
000016e3  TA2_N_IRQHandler               
000016e3  TA3_0_IRQHandler               
000016e3  TA3_N_IRQHandler               
000016e3  UsageFault_Handler             
000016e3  WDT_A_IRQHandler               
000016e5  __TI_zero_init                 
000016f1  _system_pre_init               
000016f5  _system_post_cinit             
00001710  __TI_Handler_Table_Base        
0000171c  __TI_Handler_Table_Limit       
00001728  __TI_CINIT_Base                
00001738  __TI_CINIT_Limit               
20000000  ClockFrequency                 
20000004  Prewait                        
20000008  CPMwait                        
2000000c  Postwait                       
20000010  IFlags                         
20000014  Crystalstable                  
20000018  __TI_cleanup_ptr               
2000001c  __TI_dtors_ptr                 
20000020  __TI_enable_exit_profile_output
20000024  TExaS_ScopeErrLostData         
20000028  TExaS_ScopeErrConflict         
2000002c  TExaS_ScopeWrnReconfig         
20000030  _lock                          
20000034  _unlock                        
20000038  main_func_sp                   
2000003c  SystemCoreClock                
20000040  PeriodicTask2                  
20000044  Running                        
20000048  Time                           
2000004c  TimerA1Task                    
20000050  LogicData                      
2000fe00  __stack                        
20010000  __STACK_END                    
4000480c  WDTCTL_SYM                     
ffffffff  __TI_pprof_out_hndl            
ffffffff  __TI_prof_data_size            
ffffffff  __TI_prof_data_start           
ffffffff  __binit__                      
ffffffff  __c_args__                     
ffffffff  binit                          
UNDEFED   SHT$$INIT_ARRAY$$Base          
UNDEFED   SHT$$INIT_ARRAY$$Limit         

[205 symbols]
