******************************************************************************
                  TI ARM Linker PC v16.9.1                     
******************************************************************************
>> Linked Wed Jan 24 20:52:11 2018

OUTPUT FILE NAME:   <ProfileSqrt.out>
ENTRY POINT SYMBOL: "_c_int00"  address: 000006a5


MEMORY CONFIGURATION

         name            origin    length      used     unused   attr    fill
----------------------  --------  ---------  --------  --------  ----  --------
  MAIN                  00000000   00040000  00000832  0003f7ce  R  X
  INFO                  00200000   00004000  00000000  00004000  R  X
  SRAM_CODE             01000000   00010000  0000022c  0000fdd4  RW X
  SRAM_DATA             20000000   00010000  0000022c  0000fdd4  RW  


SEGMENT ALLOCATION MAP

run origin  load origin   length   init length attrs members
----------  ----------- ---------- ----------- ----- -------
00000000    00000000    00000838   00000838    r-x
  00000000    00000000    000000e4   000000e4    r-- .intvecs
  000000e4    000000e4    0000070e   0000070e    r-x .text
  000007f8    000007f8    00000040   00000040    r-- .cinit
20000000    20000000    0000002c   00000000    rw-
  20000000    20000000    0000001c   00000000    rw- .data
  2000001c    2000001c    00000010   00000000    rw- .bss
2000fe00    2000fe00    00000200   00000000    rw-
  2000fe00    2000fe00    00000200   00000000    rw- .stack


SECTION ALLOCATION MAP

 output                                  attributes/
section   page    origin      length       input sections
--------  ----  ----------  ----------   ----------------
.intvecs   0    00000000    000000e4     
                  00000000    000000e4     startup_msp432p401r_ccs.obj (.intvecs:retain)

.binit     0    00000000    00000000     

.text      0    000000e4    0000070e     
                  000000e4    0000032c     system_msp432p401r.obj (.text)
                  00000410    000000a4     ProfileSqrt.obj (.text)
                  000004b4    0000009c     rtsv7M4_T_le_v4SPD16_eabi.lib : memcpy_t2.obj (.text)
                  00000550    0000007a                                   : memset_t2.obj (.text)
                  000005ca    00000002                                   : mpu_init.obj (.text)
                  000005cc    00000070                                   : autoinit.obj (.text)
                  0000063c    00000068                                   : copy_decompress_lzss.obj (.text:decompress:lzss)
                  000006a4    00000054                                   : boot.obj (.text)
                  000006f8    00000054                                   : exit.obj (.text)
                  0000074c    0000004c                                   : cpy_tbl.obj (.text)
                  00000798    00000018                                   : args_main.obj (.text)
                  000007b0    00000014                                   : _lock.obj (.text)
                  000007c4    0000000e                                   : copy_decompress_none.obj (.text:decompress:none)
                  000007d2    0000000e     startup_msp432p401r_ccs.obj (.text)
                  000007e0    0000000c     rtsv7M4_T_le_v4SPD16_eabi.lib : copy_zero_init.obj (.text:decompress:ZI)
                  000007ec    00000004                                   : pre_init.obj (.text)
                  000007f0    00000002                                   : startup.obj (.text)

.cinit     0    000007f8    00000040     
                  000007f8    00000015     (.cinit..data.load) [load image, compression = lzss]
                  0000080d    00000003     --HOLE-- [fill = 0]
                  00000810    0000000c     (__TI_handler_table)
                  0000081c    00000004     --HOLE-- [fill = 0]
                  00000820    00000008     (.cinit..bss.load) [load image, compression = zero_init]
                  00000828    00000010     (__TI_cinit_table)

.init_array 
*          0    00000000    00000000     UNINITIALIZED

.data      0    20000000    0000001c     UNINITIALIZED
                  20000000    0000000c     rtsv7M4_T_le_v4SPD16_eabi.lib : exit.obj (.data:$O1$$)
                  2000000c    00000008                                   : _lock.obj (.data:$O1$$)
                  20000014    00000004                                   : stkdepth_vars.obj (.data)
                  20000018    00000004     system_msp432p401r.obj (.data)

.bss       0    2000001c    00000010     UNINITIALIZED
                  2000001c    00000004     (.common:before)
                  20000020    00000004     (.common:elapsed)
                  20000024    00000004     (.common:ss)
                  20000028    00000004     (.common:tt)

.stack     0    2000fe00    00000200     UNINITIALIZED
                  2000fe00    00000200     --HOLE--

MODULE SUMMARY

       Module                        code   ro data   rw data
       ------                        ----   -------   -------
    .\
       system_msp432p401r.obj        812    0         8      
       startup_msp432p401r_ccs.obj   14     228       0      
       ProfileSqrt.obj               164    0         32     
    +--+-----------------------------+------+---------+---------+
       Total:                        990    228       40     
                                                             
    C:\ti\ccsv7\tools\compiler\ti-cgt-arm_16.9.1.LTS\lib\rtsv7M4_T_le_v4SPD16_eabi.lib
       memcpy_t2.obj                 156    0         0      
       memset_t2.obj                 122    0         0      
       autoinit.obj                  112    0         0      
       exit.obj                      84     0         24     
       copy_decompress_lzss.obj      104    0         0      
       boot.obj                      84     0         0      
       cpy_tbl.obj                   76     0         0      
       _lock.obj                     20     0         16     
       args_main.obj                 24     0         0      
       copy_decompress_none.obj      14     0         0      
       copy_zero_init.obj            12     0         0      
       stkdepth_vars.obj             0      0         8      
       pre_init.obj                  4      0         0      
       mpu_init.obj                  2      0         0      
       startup.obj                   2      0         0      
    +--+-----------------------------+------+---------+---------+
       Total:                        816    0         48     
                                                             
       Stack:                        0      0         1024   
       Linker Generated:             0      57        0      
    +--+-----------------------------+------+---------+---------+
       Grand Total:                  1806   285       1112   


LINKER GENERATED COPY TABLES

__TI_cinit_table @ 00000828 records: 2, size/record: 8, table size: 16
	.data: load addr=000007f8, load size=00000015 bytes, run addr=20000000, run size=0000001c bytes, compression=lzss
	.bss: load addr=00000820, load size=00000008 bytes, run addr=2000001c, run size=00000010 bytes, compression=zero_init


LINKER GENERATED HANDLER TABLE

__TI_handler_table @ 00000810 records: 3, size/record: 4, table size: 12
	index: 0, handler: __TI_decompress_lzss
	index: 1, handler: __TI_decompress_none
	index: 2, handler: __TI_zero_init


GLOBAL SYMBOLS: SORTED ALPHABETICALLY BY Name 

address   name                           
-------   ----                           
000007df  ADC14_IRQHandler               
000007df  AES256_IRQHandler              
000007df  BusFault_Handler               
000006f9  C$$EXIT                        
000007df  COMP_E0_IRQHandler             
000007df  COMP_E1_IRQHandler             
000007df  CS_IRQHandler                  
000007df  DMA_ERR_IRQHandler             
000007df  DMA_INT0_IRQHandler            
000007df  DMA_INT1_IRQHandler            
000007df  DMA_INT2_IRQHandler            
000007df  DMA_INT3_IRQHandler            
000007df  DebugMon_Handler               
000007df  Default_Handler                
000007df  EUSCIA0_IRQHandler             
000007df  EUSCIA1_IRQHandler             
000007df  EUSCIA2_IRQHandler             
000007df  EUSCIA3_IRQHandler             
000007df  EUSCIB0_IRQHandler             
000007df  EUSCIB1_IRQHandler             
000007df  EUSCIB2_IRQHandler             
000007df  EUSCIB3_IRQHandler             
000007df  FLCTL_IRQHandler               
000007df  FPU_IRQHandler                 
000007df  HardFault_Handler              
000007df  MemManage_Handler              
000007df  NMI_Handler                    
000007df  PCM_IRQHandler                 
000007df  PORT1_IRQHandler               
000007df  PORT2_IRQHandler               
000007df  PORT3_IRQHandler               
000007df  PORT4_IRQHandler               
000007df  PORT5_IRQHandler               
000007df  PORT6_IRQHandler               
000007df  PSS_IRQHandler                 
000007df  PendSV_Handler                 
000007df  RTC_C_IRQHandler               
000007d3  Reset_Handler                  
UNDEFED   SHT$$INIT_ARRAY$$Base          
UNDEFED   SHT$$INIT_ARRAY$$Limit         
000007df  SVC_Handler                    
000007df  SysTick_Handler                
00000411  SysTick_Init                   
20000018  SystemCoreClock                
000000e5  SystemCoreClockUpdate          
00000359  SystemInit                     
000007df  T32_INT1_IRQHandler            
000007df  T32_INT2_IRQHandler            
000007df  T32_INTC_IRQHandler            
000007df  TA0_0_IRQHandler               
000007df  TA0_N_IRQHandler               
000007df  TA1_0_IRQHandler               
000007df  TA1_N_IRQHandler               
000007df  TA2_0_IRQHandler               
000007df  TA2_N_IRQHandler               
000007df  TA3_0_IRQHandler               
000007df  TA3_N_IRQHandler               
000007df  UsageFault_Handler             
4000480c  WDTCTL_SYM                     
000007df  WDT_A_IRQHandler               
20010000  __STACK_END                    
00000200  __STACK_SIZE                   
00000828  __TI_CINIT_Base                
00000838  __TI_CINIT_Limit               
00000810  __TI_Handler_Table_Base        
0000081c  __TI_Handler_Table_Limit       
000005cd  __TI_auto_init                 
20000000  __TI_cleanup_ptr               
0000063d  __TI_decompress_lzss           
000007c5  __TI_decompress_none           
20000004  __TI_dtors_ptr                 
20000008  __TI_enable_exit_profile_output
ffffffff  __TI_pprof_out_hndl            
ffffffff  __TI_prof_data_size            
ffffffff  __TI_prof_data_start           
00000000  __TI_static_base__             
000007e1  __TI_zero_init                 
00000551  __aeabi_memclr                 
00000551  __aeabi_memclr4                
00000551  __aeabi_memclr8                
000004b5  __aeabi_memcpy                 
000004b5  __aeabi_memcpy4                
000004b5  __aeabi_memcpy8                
00000553  __aeabi_memset                 
00000553  __aeabi_memset4                
00000553  __aeabi_memset8                
ffffffff  __binit__                      
ffffffff  __c_args__                     
000005cb  __mpu_init                     
2000fe00  __stack                        
00000799  _args_main                     
000006a5  _c_int00                       
2000000c  _lock                          
000007bf  _nop                           
000007b7  _register_lock                 
000007b1  _register_unlock               
000007f1  _system_post_cinit             
000007ed  _system_pre_init               
20000010  _unlock                        
000006fd  abort                          
2000001c  before                         
ffffffff  binit                          
0000074d  copy_in                        
20000020  elapsed                        
00000705  exit                           
00000000  interruptVectors               
0000045f  main                           
20000014  main_func_sp                   
000004b5  memcpy                         
00000559  memset                         
00000421  sqrt                           
20000024  ss                             
20000028  tt                             


GLOBAL SYMBOLS: SORTED BY Symbol Address 

address   name                           
-------   ----                           
00000000  __TI_static_base__             
00000000  interruptVectors               
000000e5  SystemCoreClockUpdate          
00000200  __STACK_SIZE                   
00000359  SystemInit                     
00000411  SysTick_Init                   
00000421  sqrt                           
0000045f  main                           
000004b5  __aeabi_memcpy                 
000004b5  __aeabi_memcpy4                
000004b5  __aeabi_memcpy8                
000004b5  memcpy                         
00000551  __aeabi_memclr                 
00000551  __aeabi_memclr4                
00000551  __aeabi_memclr8                
00000553  __aeabi_memset                 
00000553  __aeabi_memset4                
00000553  __aeabi_memset8                
00000559  memset                         
000005cb  __mpu_init                     
000005cd  __TI_auto_init                 
0000063d  __TI_decompress_lzss           
000006a5  _c_int00                       
000006f9  C$$EXIT                        
000006fd  abort                          
00000705  exit                           
0000074d  copy_in                        
00000799  _args_main                     
000007b1  _register_unlock               
000007b7  _register_lock                 
000007bf  _nop                           
000007c5  __TI_decompress_none           
000007d3  Reset_Handler                  
000007df  ADC14_IRQHandler               
000007df  AES256_IRQHandler              
000007df  BusFault_Handler               
000007df  COMP_E0_IRQHandler             
000007df  COMP_E1_IRQHandler             
000007df  CS_IRQHandler                  
000007df  DMA_ERR_IRQHandler             
000007df  DMA_INT0_IRQHandler            
000007df  DMA_INT1_IRQHandler            
000007df  DMA_INT2_IRQHandler            
000007df  DMA_INT3_IRQHandler            
000007df  DebugMon_Handler               
000007df  Default_Handler                
000007df  EUSCIA0_IRQHandler             
000007df  EUSCIA1_IRQHandler             
000007df  EUSCIA2_IRQHandler             
000007df  EUSCIA3_IRQHandler             
000007df  EUSCIB0_IRQHandler             
000007df  EUSCIB1_IRQHandler             
000007df  EUSCIB2_IRQHandler             
000007df  EUSCIB3_IRQHandler             
000007df  FLCTL_IRQHandler               
000007df  FPU_IRQHandler                 
000007df  HardFault_Handler              
000007df  MemManage_Handler              
000007df  NMI_Handler                    
000007df  PCM_IRQHandler                 
000007df  PORT1_IRQHandler               
000007df  PORT2_IRQHandler               
000007df  PORT3_IRQHandler               
000007df  PORT4_IRQHandler               
000007df  PORT5_IRQHandler               
000007df  PORT6_IRQHandler               
000007df  PSS_IRQHandler                 
000007df  PendSV_Handler                 
000007df  RTC_C_IRQHandler               
000007df  SVC_Handler                    
000007df  SysTick_Handler                
000007df  T32_INT1_IRQHandler            
000007df  T32_INT2_IRQHandler            
000007df  T32_INTC_IRQHandler            
000007df  TA0_0_IRQHandler               
000007df  TA0_N_IRQHandler               
000007df  TA1_0_IRQHandler               
000007df  TA1_N_IRQHandler               
000007df  TA2_0_IRQHandler               
000007df  TA2_N_IRQHandler               
000007df  TA3_0_IRQHandler               
000007df  TA3_N_IRQHandler               
000007df  UsageFault_Handler             
000007df  WDT_A_IRQHandler               
000007e1  __TI_zero_init                 
000007ed  _system_pre_init               
000007f1  _system_post_cinit             
00000810  __TI_Handler_Table_Base        
0000081c  __TI_Handler_Table_Limit       
00000828  __TI_CINIT_Base                
00000838  __TI_CINIT_Limit               
20000000  __TI_cleanup_ptr               
20000004  __TI_dtors_ptr                 
20000008  __TI_enable_exit_profile_output
2000000c  _lock                          
20000010  _unlock                        
20000014  main_func_sp                   
20000018  SystemCoreClock                
2000001c  before                         
20000020  elapsed                        
20000024  ss                             
20000028  tt                             
2000fe00  __stack                        
20010000  __STACK_END                    
4000480c  WDTCTL_SYM                     
ffffffff  __TI_pprof_out_hndl            
ffffffff  __TI_prof_data_size            
ffffffff  __TI_prof_data_start           
ffffffff  __binit__                      
ffffffff  __c_args__                     
ffffffff  binit                          
UNDEFED   SHT$$INIT_ARRAY$$Base          
UNDEFED   SHT$$INIT_ARRAY$$Limit         

[113 symbols]
