******************************************************************************
                  TI ARM Linker PC v18.12.2                    
******************************************************************************
>> Linked Wed Sep 11 16:51:17 2019

OUTPUT FILE NAME:   <Lab06_GPIO.out>
ENTRY POINT SYMBOL: "_c_int00_noargs"  address: 00003629


MEMORY CONFIGURATION

         name            origin    length      used     unused   attr    fill
----------------------  --------  ---------  --------  --------  ----  --------
  MAIN                  00000000   00040000  00003a2d  0003c5d3  R  X
  INFO                  00200000   00004000  00000000  00004000  R  X
  SRAM_CODE             01000000   00010000  000009e2  0000f61e  RW X
  SRAM_DATA             20000000   00010000  000009e2  0000f61e  RW  


SEGMENT ALLOCATION MAP

run origin  load origin   length   init length attrs members
----------  ----------- ---------- ----------- ----- -------
00000000    00000000    00003a30   00003a30    r-x
  00000000    00000000    000000e4   000000e4    r-- .intvecs
  000000e4    000000e4    000037b0   000037b0    r-x .text
  00003894    00003894    00000101   00000101    r-- .const
  00003998    00003998    00000098   00000098    r-- .cinit
20000000    20000000    000007e2   00000000    rw-
  20000000    20000000    00000400   00000000    rw- .sysmem
  20000400    20000400    00000210   00000000    rw- .data
  20000610    20000610    000001d2   00000000    rw- .bss
2000fe00    2000fe00    00000200   00000000    rw-
  2000fe00    2000fe00    00000200   00000000    rw- .stack


SECTION ALLOCATION MAP

 output                                  attributes/
section   page    origin      length       input sections
--------  ----  ----------  ----------   ----------------
.intvecs   0    00000000    000000e4     
                  00000000    000000e4     startup_msp432p401r_ccs.obj (.intvecs:retain)

.text      0    000000e4    000037b0     
                  000000e4    00000a4e     rtsv7M4_T_le_v4SPD16_eabi.lib : _printfi.c.obj (.text:__TI_printfi)
                  00000b32    00000002                                   : _lock.c.obj (.text:_nop)
                  00000b34    00000630     TExaS.obj (.text)
                  00001164    0000032c     system_msp432p401r.obj (.text)
                  00001490    00000270     rtsv7M4_T_le_v4SPD16_eabi.lib : _printfi.c.obj (.text:_pconv_a)
                  00001700    000001e0     Clock.obj (.text)
                  000018e0    000001d0     rtsv7M4_T_le_v4SPD16_eabi.lib : _printfi.c.obj (.text:_pconv_g)
                  00001ab0    000001b6                                   : fd_add_t2.asm.obj (.text)
                  00001c66    00000002                                   : div0.asm.obj (.text)
                  00001c68    0000016c     Reflectance.obj (.text)
                  00001dd4    0000013c     rtsv7M4_T_le_v4SPD16_eabi.lib : _printfi.c.obj (.text:_pconv_e)
                  00001f10    00000136                                   : fd_div_t2.asm.obj (.text)
                  00002046    00000002     --HOLE-- [fill = 0]
                  00002048    00000124                                   : _printfi.c.obj (.text:fcvt)
                  0000216c    00000114                                   : fputs.c.obj (.text:fputs)
                  00002280    00000110                                   : s_scalbn.c.obj (.text:scalbn)
                  00002390    00000108     Lab06_GPIOmain.obj (.text)
                  00002498    000000fc     rtsv7M4_T_le_v4SPD16_eabi.lib : fd_mul_t2.asm.obj (.text)
                  00002594    000000f4                                   : memory.c.obj (.text:aligned_alloc)
                  00002688    000000e8                                   : memory.c.obj (.text:free)
                  00002770    000000dc                                   : setvbuf.c.obj (.text:setvbuf)
                  0000284c    000000b1                                   : _printfi.c.obj (.text:_ltostr)
                  000028fd    00000001     --HOLE-- [fill = 0]
                  000028fe    0000009c                                   : memcpy_t2.asm.obj (.text)
                  0000299a    00000096                                   : ull_div_t2.asm.obj (.text)
                  00002a30    0000008c                                   : fputc.c.obj (.text:fputc)
                  00002abc    00000086                                   : fd_cmp_t2.asm.obj (.text:__aeabi_cdcmple)
                  00002b42    00000086                                   : fd_cmp_t2.asm.obj (.text:__aeabi_cdrcmple)
                  00002bc8    0000007c                                   : memory.c.obj (.text:split)
                  00002c44    0000007a                                   : memset_t2.asm.obj (.text)
                  00002cbe    00000002     --HOLE-- [fill = 0]
                  00002cc0    00000074                                   : fclose.c.obj (.text:__TI_closefile)
                  00002d34    0000006e                                   : _printfi.c.obj (.text:_mcpy)
                  00002da2    00000002     --HOLE-- [fill = 0]
                  00002da4    00000068                                   : hostlseek.c.obj (.text:HOSTlseek)
                  00002e0c    00000068                                   : hostrename.c.obj (.text:HOSTrename)
                  00002e74    00000068                                   : copy_decompress_lzss.c.obj (.text:decompress:lzss:__TI_decompress_lzss)
                  00002edc    00000068                                   : printf.c.obj (.text:printf)
                  00002f44    00000064                                   : s_frexp.c.obj (.text:frexp)
                  00002fa8    00000064                                   : fseek.c.obj (.text:fseek)
                  0000300c    00000062                                   : _io_perm.c.obj (.text:__TI_wrt_ok)
                  0000306e    00000002     --HOLE-- [fill = 0]
                  00003070    00000060                                   : hostopen.c.obj (.text:HOSTopen)
                  000030d0    0000005c                                   : close.c.obj (.text:close)
                  0000312c    00000058                                   : hostread.c.obj (.text:HOSTread)
                  00003184    00000058                                   : hostwrite.c.obj (.text:HOSTwrite)
                  000031dc    00000056                                   : _printfi.c.obj (.text:_pconv_f)
                  00003232    00000054                                   : ltoa.c.obj (.text:ltoa)
                  00003286    00000052                                   : _printfi.c.obj (.text:_ecpy)
                  000032d8    0000004c                                   : fflush.c.obj (.text:__TI_doflush)
                  00003324    0000004c                                   : atoi.c.obj (.text:atoi)
                  00003370    00000048                                   : exit.c.obj (.text:exit)
                  000033b8    00000048                                   : fd_toi_t2.asm.obj (.text)
                  00003400    00000044                                   : hostclose.c.obj (.text:HOSTclose)
                  00003444    00000044                                   : hostunlink.c.obj (.text:HOSTunlink)
                  00003488    00000044                                   : autoinit.c.obj (.text:__TI_auto_init_nobinit_nopinit:__TI_auto_init_nobinit_nopinit)
                  000034cc    00000044                                   : getdevice.c.obj (.text:getdevice)
                  00003510    0000003e                                   : _printfi.c.obj (.text:_fcpy)
                  0000354e    00000002     --HOLE-- [fill = 0]
                  00003550    00000038                                   : trgmsg.c.obj (.text:__TI_writemsg)
                  00003588    00000036                                   : strncpy.c.obj (.text:strncpy)
                  000035be    00000002     --HOLE-- [fill = 0]
                  000035c0    00000034                                   : fopen.c.obj (.text:__TI_cleanup)
                  000035f4    00000034                                   : trgmsg.c.obj (.text:__TI_readmsg)
                  00003628    00000034                                   : boot_cortex_m.c.obj (.text:_c_int00_noargs:_c_int00_noargs)
                  0000365c    00000030                                   : getdevice.c.obj (.text:finddevice)
                  0000368c    0000002e                                   : i_tofd_t2.asm.obj (.text)
                  000036ba    00000002     --HOLE-- [fill = 0]
                  000036bc    0000002c                                   : unlink.c.obj (.text:unlink)
                  000036e8    00000028                                   : memory.c.obj (.text:free_list_insert)
                  00003710    00000028                                   : lseek.c.obj (.text:lseek)
                  00003738    00000028                                   : write.c.obj (.text:write)
                  00003760    00000020                                   : memchr.c.obj (.text:memchr)
                  00003780    0000001c                                   : copy_zero_init.c.obj (.text:decompress:ZI:__TI_zero_init_nomemset:__TI_zero_init_nomemset)
                  0000379c    0000001c                                   : memory.c.obj (.text:free_list_remove)
                  000037b8    0000001c                                   : memccpy.c.obj (.text:memccpy)
                  000037d4    0000001a                                   : s_copysign.c.obj (.text:copysign)
                  000037ee    00000018                                   : strcmp.c.obj (.text:strcmp)
                  00003806    00000016                                   : strchr.c.obj (.text:strchr)
                  0000381c    00000014                                   : strcpy.c.obj (.text:strcpy)
                  00003830    00000014                                   : strlen.c.obj (.text:strlen)
                  00003844    00000012                                   : wcslen.c.obj (.text:wcslen)
                  00003856    0000000e                                   : copy_decompress_none.c.obj (.text:decompress:none:__TI_decompress_none)
                  00003864    0000000e     startup_msp432p401r_ccs.obj (.text)
                  00003872    00000002     --HOLE-- [fill = 0]
                  00003874    00000008     rtsv7M4_T_le_v4SPD16_eabi.lib : errno.c.obj (.text:__aeabi_errno_addr)
                  0000387c    00000008                                   : memory.c.obj (.text:malloc)
                  00003884    00000004                                   : printf.c.obj (.text:_outc)
                  00003888    00000004                                   : printf.c.obj (.text:_outs)
                  0000388c    00000004                                   : pre_init.c.obj (.text:_system_pre_init)
                  00003890    00000004                                   : exit.c.obj (.text:abort:abort)

.const     0    00003894    00000101     
                  00003894    00000101     rtsv7M4_T_le_v4SPD16_eabi.lib : ctype.c.obj (.const:.string:_ctypes_)

.cinit     0    00003998    00000098     
                  00003998    0000006d     (.cinit..data.load) [load image, compression = lzss]
                  00003a05    00000003     --HOLE-- [fill = 0]
                  00003a08    0000000c     (__TI_handler_table)
                  00003a14    00000004     --HOLE-- [fill = 0]
                  00003a18    00000008     (.cinit..bss.load) [load image, compression = zero_init]
                  00003a20    00000010     (__TI_cinit_table)

.init_array 
*          0    00000000    00000000     UNINITIALIZED

.binit     0    00000000    00000000     

.sysmem    0    20000000    00000400     UNINITIALIZED
                  20000000    00000010     rtsv7M4_T_le_v4SPD16_eabi.lib : memory.c.obj (.sysmem)
                  20000010    000003f0     --HOLE--

.data      0    20000400    00000210     UNINITIALIZED
                  20000400    000000f0     rtsv7M4_T_le_v4SPD16_eabi.lib : defs.c.obj (.data:_ftable)
                  200004f0    00000078                                   : host_device.c.obj (.data:_device)
                  20000568    00000050                                   : host_device.c.obj (.data:_stream)
                  200005b8    00000018     Clock.obj (.data)
                  200005d0    00000010     rtsv7M4_T_le_v4SPD16_eabi.lib : defs.c.obj (.data)
                  200005e0    0000000c                                   : exit.c.obj (.data:$O1$$)
                  200005ec    0000000c     TExaS.obj (.data)
                  200005f8    00000008     rtsv7M4_T_le_v4SPD16_eabi.lib : _lock.c.obj (.data:$O1$$)
                  20000600    00000008                                   : memory.c.obj (.data:$O1$$)
                  20000608    00000004                                   : errno.c.obj (.data)
                  2000060c    00000004     system_msp432p401r.obj (.data)

.bss       0    20000610    000001d2     UNINITIALIZED
                  20000610    00000120     rtsv7M4_T_le_v4SPD16_eabi.lib : trgmsg.c.obj (.bss:_CIOBUF_)
                  20000730    000000a0     (.common:__TI_tmpnams)
                  200007d0    00000008     (.common:parmbuf)
                  200007d8    00000004     (.common:PeriodicTask2)
                  200007dc    00000004     (.common:Position)
                  200007e0    00000001     (.common:Data)
                  200007e1    00000001     (.common:LogicData)

.stack     0    2000fe00    00000200     UNINITIALIZED
                  2000fe00    00000004     rtsv7M4_T_le_v4SPD16_eabi.lib : boot_cortex_m.c.obj (.stack)
                  2000fe04    000001fc     --HOLE--

MODULE SUMMARY

       Module                        code    ro data   rw data
       ------                        ----    -------   -------
    .\
       TExaS.obj                     1584    0         34     
       system_msp432p401r.obj        812     0         8      
       Clock.obj                     480     0         48     
       Reflectance.obj               364     0         0      
       Lab06_GPIOmain.obj            264     0         10     
       startup_msp432p401r_ccs.obj   14      228       0      
    +--+-----------------------------+-------+---------+---------+
       Total:                        3518    228       100    
                                                              
    C:\ti\ccs910\ccs\tools\compiler\ti-cgt-arm_18.12.2.LTS\lib\rtsv7M4_T_le_v4SPD16_eabi.lib
       _printfi.c.obj                4851    0         0      
       defs.c.obj                    0       0         832    
       memory.c.obj                  676     0         16     
       trgmsg.c.obj                  108     0         576    
       fd_add_t2.asm.obj             438     0         0      
       host_device.c.obj             0       0         400    
       fd_div_t2.asm.obj             310     0         0      
       fputs.c.obj                   276     0         0      
       s_scalbn.c.obj                272     0         0      
       fd_cmp_t2.asm.obj             268     0         0      
       ctype.c.obj                   0       257       0      
       fd_mul_t2.asm.obj             252     0         0      
       setvbuf.c.obj                 220     0         0      
       memcpy_t2.asm.obj             156     0         0      
       ull_div_t2.asm.obj            150     0         0      
       fputc.c.obj                   140     0         0      
       memset_t2.asm.obj             122     0         0      
       fclose.c.obj                  116     0         0      
       getdevice.c.obj               116     0         0      
       hostopen.c.obj                96      0         16     
       printf.c.obj                  112     0         0      
       copy_decompress_lzss.c.obj    104     0         0      
       hostlseek.c.obj               104     0         0      
       hostrename.c.obj              104     0         0      
       exit.c.obj                    76      0         24     
       fseek.c.obj                   100     0         0      
       s_frexp.c.obj                 100     0         0      
       _io_perm.c.obj                98      0         0      
       close.c.obj                   92      0         0      
       hostread.c.obj                88      0         0      
       hostwrite.c.obj               88      0         0      
       ltoa.c.obj                    84      0         0      
       atoi.c.obj                    76      0         0      
       fflush.c.obj                  76      0         0      
       fd_toi_t2.asm.obj             72      0         0      
       autoinit.c.obj                68      0         0      
       hostclose.c.obj               68      0         0      
       hostunlink.c.obj              68      0         0      
       strncpy.c.obj                 54      0         0      
       boot_cortex_m.c.obj           52      0         0      
       fopen.c.obj                   52      0         0      
       i_tofd_t2.asm.obj             46      0         0      
       unlink.c.obj                  44      0         0      
       lseek.c.obj                   40      0         0      
       write.c.obj                   40      0         0      
       memchr.c.obj                  32      0         0      
       copy_zero_init.c.obj          28      0         0      
       memccpy.c.obj                 28      0         0      
       s_copysign.c.obj              26      0         0      
       strcmp.c.obj                  24      0         0      
       strchr.c.obj                  22      0         0      
       strcpy.c.obj                  20      0         0      
       strlen.c.obj                  20      0         0      
       _lock.c.obj                   2       0         16     
       wcslen.c.obj                  18      0         0      
       errno.c.obj                   8       0         8      
       copy_decompress_none.c.obj    14      0         0      
       pre_init.c.obj                4       0         0      
       div0.asm.obj                  2       0         0      
    +--+-----------------------------+-------+---------+---------+
       Total:                        10721   257       1888   
                                                              
       Heap:                         0       0         2048   
       Stack:                        0       0         1024   
       Linker Generated:             0       145       0      
    +--+-----------------------------+-------+---------+---------+
       Grand Total:                  14239   630       5060   


LINKER GENERATED COPY TABLES

__TI_cinit_table @ 00003a20 records: 2, size/record: 8, table size: 16
	.data: load addr=00003998, load size=0000006d bytes, run addr=20000400, run size=00000210 bytes, compression=lzss
	.bss: load addr=00003a18, load size=00000008 bytes, run addr=20000610, run size=000001d2 bytes, compression=zero_init


LINKER GENERATED HANDLER TABLE

__TI_handler_table @ 00003a08 records: 3, size/record: 4, table size: 12
	index: 0, handler: __TI_decompress_lzss
	index: 1, handler: __TI_decompress_none
	index: 2, handler: __TI_zero_init


GLOBAL SYMBOLS: SORTED ALPHABETICALLY BY Name 

address   name                           
-------   ----                           
00003871  ADC14_IRQHandler               
00000ec5  ADC_Init                       
00003871  AES256_IRQHandler              
00003871  BusFault_Handler               
00003891  C$$EXIT                        
0000357f  C$$IO$$                        
00003871  COMP_E0_IRQHandler             
00003871  COMP_E1_IRQHandler             
200005c0  CPMwait                        
00003871  CS_IRQHandler                  
200005b8  ClockFrequency                 
00001855  Clock_Delay1ms                 
0000182b  Clock_Delay1us                 
00001817  Clock_GetFreq                  
00001701  Clock_Init48MHz                
200005cc  Crystalstable                  
00003871  DMA_ERR_IRQHandler             
00003871  DMA_INT0_IRQHandler            
00003871  DMA_INT1_IRQHandler            
00003871  DMA_INT2_IRQHandler            
00003871  DMA_INT3_IRQHandler            
200007e0  Data                           
00003871  DebugMon_Handler               
00003871  Default_Handler                
00003871  EUSCIA0_IRQHandler             
00003871  EUSCIA1_IRQHandler             
00003871  EUSCIA2_IRQHandler             
00003871  EUSCIA3_IRQHandler             
00003871  EUSCIB0_IRQHandler             
00003871  EUSCIB1_IRQHandler             
00003871  EUSCIB2_IRQHandler             
00003871  EUSCIB3_IRQHandler             
00003871  FLCTL_IRQHandler               
00003871  FPU_IRQHandler                 
00003401  HOSTclose                      
00002da5  HOSTlseek                      
00003071  HOSTopen                       
0000312d  HOSTread                       
00002e0d  HOSTrename                     
00003445  HOSTunlink                     
00003185  HOSTwrite                      
00003871  HardFault_Handler              
200005c8  IFlags                         
00000b35  LogicAnalyzer                  
00000b3f  LogicAnalyzer_P1               
00000c15  LogicAnalyzer_P10              
00000b4d  LogicAnalyzer_P2               
00000b5b  LogicAnalyzer_P2_7654          
00000b6b  LogicAnalyzer_P3               
00000b79  LogicAnalyzer_P4               
00000b97  LogicAnalyzer_P4_765320        
00000b87  LogicAnalyzer_P4_765432        
00000bcf  LogicAnalyzer_P5               
00000bdd  LogicAnalyzer_P6               
00000beb  LogicAnalyzer_P7               
00000bf9  LogicAnalyzer_P8               
00000c07  LogicAnalyzer_P9               
200007e1  LogicData                      
00003871  MemManage_Handler              
00003871  NMI_Handler                    
00003871  PCM_IRQHandler                 
00003871  PORT1_IRQHandler               
00003871  PORT2_IRQHandler               
00003871  PORT3_IRQHandler               
00003871  PORT4_IRQHandler               
00003871  PORT5_IRQHandler               
00003871  PORT6_IRQHandler               
00003871  PSS_IRQHandler                 
00003871  PendSV_Handler                 
200007d8  PeriodicTask2                  
00000ca7  PeriodicTask2_Init             
00000d21  PeriodicTask2_Stop             
200007dc  Position                       
200005c4  Postwait                       
200005bc  Prewait                        
00002391  Program6_1                     
00003871  RTC_C_IRQHandler               
00001d63  Reflectance_Center             
00001d7f  Reflectance_End                
00001c69  Reflectance_Init               
00001d6f  Reflectance_Position           
00001ce9  Reflectance_Read               
00001d7d  Reflectance_Start              
00003865  Reset_Handler                  
00003871  SVC_Handler                    
00000c23  Scope                          
00003871  SysTick_Handler                
2000060c  SystemCoreClock                
00001165  SystemCoreClockUpdate          
000013d9  SystemInit                     
00000d11  T32_INT1_IRQHandler            
00000d11  T32_INT1_IRQHandler            
00003871  T32_INT2_IRQHandler            
00003871  T32_INTC_IRQHandler            
00003871  TA0_0_IRQHandler               
00003871  TA0_N_IRQHandler               
00003871  TA1_0_IRQHandler               
00003871  TA1_N_IRQHandler               
00003871  TA2_0_IRQHandler               
00003871  TA2_N_IRQHandler               
00003871  TA3_0_IRQHandler               
00003871  TA3_N_IRQHandler               
00000e63  TExaS_Clear0                   
00000e6f  TExaS_Clear1                   
00000e7b  TExaS_Clear2                   
00000e87  TExaS_Clear3                   
00000e93  TExaS_Clear4                   
00000e95  TExaS_Clear5                   
00000ea1  TExaS_Clear6                   
00000fa1  TExaS_Init                     
200005f0  TExaS_ScopeErrConflict         
200005ec  TExaS_ScopeErrLostData         
200005f4  TExaS_ScopeWrnReconfig         
00000e01  TExaS_Set                      
00000e19  TExaS_Set0                     
00000e25  TExaS_Set1                     
00000e31  TExaS_Set2                     
00000e3d  TExaS_Set3                     
00000e49  TExaS_Set4                     
00000e4b  TExaS_Set5                     
00000e57  TExaS_Set6                     
00001101  TExaS_Stop                     
00000db7  TExaS_Task0                    
00000dc3  TExaS_Task1                    
00000dcf  TExaS_Task2                    
00000ddb  TExaS_Task3                    
00000de7  TExaS_Task4                    
00000de9  TExaS_Task5                    
00000df5  TExaS_Task6                    
00000d8b  UART_InChar                    
00000d31  UART_Init                      
00000d9b  UART_OutChar                   
00003871  UsageFault_Handler             
4000480c  WDTCTL_SYM                     
00003871  WDT_A_IRQHandler               
20000610  __CIOBUF_                      
20010000  __STACK_END                    
00000200  __STACK_SIZE                   
00000400  __SYSMEM_SIZE                  
00003a20  __TI_CINIT_Base                
00003a30  __TI_CINIT_Limit               
00003a08  __TI_Handler_Table_Base        
00003a14  __TI_Handler_Table_Limit       
00003489  __TI_auto_init_nobinit_nopinit 
000035c1  __TI_cleanup                   
200005e0  __TI_cleanup_ptr               
00002cc1  __TI_closefile                 
00002e75  __TI_decompress_lzss           
00003857  __TI_decompress_none           
000032d9  __TI_doflush                   
200005e4  __TI_dtors_ptr                 
200005e8  __TI_enable_exit_profile_output
200005d0  __TI_ft_end                    
ffffffff  __TI_pprof_out_hndl            
000000e5  __TI_printfi                   
ffffffff  __TI_prof_data_size            
ffffffff  __TI_prof_data_start           
000035f5  __TI_readmsg                   
00000000  __TI_static_base__             
20000730  __TI_tmpnams                   
00003551  __TI_writemsg                  
0000300d  __TI_wrt_ok                    
00003781  __TI_zero_init_nomemset        
00002abd  __aeabi_cdcmpeq                
00002abd  __aeabi_cdcmple                
00002b43  __aeabi_cdrcmple               
000033b9  __aeabi_d2iz                   
00001abb  __aeabi_dadd                   
00001f11  __aeabi_ddiv                   
00002499  __aeabi_dmul                   
00001ab1  __aeabi_dsub                   
00003875  __aeabi_errno_addr             
0000368d  __aeabi_i2d                    
00001c67  __aeabi_idiv0                  
00001c67  __aeabi_ldiv0                  
00002c45  __aeabi_memclr                 
00002c45  __aeabi_memclr4                
00002c45  __aeabi_memclr8                
000028ff  __aeabi_memcpy                 
000028ff  __aeabi_memcpy4                
000028ff  __aeabi_memcpy8                
00002c47  __aeabi_memset                 
00002c47  __aeabi_memset4                
00002c47  __aeabi_memset8                
200005dc  __aeabi_stderr                 
200005d4  __aeabi_stdin                  
200005d8  __aeabi_stdout                 
0000299b  __aeabi_uldivmod               
ffffffff  __binit__                      
ffffffff  __c_args__                     
UNDEFED   __mpu_init                     
2000fe00  __stack                        
00003629  _c_int00_noargs                
00003894  _ctypes_                       
200004f0  _device                        
20000400  _ftable                        
200005f8  _lock                          
00000b33  _nop                           
20000568  _stream                        
20000000  _sys_memory                    
UNDEFED   _system_post_cinit             
0000388d  _system_pre_init               
200005fc  _unlock                        
00003891  abort                          
00002595  aligned_alloc                  
00003325  atoi                           
ffffffff  binit                          
000030d1  close                          
000037d5  copysign                       
000037d5  copysignl                      
0000181d  delay                          
20000608  errno                          
00003371  exit                           
0000365d  finddevice                     
00002a31  fputc                          
0000216d  fputs                          
00002689  free                           
00002f45  frexp                          
00002f45  frexpl                         
00002fa9  fseek                          
000034cd  getdevice                      
00000000  interruptVectors               
00002281  ldexp                          
00002281  ldexpl                         
00003711  lseek                          
00003233  ltoa                           
000023b5  main                           
000023e5  main2                          
0000387d  malloc                         
00002595  memalign                       
000037b9  memccpy                        
00003761  memchr                         
000028ff  memcpy                         
00002c4d  memset                         
200007d0  parmbuf                        
00002edd  printf                         
00002a31  putc                           
000036bd  remove                         
00002281  scalbn                         
00002281  scalbnl                        
00002771  setvbuf                        
00003807  strchr                         
000037ef  strcmp                         
0000381d  strcpy                         
00003831  strlen                         
00003589  strncpy                        
000036bd  unlink                         
00003845  wcslen                         
00003739  write                          


GLOBAL SYMBOLS: SORTED BY Symbol Address 

address   name                           
-------   ----                           
00000000  __TI_static_base__             
00000000  interruptVectors               
000000e5  __TI_printfi                   
00000200  __STACK_SIZE                   
00000400  __SYSMEM_SIZE                  
00000b33  _nop                           
00000b35  LogicAnalyzer                  
00000b3f  LogicAnalyzer_P1               
00000b4d  LogicAnalyzer_P2               
00000b5b  LogicAnalyzer_P2_7654          
00000b6b  LogicAnalyzer_P3               
00000b79  LogicAnalyzer_P4               
00000b87  LogicAnalyzer_P4_765432        
00000b97  LogicAnalyzer_P4_765320        
00000bcf  LogicAnalyzer_P5               
00000bdd  LogicAnalyzer_P6               
00000beb  LogicAnalyzer_P7               
00000bf9  LogicAnalyzer_P8               
00000c07  LogicAnalyzer_P9               
00000c15  LogicAnalyzer_P10              
00000c23  Scope                          
00000ca7  PeriodicTask2_Init             
00000d11  T32_INT1_IRQHandler            
00000d11  T32_INT1_IRQHandler            
00000d21  PeriodicTask2_Stop             
00000d31  UART_Init                      
00000d8b  UART_InChar                    
00000d9b  UART_OutChar                   
00000db7  TExaS_Task0                    
00000dc3  TExaS_Task1                    
00000dcf  TExaS_Task2                    
00000ddb  TExaS_Task3                    
00000de7  TExaS_Task4                    
00000de9  TExaS_Task5                    
00000df5  TExaS_Task6                    
00000e01  TExaS_Set                      
00000e19  TExaS_Set0                     
00000e25  TExaS_Set1                     
00000e31  TExaS_Set2                     
00000e3d  TExaS_Set3                     
00000e49  TExaS_Set4                     
00000e4b  TExaS_Set5                     
00000e57  TExaS_Set6                     
00000e63  TExaS_Clear0                   
00000e6f  TExaS_Clear1                   
00000e7b  TExaS_Clear2                   
00000e87  TExaS_Clear3                   
00000e93  TExaS_Clear4                   
00000e95  TExaS_Clear5                   
00000ea1  TExaS_Clear6                   
00000ec5  ADC_Init                       
00000fa1  TExaS_Init                     
00001101  TExaS_Stop                     
00001165  SystemCoreClockUpdate          
000013d9  SystemInit                     
00001701  Clock_Init48MHz                
00001817  Clock_GetFreq                  
0000181d  delay                          
0000182b  Clock_Delay1us                 
00001855  Clock_Delay1ms                 
00001ab1  __aeabi_dsub                   
00001abb  __aeabi_dadd                   
00001c67  __aeabi_idiv0                  
00001c67  __aeabi_ldiv0                  
00001c69  Reflectance_Init               
00001ce9  Reflectance_Read               
00001d63  Reflectance_Center             
00001d6f  Reflectance_Position           
00001d7d  Reflectance_Start              
00001d7f  Reflectance_End                
00001f11  __aeabi_ddiv                   
0000216d  fputs                          
00002281  ldexp                          
00002281  ldexpl                         
00002281  scalbn                         
00002281  scalbnl                        
00002391  Program6_1                     
000023b5  main                           
000023e5  main2                          
00002499  __aeabi_dmul                   
00002595  aligned_alloc                  
00002595  memalign                       
00002689  free                           
00002771  setvbuf                        
000028ff  __aeabi_memcpy                 
000028ff  __aeabi_memcpy4                
000028ff  __aeabi_memcpy8                
000028ff  memcpy                         
0000299b  __aeabi_uldivmod               
00002a31  fputc                          
00002a31  putc                           
00002abd  __aeabi_cdcmpeq                
00002abd  __aeabi_cdcmple                
00002b43  __aeabi_cdrcmple               
00002c45  __aeabi_memclr                 
00002c45  __aeabi_memclr4                
00002c45  __aeabi_memclr8                
00002c47  __aeabi_memset                 
00002c47  __aeabi_memset4                
00002c47  __aeabi_memset8                
00002c4d  memset                         
00002cc1  __TI_closefile                 
00002da5  HOSTlseek                      
00002e0d  HOSTrename                     
00002e75  __TI_decompress_lzss           
00002edd  printf                         
00002f45  frexp                          
00002f45  frexpl                         
00002fa9  fseek                          
0000300d  __TI_wrt_ok                    
00003071  HOSTopen                       
000030d1  close                          
0000312d  HOSTread                       
00003185  HOSTwrite                      
00003233  ltoa                           
000032d9  __TI_doflush                   
00003325  atoi                           
00003371  exit                           
000033b9  __aeabi_d2iz                   
00003401  HOSTclose                      
00003445  HOSTunlink                     
00003489  __TI_auto_init_nobinit_nopinit 
000034cd  getdevice                      
00003551  __TI_writemsg                  
0000357f  C$$IO$$                        
00003589  strncpy                        
000035c1  __TI_cleanup                   
000035f5  __TI_readmsg                   
00003629  _c_int00_noargs                
0000365d  finddevice                     
0000368d  __aeabi_i2d                    
000036bd  remove                         
000036bd  unlink                         
00003711  lseek                          
00003739  write                          
00003761  memchr                         
00003781  __TI_zero_init_nomemset        
000037b9  memccpy                        
000037d5  copysign                       
000037d5  copysignl                      
000037ef  strcmp                         
00003807  strchr                         
0000381d  strcpy                         
00003831  strlen                         
00003845  wcslen                         
00003857  __TI_decompress_none           
00003865  Reset_Handler                  
00003871  ADC14_IRQHandler               
00003871  AES256_IRQHandler              
00003871  BusFault_Handler               
00003871  COMP_E0_IRQHandler             
00003871  COMP_E1_IRQHandler             
00003871  CS_IRQHandler                  
00003871  DMA_ERR_IRQHandler             
00003871  DMA_INT0_IRQHandler            
00003871  DMA_INT1_IRQHandler            
00003871  DMA_INT2_IRQHandler            
00003871  DMA_INT3_IRQHandler            
00003871  DebugMon_Handler               
00003871  Default_Handler                
00003871  EUSCIA0_IRQHandler             
00003871  EUSCIA1_IRQHandler             
00003871  EUSCIA2_IRQHandler             
00003871  EUSCIA3_IRQHandler             
00003871  EUSCIB0_IRQHandler             
00003871  EUSCIB1_IRQHandler             
00003871  EUSCIB2_IRQHandler             
00003871  EUSCIB3_IRQHandler             
00003871  FLCTL_IRQHandler               
00003871  FPU_IRQHandler                 
00003871  HardFault_Handler              
00003871  MemManage_Handler              
00003871  NMI_Handler                    
00003871  PCM_IRQHandler                 
00003871  PORT1_IRQHandler               
00003871  PORT2_IRQHandler               
00003871  PORT3_IRQHandler               
00003871  PORT4_IRQHandler               
00003871  PORT5_IRQHandler               
00003871  PORT6_IRQHandler               
00003871  PSS_IRQHandler                 
00003871  PendSV_Handler                 
00003871  RTC_C_IRQHandler               
00003871  SVC_Handler                    
00003871  SysTick_Handler                
00003871  T32_INT2_IRQHandler            
00003871  T32_INTC_IRQHandler            
00003871  TA0_0_IRQHandler               
00003871  TA0_N_IRQHandler               
00003871  TA1_0_IRQHandler               
00003871  TA1_N_IRQHandler               
00003871  TA2_0_IRQHandler               
00003871  TA2_N_IRQHandler               
00003871  TA3_0_IRQHandler               
00003871  TA3_N_IRQHandler               
00003871  UsageFault_Handler             
00003871  WDT_A_IRQHandler               
00003875  __aeabi_errno_addr             
0000387d  malloc                         
0000388d  _system_pre_init               
00003891  C$$EXIT                        
00003891  abort                          
00003894  _ctypes_                       
00003a08  __TI_Handler_Table_Base        
00003a14  __TI_Handler_Table_Limit       
00003a20  __TI_CINIT_Base                
00003a30  __TI_CINIT_Limit               
20000000  _sys_memory                    
20000400  _ftable                        
200004f0  _device                        
20000568  _stream                        
200005b8  ClockFrequency                 
200005bc  Prewait                        
200005c0  CPMwait                        
200005c4  Postwait                       
200005c8  IFlags                         
200005cc  Crystalstable                  
200005d0  __TI_ft_end                    
200005d4  __aeabi_stdin                  
200005d8  __aeabi_stdout                 
200005dc  __aeabi_stderr                 
200005e0  __TI_cleanup_ptr               
200005e4  __TI_dtors_ptr                 
200005e8  __TI_enable_exit_profile_output
200005ec  TExaS_ScopeErrLostData         
200005f0  TExaS_ScopeErrConflict         
200005f4  TExaS_ScopeWrnReconfig         
200005f8  _lock                          
200005fc  _unlock                        
20000608  errno                          
2000060c  SystemCoreClock                
20000610  __CIOBUF_                      
20000730  __TI_tmpnams                   
200007d0  parmbuf                        
200007d8  PeriodicTask2                  
200007dc  Position                       
200007e0  Data                           
200007e1  LogicData                      
2000fe00  __stack                        
20010000  __STACK_END                    
4000480c  WDTCTL_SYM                     
ffffffff  __TI_pprof_out_hndl            
ffffffff  __TI_prof_data_size            
ffffffff  __TI_prof_data_start           
ffffffff  __binit__                      
ffffffff  __c_args__                     
ffffffff  binit                          
UNDEFED   __mpu_init                     
UNDEFED   _system_post_cinit             

[249 symbols]
