******************************************************************************
                  TI ARM Linker PC v18.12.2                    
******************************************************************************
>> Linked Wed Oct  2 15:43:47 2019

OUTPUT FILE NAME:   <Lab06_GPIO.out>
ENTRY POINT SYMBOL: "_c_int00_noargs"  address: 000036f5


MEMORY CONFIGURATION

         name            origin    length      used     unused   attr    fill
----------------------  --------  ---------  --------  --------  ----  --------
  MAIN                  00000000   00040000  00003b1c  0003c4e4  R  X
  INFO                  00200000   00004000  00000000  00004000  R  X
  SRAM_CODE             01000000   00010000  000009e2  0000f61e  RW X
  SRAM_DATA             20000000   00010000  000009e2  0000f61e  RW  


SEGMENT ALLOCATION MAP

run origin  load origin   length   init length attrs members
----------  ----------- ---------- ----------- ----- -------
00000000    00000000    00003b20   00003b20    r-x
  00000000    00000000    000000e4   000000e4    r-- .intvecs
  000000e4    000000e4    0000387c   0000387c    r-x .text
  00003960    00003960    00000124   00000124    r-- .const
  00003a88    00003a88    00000098   00000098    r-- .cinit
20000000    20000000    000007e2   00000000    rw-
  20000000    20000000    00000400   00000000    rw- .sysmem
  20000400    20000400    00000210   00000000    rw- .data
  20000610    20000610    000001d2   00000000    rw- .bss
2000fe00    2000fe00    00000200   00000000    rw-
  2000fe00    2000fe00    00000200   00000000    rw- .stack


SECTION ALLOCATION MAP

 output                                  attributes/
section   page    origin      length       input sections
--------  ----  ----------  ----------   ----------------
.intvecs   0    00000000    000000e4     
                  00000000    000000e4     startup_msp432p401r_ccs.obj (.intvecs:retain)

.text      0    000000e4    0000387c     
                  000000e4    00000a4e     rtsv7M4_T_le_v4SPD16_eabi.lib : _printfi.c.obj (.text:__TI_printfi)
                  00000b32    00000002                                   : _lock.c.obj (.text:_nop)
                  00000b34    00000630     TExaS.obj (.text)
                  00001164    0000032c     system_msp432p401r.obj (.text)
                  00001490    00000270     rtsv7M4_T_le_v4SPD16_eabi.lib : _printfi.c.obj (.text:_pconv_a)
                  00001700    00000238     Reflectance.obj (.text)
                  00001938    000001e0     Clock.obj (.text)
                  00001b18    000001d0     rtsv7M4_T_le_v4SPD16_eabi.lib : _printfi.c.obj (.text:_pconv_g)
                  00001ce8    000001b6                                   : fd_add_t2.asm.obj (.text)
                  00001e9e    00000002                                   : div0.asm.obj (.text)
                  00001ea0    0000013c                                   : _printfi.c.obj (.text:_pconv_e)
                  00001fdc    00000136                                   : fd_div_t2.asm.obj (.text)
                  00002112    00000002     --HOLE-- [fill = 0]
                  00002114    00000124                                   : _printfi.c.obj (.text:fcvt)
                  00002238    00000114                                   : fputs.c.obj (.text:fputs)
                  0000234c    00000110                                   : s_scalbn.c.obj (.text:scalbn)
                  0000245c    00000108     Lab06_GPIOmain.obj (.text)
                  00002564    000000fc     rtsv7M4_T_le_v4SPD16_eabi.lib : fd_mul_t2.asm.obj (.text)
                  00002660    000000f4                                   : memory.c.obj (.text:aligned_alloc)
                  00002754    000000e8                                   : memory.c.obj (.text:free)
                  0000283c    000000dc                                   : setvbuf.c.obj (.text:setvbuf)
                  00002918    000000b1                                   : _printfi.c.obj (.text:_ltostr)
                  000029c9    00000001     --HOLE-- [fill = 0]
                  000029ca    0000009c                                   : memcpy_t2.asm.obj (.text)
                  00002a66    00000096                                   : ull_div_t2.asm.obj (.text)
                  00002afc    0000008c                                   : fputc.c.obj (.text:fputc)
                  00002b88    00000086                                   : fd_cmp_t2.asm.obj (.text:__aeabi_cdcmple)
                  00002c0e    00000086                                   : fd_cmp_t2.asm.obj (.text:__aeabi_cdrcmple)
                  00002c94    0000007c                                   : memory.c.obj (.text:split)
                  00002d10    0000007a                                   : memset_t2.asm.obj (.text)
                  00002d8a    00000002     --HOLE-- [fill = 0]
                  00002d8c    00000074                                   : fclose.c.obj (.text:__TI_closefile)
                  00002e00    0000006e                                   : _printfi.c.obj (.text:_mcpy)
                  00002e6e    00000002     --HOLE-- [fill = 0]
                  00002e70    00000068                                   : hostlseek.c.obj (.text:HOSTlseek)
                  00002ed8    00000068                                   : hostrename.c.obj (.text:HOSTrename)
                  00002f40    00000068                                   : copy_decompress_lzss.c.obj (.text:decompress:lzss:__TI_decompress_lzss)
                  00002fa8    00000068                                   : printf.c.obj (.text:printf)
                  00003010    00000064                                   : s_frexp.c.obj (.text:frexp)
                  00003074    00000064                                   : fseek.c.obj (.text:fseek)
                  000030d8    00000062                                   : _io_perm.c.obj (.text:__TI_wrt_ok)
                  0000313a    00000002     --HOLE-- [fill = 0]
                  0000313c    00000060                                   : hostopen.c.obj (.text:HOSTopen)
                  0000319c    0000005c                                   : close.c.obj (.text:close)
                  000031f8    00000058                                   : hostread.c.obj (.text:HOSTread)
                  00003250    00000058                                   : hostwrite.c.obj (.text:HOSTwrite)
                  000032a8    00000056                                   : _printfi.c.obj (.text:_pconv_f)
                  000032fe    00000054                                   : ltoa.c.obj (.text:ltoa)
                  00003352    00000052                                   : _printfi.c.obj (.text:_ecpy)
                  000033a4    0000004c                                   : fflush.c.obj (.text:__TI_doflush)
                  000033f0    0000004c                                   : atoi.c.obj (.text:atoi)
                  0000343c    00000048                                   : exit.c.obj (.text:exit)
                  00003484    00000048                                   : fd_toi_t2.asm.obj (.text)
                  000034cc    00000044                                   : hostclose.c.obj (.text:HOSTclose)
                  00003510    00000044                                   : hostunlink.c.obj (.text:HOSTunlink)
                  00003554    00000044                                   : autoinit.c.obj (.text:__TI_auto_init_nobinit_nopinit:__TI_auto_init_nobinit_nopinit)
                  00003598    00000044                                   : getdevice.c.obj (.text:getdevice)
                  000035dc    0000003e                                   : _printfi.c.obj (.text:_fcpy)
                  0000361a    00000002     --HOLE-- [fill = 0]
                  0000361c    00000038                                   : trgmsg.c.obj (.text:__TI_writemsg)
                  00003654    00000036                                   : strncpy.c.obj (.text:strncpy)
                  0000368a    00000002     --HOLE-- [fill = 0]
                  0000368c    00000034                                   : fopen.c.obj (.text:__TI_cleanup)
                  000036c0    00000034                                   : trgmsg.c.obj (.text:__TI_readmsg)
                  000036f4    00000034                                   : boot_cortex_m.c.obj (.text:_c_int00_noargs:_c_int00_noargs)
                  00003728    00000030                                   : getdevice.c.obj (.text:finddevice)
                  00003758    0000002e                                   : i_tofd_t2.asm.obj (.text)
                  00003786    00000002     --HOLE-- [fill = 0]
                  00003788    0000002c                                   : unlink.c.obj (.text:unlink)
                  000037b4    00000028                                   : memory.c.obj (.text:free_list_insert)
                  000037dc    00000028                                   : lseek.c.obj (.text:lseek)
                  00003804    00000028                                   : write.c.obj (.text:write)
                  0000382c    00000020                                   : memchr.c.obj (.text:memchr)
                  0000384c    0000001c                                   : copy_zero_init.c.obj (.text:decompress:ZI:__TI_zero_init_nomemset:__TI_zero_init_nomemset)
                  00003868    0000001c                                   : memory.c.obj (.text:free_list_remove)
                  00003884    0000001c                                   : memccpy.c.obj (.text:memccpy)
                  000038a0    0000001a                                   : s_copysign.c.obj (.text:copysign)
                  000038ba    00000018                                   : strcmp.c.obj (.text:strcmp)
                  000038d2    00000016                                   : strchr.c.obj (.text:strchr)
                  000038e8    00000014                                   : strcpy.c.obj (.text:strcpy)
                  000038fc    00000014                                   : strlen.c.obj (.text:strlen)
                  00003910    00000012                                   : wcslen.c.obj (.text:wcslen)
                  00003922    0000000e                                   : copy_decompress_none.c.obj (.text:decompress:none:__TI_decompress_none)
                  00003930    0000000e     startup_msp432p401r_ccs.obj (.text)
                  0000393e    00000002     --HOLE-- [fill = 0]
                  00003940    00000008     rtsv7M4_T_le_v4SPD16_eabi.lib : errno.c.obj (.text:__aeabi_errno_addr)
                  00003948    00000008                                   : memory.c.obj (.text:malloc)
                  00003950    00000004                                   : printf.c.obj (.text:_outc)
                  00003954    00000004                                   : printf.c.obj (.text:_outs)
                  00003958    00000004                                   : pre_init.c.obj (.text:_system_pre_init)
                  0000395c    00000004                                   : exit.c.obj (.text:abort:abort)

.const     0    00003960    00000124     
                  00003960    00000101     rtsv7M4_T_le_v4SPD16_eabi.lib : ctype.c.obj (.const:.string:_ctypes_)
                  00003a61    00000003     --HOLE-- [fill = 0]
                  00003a64    00000020     Reflectance.obj (.const:$P$T0$1)

.cinit     0    00003a88    00000098     
                  00003a88    00000070     (.cinit..data.load) [load image, compression = lzss]
                  00003af8    0000000c     (__TI_handler_table)
                  00003b04    00000004     --HOLE-- [fill = 0]
                  00003b08    00000008     (.cinit..bss.load) [load image, compression = zero_init]
                  00003b10    00000010     (__TI_cinit_table)

.init_array 
*          0    00000000    00000000     UNINITIALIZED

.binit     0    00000000    00000000     

.sysmem    0    20000000    00000400     UNINITIALIZED
                  20000000    00000010     rtsv7M4_T_le_v4SPD16_eabi.lib : memory.c.obj (.sysmem)
                  20000010    000003f0     --HOLE--

.data      0    20000400    00000210     UNINITIALIZED
                  20000400    000000f0     rtsv7M4_T_le_v4SPD16_eabi.lib : defs.c.obj (.data:_ftable)
                  200004f0    00000078                                   : host_device.c.obj (.data:_device)
                  20000568    00000050                                   : host_device.c.obj (.data:_stream)
                  200005b8    00000018     Clock.obj (.data)
                  200005d0    00000010     rtsv7M4_T_le_v4SPD16_eabi.lib : defs.c.obj (.data)
                  200005e0    0000000c                                   : exit.c.obj (.data:$O1$$)
                  200005ec    0000000c     TExaS.obj (.data)
                  200005f8    00000008     rtsv7M4_T_le_v4SPD16_eabi.lib : _lock.c.obj (.data:$O1$$)
                  20000600    00000008                                   : memory.c.obj (.data:$O1$$)
                  20000608    00000004                                   : errno.c.obj (.data)
                  2000060c    00000004     system_msp432p401r.obj (.data)

.bss       0    20000610    000001d2     UNINITIALIZED
                  20000610    00000120     rtsv7M4_T_le_v4SPD16_eabi.lib : trgmsg.c.obj (.bss:_CIOBUF_)
                  20000730    000000a0     (.common:__TI_tmpnams)
                  200007d0    00000008     (.common:parmbuf)
                  200007d8    00000004     (.common:PeriodicTask2)
                  200007dc    00000004     (.common:Position)
                  200007e0    00000001     (.common:Data)
                  200007e1    00000001     (.common:LogicData)

.stack     0    2000fe00    00000200     UNINITIALIZED
                  2000fe00    00000004     rtsv7M4_T_le_v4SPD16_eabi.lib : boot_cortex_m.c.obj (.stack)
                  2000fe04    000001fc     --HOLE--

MODULE SUMMARY

       Module                        code    ro data   rw data
       ------                        ----    -------   -------
    .\
       TExaS.obj                     1584    0         34     
       system_msp432p401r.obj        812     0         8      
       Reflectance.obj               568     32        0      
       Clock.obj                     480     0         48     
       Lab06_GPIOmain.obj            264     0         10     
       startup_msp432p401r_ccs.obj   14      228       0      
    +--+-----------------------------+-------+---------+---------+
       Total:                        3722    260       100    
                                                              
    C:\ti\ccs910\ccs\tools\compiler\ti-cgt-arm_18.12.2.LTS\lib\rtsv7M4_T_le_v4SPD16_eabi.lib
       _printfi.c.obj                4851    0         0      
       defs.c.obj                    0       0         832    
       memory.c.obj                  676     0         16     
       trgmsg.c.obj                  108     0         576    
       fd_add_t2.asm.obj             438     0         0      
       host_device.c.obj             0       0         400    
       fd_div_t2.asm.obj             310     0         0      
       fputs.c.obj                   276     0         0      
       s_scalbn.c.obj                272     0         0      
       fd_cmp_t2.asm.obj             268     0         0      
       ctype.c.obj                   0       257       0      
       fd_mul_t2.asm.obj             252     0         0      
       setvbuf.c.obj                 220     0         0      
       memcpy_t2.asm.obj             156     0         0      
       ull_div_t2.asm.obj            150     0         0      
       fputc.c.obj                   140     0         0      
       memset_t2.asm.obj             122     0         0      
       fclose.c.obj                  116     0         0      
       getdevice.c.obj               116     0         0      
       hostopen.c.obj                96      0         16     
       printf.c.obj                  112     0         0      
       copy_decompress_lzss.c.obj    104     0         0      
       hostlseek.c.obj               104     0         0      
       hostrename.c.obj              104     0         0      
       exit.c.obj                    76      0         24     
       fseek.c.obj                   100     0         0      
       s_frexp.c.obj                 100     0         0      
       _io_perm.c.obj                98      0         0      
       close.c.obj                   92      0         0      
       hostread.c.obj                88      0         0      
       hostwrite.c.obj               88      0         0      
       ltoa.c.obj                    84      0         0      
       atoi.c.obj                    76      0         0      
       fflush.c.obj                  76      0         0      
       fd_toi_t2.asm.obj             72      0         0      
       autoinit.c.obj                68      0         0      
       hostclose.c.obj               68      0         0      
       hostunlink.c.obj              68      0         0      
       strncpy.c.obj                 54      0         0      
       boot_cortex_m.c.obj           52      0         0      
       fopen.c.obj                   52      0         0      
       i_tofd_t2.asm.obj             46      0         0      
       unlink.c.obj                  44      0         0      
       lseek.c.obj                   40      0         0      
       write.c.obj                   40      0         0      
       memchr.c.obj                  32      0         0      
       copy_zero_init.c.obj          28      0         0      
       memccpy.c.obj                 28      0         0      
       s_copysign.c.obj              26      0         0      
       strcmp.c.obj                  24      0         0      
       strchr.c.obj                  22      0         0      
       strcpy.c.obj                  20      0         0      
       strlen.c.obj                  20      0         0      
       _lock.c.obj                   2       0         16     
       wcslen.c.obj                  18      0         0      
       errno.c.obj                   8       0         8      
       copy_decompress_none.c.obj    14      0         0      
       pre_init.c.obj                4       0         0      
       div0.asm.obj                  2       0         0      
    +--+-----------------------------+-------+---------+---------+
       Total:                        10721   257       1888   
                                                              
       Heap:                         0       0         2048   
       Stack:                        0       0         1024   
       Linker Generated:             0       148       0      
    +--+-----------------------------+-------+---------+---------+
       Grand Total:                  14443   665       5060   


LINKER GENERATED COPY TABLES

__TI_cinit_table @ 00003b10 records: 2, size/record: 8, table size: 16
	.data: load addr=00003a88, load size=00000070 bytes, run addr=20000400, run size=00000210 bytes, compression=lzss
	.bss: load addr=00003b08, load size=00000008 bytes, run addr=20000610, run size=000001d2 bytes, compression=zero_init


LINKER GENERATED HANDLER TABLE

__TI_handler_table @ 00003af8 records: 3, size/record: 4, table size: 12
	index: 0, handler: __TI_decompress_lzss
	index: 1, handler: __TI_decompress_none
	index: 2, handler: __TI_zero_init


GLOBAL SYMBOLS: SORTED ALPHABETICALLY BY Name 

address   name                           
-------   ----                           
0000393d  ADC14_IRQHandler               
00000ec5  ADC_Init                       
0000393d  AES256_IRQHandler              
0000393d  BusFault_Handler               
0000395d  C$$EXIT                        
0000364b  C$$IO$$                        
0000393d  COMP_E0_IRQHandler             
0000393d  COMP_E1_IRQHandler             
200005c0  CPMwait                        
0000393d  CS_IRQHandler                  
200005b8  ClockFrequency                 
00001a8d  Clock_Delay1ms                 
00001a63  Clock_Delay1us                 
00001a4f  Clock_GetFreq                  
00001939  Clock_Init48MHz                
200005cc  Crystalstable                  
0000393d  DMA_ERR_IRQHandler             
0000393d  DMA_INT0_IRQHandler            
0000393d  DMA_INT1_IRQHandler            
0000393d  DMA_INT2_IRQHandler            
0000393d  DMA_INT3_IRQHandler            
200007e0  Data                           
0000393d  DebugMon_Handler               
0000393d  Default_Handler                
0000393d  EUSCIA0_IRQHandler             
0000393d  EUSCIA1_IRQHandler             
0000393d  EUSCIA2_IRQHandler             
0000393d  EUSCIA3_IRQHandler             
0000393d  EUSCIB0_IRQHandler             
0000393d  EUSCIB1_IRQHandler             
0000393d  EUSCIB2_IRQHandler             
0000393d  EUSCIB3_IRQHandler             
0000393d  FLCTL_IRQHandler               
0000393d  FPU_IRQHandler                 
000034cd  HOSTclose                      
00002e71  HOSTlseek                      
0000313d  HOSTopen                       
000031f9  HOSTread                       
00002ed9  HOSTrename                     
00003511  HOSTunlink                     
00003251  HOSTwrite                      
0000393d  HardFault_Handler              
200005c8  IFlags                         
00000b35  LogicAnalyzer                  
00000b3f  LogicAnalyzer_P1               
00000c15  LogicAnalyzer_P10              
00000b4d  LogicAnalyzer_P2               
00000b5b  LogicAnalyzer_P2_7654          
00000b6b  LogicAnalyzer_P3               
00000b79  LogicAnalyzer_P4               
00000b97  LogicAnalyzer_P4_765320        
00000b87  LogicAnalyzer_P4_765432        
00000bcf  LogicAnalyzer_P5               
00000bdd  LogicAnalyzer_P6               
00000beb  LogicAnalyzer_P7               
00000bf9  LogicAnalyzer_P8               
00000c07  LogicAnalyzer_P9               
200007e1  LogicData                      
0000393d  MemManage_Handler              
0000393d  NMI_Handler                    
0000393d  PCM_IRQHandler                 
0000393d  PORT1_IRQHandler               
0000393d  PORT2_IRQHandler               
0000393d  PORT3_IRQHandler               
0000393d  PORT4_IRQHandler               
0000393d  PORT5_IRQHandler               
0000393d  PORT6_IRQHandler               
0000393d  PSS_IRQHandler                 
0000393d  PendSV_Handler                 
200007d8  PeriodicTask2                  
00000ca7  PeriodicTask2_Init             
00000d21  PeriodicTask2_Stop             
200007dc  Position                       
200005c4  Postwait                       
200005bc  Prewait                        
0000245d  Program6_1                     
0000393d  RTC_C_IRQHandler               
000017bd  Reflectance_Center             
000018d7  Reflectance_End                
00001701  Reflectance_Init               
0000182f  Reflectance_Position           
00001781  Reflectance_Read               
000018d5  Reflectance_Start              
00003931  Reset_Handler                  
0000393d  SVC_Handler                    
00000c23  Scope                          
0000393d  SysTick_Handler                
2000060c  SystemCoreClock                
00001165  SystemCoreClockUpdate          
000013d9  SystemInit                     
00000d11  T32_INT1_IRQHandler            
00000d11  T32_INT1_IRQHandler            
0000393d  T32_INT2_IRQHandler            
0000393d  T32_INTC_IRQHandler            
0000393d  TA0_0_IRQHandler               
0000393d  TA0_N_IRQHandler               
0000393d  TA1_0_IRQHandler               
0000393d  TA1_N_IRQHandler               
0000393d  TA2_0_IRQHandler               
0000393d  TA2_N_IRQHandler               
0000393d  TA3_0_IRQHandler               
0000393d  TA3_N_IRQHandler               
00000e63  TExaS_Clear0                   
00000e6f  TExaS_Clear1                   
00000e7b  TExaS_Clear2                   
00000e87  TExaS_Clear3                   
00000e93  TExaS_Clear4                   
00000e95  TExaS_Clear5                   
00000ea1  TExaS_Clear6                   
00000fa1  TExaS_Init                     
200005f0  TExaS_ScopeErrConflict         
200005ec  TExaS_ScopeErrLostData         
200005f4  TExaS_ScopeWrnReconfig         
00000e01  TExaS_Set                      
00000e19  TExaS_Set0                     
00000e25  TExaS_Set1                     
00000e31  TExaS_Set2                     
00000e3d  TExaS_Set3                     
00000e49  TExaS_Set4                     
00000e4b  TExaS_Set5                     
00000e57  TExaS_Set6                     
00001101  TExaS_Stop                     
00000db7  TExaS_Task0                    
00000dc3  TExaS_Task1                    
00000dcf  TExaS_Task2                    
00000ddb  TExaS_Task3                    
00000de7  TExaS_Task4                    
00000de9  TExaS_Task5                    
00000df5  TExaS_Task6                    
00000d8b  UART_InChar                    
00000d31  UART_Init                      
00000d9b  UART_OutChar                   
0000393d  UsageFault_Handler             
4000480c  WDTCTL_SYM                     
0000393d  WDT_A_IRQHandler               
20000610  __CIOBUF_                      
20010000  __STACK_END                    
00000200  __STACK_SIZE                   
00000400  __SYSMEM_SIZE                  
00003b10  __TI_CINIT_Base                
00003b20  __TI_CINIT_Limit               
00003af8  __TI_Handler_Table_Base        
00003b04  __TI_Handler_Table_Limit       
00003555  __TI_auto_init_nobinit_nopinit 
0000368d  __TI_cleanup                   
200005e0  __TI_cleanup_ptr               
00002d8d  __TI_closefile                 
00002f41  __TI_decompress_lzss           
00003923  __TI_decompress_none           
000033a5  __TI_doflush                   
200005e4  __TI_dtors_ptr                 
200005e8  __TI_enable_exit_profile_output
200005d0  __TI_ft_end                    
ffffffff  __TI_pprof_out_hndl            
000000e5  __TI_printfi                   
ffffffff  __TI_prof_data_size            
ffffffff  __TI_prof_data_start           
000036c1  __TI_readmsg                   
00000000  __TI_static_base__             
20000730  __TI_tmpnams                   
0000361d  __TI_writemsg                  
000030d9  __TI_wrt_ok                    
0000384d  __TI_zero_init_nomemset        
00002b89  __aeabi_cdcmpeq                
00002b89  __aeabi_cdcmple                
00002c0f  __aeabi_cdrcmple               
00003485  __aeabi_d2iz                   
00001cf3  __aeabi_dadd                   
00001fdd  __aeabi_ddiv                   
00002565  __aeabi_dmul                   
00001ce9  __aeabi_dsub                   
00003941  __aeabi_errno_addr             
00003759  __aeabi_i2d                    
00001e9f  __aeabi_idiv0                  
00001e9f  __aeabi_ldiv0                  
00002d11  __aeabi_memclr                 
00002d11  __aeabi_memclr4                
00002d11  __aeabi_memclr8                
000029cb  __aeabi_memcpy                 
000029cb  __aeabi_memcpy4                
000029cb  __aeabi_memcpy8                
00002d13  __aeabi_memset                 
00002d13  __aeabi_memset4                
00002d13  __aeabi_memset8                
200005dc  __aeabi_stderr                 
200005d4  __aeabi_stdin                  
200005d8  __aeabi_stdout                 
00002a67  __aeabi_uldivmod               
ffffffff  __binit__                      
ffffffff  __c_args__                     
UNDEFED   __mpu_init                     
2000fe00  __stack                        
000036f5  _c_int00_noargs                
00003960  _ctypes_                       
200004f0  _device                        
20000400  _ftable                        
200005f8  _lock                          
00000b33  _nop                           
20000568  _stream                        
20000000  _sys_memory                    
UNDEFED   _system_post_cinit             
00003959  _system_pre_init               
200005fc  _unlock                        
0000395d  abort                          
00002661  aligned_alloc                  
000033f1  atoi                           
ffffffff  binit                          
0000319d  close                          
000038a1  copysign                       
000038a1  copysignl                      
00001a55  delay                          
20000608  errno                          
0000343d  exit                           
00003729  finddevice                     
00002afd  fputc                          
00002239  fputs                          
00002755  free                           
00003011  frexp                          
00003011  frexpl                         
00003075  fseek                          
00003599  getdevice                      
00000000  interruptVectors               
0000234d  ldexp                          
0000234d  ldexpl                         
000037dd  lseek                          
000032ff  ltoa                           
00002481  main                           
000024b1  main2                          
00003949  malloc                         
00002661  memalign                       
00003885  memccpy                        
0000382d  memchr                         
000029cb  memcpy                         
00002d19  memset                         
200007d0  parmbuf                        
00002fa9  printf                         
00002afd  putc                           
00003789  remove                         
0000234d  scalbn                         
0000234d  scalbnl                        
0000283d  setvbuf                        
000038d3  strchr                         
000038bb  strcmp                         
000038e9  strcpy                         
000038fd  strlen                         
00003655  strncpy                        
00003789  unlink                         
00003911  wcslen                         
00003805  write                          


GLOBAL SYMBOLS: SORTED BY Symbol Address 

address   name                           
-------   ----                           
00000000  __TI_static_base__             
00000000  interruptVectors               
000000e5  __TI_printfi                   
00000200  __STACK_SIZE                   
00000400  __SYSMEM_SIZE                  
00000b33  _nop                           
00000b35  LogicAnalyzer                  
00000b3f  LogicAnalyzer_P1               
00000b4d  LogicAnalyzer_P2               
00000b5b  LogicAnalyzer_P2_7654          
00000b6b  LogicAnalyzer_P3               
00000b79  LogicAnalyzer_P4               
00000b87  LogicAnalyzer_P4_765432        
00000b97  LogicAnalyzer_P4_765320        
00000bcf  LogicAnalyzer_P5               
00000bdd  LogicAnalyzer_P6               
00000beb  LogicAnalyzer_P7               
00000bf9  LogicAnalyzer_P8               
00000c07  LogicAnalyzer_P9               
00000c15  LogicAnalyzer_P10              
00000c23  Scope                          
00000ca7  PeriodicTask2_Init             
00000d11  T32_INT1_IRQHandler            
00000d11  T32_INT1_IRQHandler            
00000d21  PeriodicTask2_Stop             
00000d31  UART_Init                      
00000d8b  UART_InChar                    
00000d9b  UART_OutChar                   
00000db7  TExaS_Task0                    
00000dc3  TExaS_Task1                    
00000dcf  TExaS_Task2                    
00000ddb  TExaS_Task3                    
00000de7  TExaS_Task4                    
00000de9  TExaS_Task5                    
00000df5  TExaS_Task6                    
00000e01  TExaS_Set                      
00000e19  TExaS_Set0                     
00000e25  TExaS_Set1                     
00000e31  TExaS_Set2                     
00000e3d  TExaS_Set3                     
00000e49  TExaS_Set4                     
00000e4b  TExaS_Set5                     
00000e57  TExaS_Set6                     
00000e63  TExaS_Clear0                   
00000e6f  TExaS_Clear1                   
00000e7b  TExaS_Clear2                   
00000e87  TExaS_Clear3                   
00000e93  TExaS_Clear4                   
00000e95  TExaS_Clear5                   
00000ea1  TExaS_Clear6                   
00000ec5  ADC_Init                       
00000fa1  TExaS_Init                     
00001101  TExaS_Stop                     
00001165  SystemCoreClockUpdate          
000013d9  SystemInit                     
00001701  Reflectance_Init               
00001781  Reflectance_Read               
000017bd  Reflectance_Center             
0000182f  Reflectance_Position           
000018d5  Reflectance_Start              
000018d7  Reflectance_End                
00001939  Clock_Init48MHz                
00001a4f  Clock_GetFreq                  
00001a55  delay                          
00001a63  Clock_Delay1us                 
00001a8d  Clock_Delay1ms                 
00001ce9  __aeabi_dsub                   
00001cf3  __aeabi_dadd                   
00001e9f  __aeabi_idiv0                  
00001e9f  __aeabi_ldiv0                  
00001fdd  __aeabi_ddiv                   
00002239  fputs                          
0000234d  ldexp                          
0000234d  ldexpl                         
0000234d  scalbn                         
0000234d  scalbnl                        
0000245d  Program6_1                     
00002481  main                           
000024b1  main2                          
00002565  __aeabi_dmul                   
00002661  aligned_alloc                  
00002661  memalign                       
00002755  free                           
0000283d  setvbuf                        
000029cb  __aeabi_memcpy                 
000029cb  __aeabi_memcpy4                
000029cb  __aeabi_memcpy8                
000029cb  memcpy                         
00002a67  __aeabi_uldivmod               
00002afd  fputc                          
00002afd  putc                           
00002b89  __aeabi_cdcmpeq                
00002b89  __aeabi_cdcmple                
00002c0f  __aeabi_cdrcmple               
00002d11  __aeabi_memclr                 
00002d11  __aeabi_memclr4                
00002d11  __aeabi_memclr8                
00002d13  __aeabi_memset                 
00002d13  __aeabi_memset4                
00002d13  __aeabi_memset8                
00002d19  memset                         
00002d8d  __TI_closefile                 
00002e71  HOSTlseek                      
00002ed9  HOSTrename                     
00002f41  __TI_decompress_lzss           
00002fa9  printf                         
00003011  frexp                          
00003011  frexpl                         
00003075  fseek                          
000030d9  __TI_wrt_ok                    
0000313d  HOSTopen                       
0000319d  close                          
000031f9  HOSTread                       
00003251  HOSTwrite                      
000032ff  ltoa                           
000033a5  __TI_doflush                   
000033f1  atoi                           
0000343d  exit                           
00003485  __aeabi_d2iz                   
000034cd  HOSTclose                      
00003511  HOSTunlink                     
00003555  __TI_auto_init_nobinit_nopinit 
00003599  getdevice                      
0000361d  __TI_writemsg                  
0000364b  C$$IO$$                        
00003655  strncpy                        
0000368d  __TI_cleanup                   
000036c1  __TI_readmsg                   
000036f5  _c_int00_noargs                
00003729  finddevice                     
00003759  __aeabi_i2d                    
00003789  remove                         
00003789  unlink                         
000037dd  lseek                          
00003805  write                          
0000382d  memchr                         
0000384d  __TI_zero_init_nomemset        
00003885  memccpy                        
000038a1  copysign                       
000038a1  copysignl                      
000038bb  strcmp                         
000038d3  strchr                         
000038e9  strcpy                         
000038fd  strlen                         
00003911  wcslen                         
00003923  __TI_decompress_none           
00003931  Reset_Handler                  
0000393d  ADC14_IRQHandler               
0000393d  AES256_IRQHandler              
0000393d  BusFault_Handler               
0000393d  COMP_E0_IRQHandler             
0000393d  COMP_E1_IRQHandler             
0000393d  CS_IRQHandler                  
0000393d  DMA_ERR_IRQHandler             
0000393d  DMA_INT0_IRQHandler            
0000393d  DMA_INT1_IRQHandler            
0000393d  DMA_INT2_IRQHandler            
0000393d  DMA_INT3_IRQHandler            
0000393d  DebugMon_Handler               
0000393d  Default_Handler                
0000393d  EUSCIA0_IRQHandler             
0000393d  EUSCIA1_IRQHandler             
0000393d  EUSCIA2_IRQHandler             
0000393d  EUSCIA3_IRQHandler             
0000393d  EUSCIB0_IRQHandler             
0000393d  EUSCIB1_IRQHandler             
0000393d  EUSCIB2_IRQHandler             
0000393d  EUSCIB3_IRQHandler             
0000393d  FLCTL_IRQHandler               
0000393d  FPU_IRQHandler                 
0000393d  HardFault_Handler              
0000393d  MemManage_Handler              
0000393d  NMI_Handler                    
0000393d  PCM_IRQHandler                 
0000393d  PORT1_IRQHandler               
0000393d  PORT2_IRQHandler               
0000393d  PORT3_IRQHandler               
0000393d  PORT4_IRQHandler               
0000393d  PORT5_IRQHandler               
0000393d  PORT6_IRQHandler               
0000393d  PSS_IRQHandler                 
0000393d  PendSV_Handler                 
0000393d  RTC_C_IRQHandler               
0000393d  SVC_Handler                    
0000393d  SysTick_Handler                
0000393d  T32_INT2_IRQHandler            
0000393d  T32_INTC_IRQHandler            
0000393d  TA0_0_IRQHandler               
0000393d  TA0_N_IRQHandler               
0000393d  TA1_0_IRQHandler               
0000393d  TA1_N_IRQHandler               
0000393d  TA2_0_IRQHandler               
0000393d  TA2_N_IRQHandler               
0000393d  TA3_0_IRQHandler               
0000393d  TA3_N_IRQHandler               
0000393d  UsageFault_Handler             
0000393d  WDT_A_IRQHandler               
00003941  __aeabi_errno_addr             
00003949  malloc                         
00003959  _system_pre_init               
0000395d  C$$EXIT                        
0000395d  abort                          
00003960  _ctypes_                       
00003af8  __TI_Handler_Table_Base        
00003b04  __TI_Handler_Table_Limit       
00003b10  __TI_CINIT_Base                
00003b20  __TI_CINIT_Limit               
20000000  _sys_memory                    
20000400  _ftable                        
200004f0  _device                        
20000568  _stream                        
200005b8  ClockFrequency                 
200005bc  Prewait                        
200005c0  CPMwait                        
200005c4  Postwait                       
200005c8  IFlags                         
200005cc  Crystalstable                  
200005d0  __TI_ft_end                    
200005d4  __aeabi_stdin                  
200005d8  __aeabi_stdout                 
200005dc  __aeabi_stderr                 
200005e0  __TI_cleanup_ptr               
200005e4  __TI_dtors_ptr                 
200005e8  __TI_enable_exit_profile_output
200005ec  TExaS_ScopeErrLostData         
200005f0  TExaS_ScopeErrConflict         
200005f4  TExaS_ScopeWrnReconfig         
200005f8  _lock                          
200005fc  _unlock                        
20000608  errno                          
2000060c  SystemCoreClock                
20000610  __CIOBUF_                      
20000730  __TI_tmpnams                   
200007d0  parmbuf                        
200007d8  PeriodicTask2                  
200007dc  Position                       
200007e0  Data                           
200007e1  LogicData                      
2000fe00  __stack                        
20010000  __STACK_END                    
4000480c  WDTCTL_SYM                     
ffffffff  __TI_pprof_out_hndl            
ffffffff  __TI_prof_data_size            
ffffffff  __TI_prof_data_start           
ffffffff  __binit__                      
ffffffff  __c_args__                     
ffffffff  binit                          
UNDEFED   __mpu_init                     
UNDEFED   _system_post_cinit             

[249 symbols]
