******************************************************************************
                  TI ARM Linker PC v18.12.2                    
******************************************************************************
>> Linked Wed Oct 23 15:34:44 2019

OUTPUT FILE NAME:   <Lab09_SysTick.out>
ENTRY POINT SYMBOL: "_c_int00_noargs"  address: 00001051


MEMORY CONFIGURATION

         name            origin    length      used     unused   attr    fill
----------------------  --------  ---------  --------  --------  ----  --------
  MAIN                  00000000   00040000  000012b0  0003ed50  R  X
  INFO                  00200000   00004000  00000000  00004000  R  X
  SRAM_CODE             01000000   00010000  0000022d  0000fdd3  RW X
  SRAM_DATA             20000000   00010000  0000022d  0000fdd3  RW  


SEGMENT ALLOCATION MAP

run origin  load origin   length   init length attrs members
----------  ----------- ---------- ----------- ----- -------
00000000    00000000    000012b0   000012b0    r-x
  00000000    00000000    000000e4   000000e4    r-- .intvecs
  000000e4    000000e4    00001004   00001004    r-x .text
  000010e8    000010e8    00000190   00000190    r-- .const
  00001278    00001278    00000038   00000038    r-- .cinit
20000000    20000000    0000002d   00000000    rw-
  20000000    20000000    00000028   00000000    rw- .data
  20000028    20000028    00000005   00000000    rw- .bss
2000fe00    2000fe00    00000200   00000000    rw-
  2000fe00    2000fe00    00000200   00000000    rw- .stack


SECTION ALLOCATION MAP

 output                                  attributes/
section   page    origin      length       input sections
--------  ----  ----------  ----------   ----------------
.intvecs   0    00000000    000000e4     
                  00000000    000000e4     startup_msp432p401r_ccs.obj (.intvecs:retain)

.text      0    000000e4    00001004     
                  000000e4    00000630     TExaS.obj (.text)
                  00000714    0000032c     system_msp432p401r.obj (.text)
                  00000a40    000001e0     Clock.obj (.text)
                  00000c20    00000188     Lab09_SysTickmain.obj (.text)
                  00000da8    000000f4     LaunchPad.obj (.text)
                  00000e9c    0000009c     rtsv7M4_T_le_v4SPD16_eabi.lib : memcpy_t2.asm.obj (.text)
                  00000f38    0000006c     SysTick.obj (.text)
                  00000fa4    00000068     rtsv7M4_T_le_v4SPD16_eabi.lib : copy_decompress_lzss.c.obj (.text:decompress:lzss:__TI_decompress_lzss)
                  0000100c    00000044                                   : autoinit.c.obj (.text:__TI_auto_init_nobinit_nopinit:__TI_auto_init_nobinit_nopinit)
                  00001050    00000034                                   : boot_cortex_m.c.obj (.text:_c_int00_noargs:_c_int00_noargs)
                  00001084    00000024     CortexM.obj (.text)
                  000010a8    0000001c     rtsv7M4_T_le_v4SPD16_eabi.lib : copy_zero_init.c.obj (.text:decompress:ZI:__TI_zero_init_nomemset:__TI_zero_init_nomemset)
                  000010c4    0000000e                                   : copy_decompress_none.c.obj (.text:decompress:none:__TI_decompress_none)
                  000010d2    0000000e     startup_msp432p401r_ccs.obj (.text)
                  000010e0    00000004     rtsv7M4_T_le_v4SPD16_eabi.lib : pre_init.c.obj (.text:_system_pre_init)
                  000010e4    00000004                                   : exit.c.obj (.text:abort:abort)

.const     0    000010e8    00000190     
                  000010e8    00000190     Lab09_SysTickmain.obj (.const:PulseBuf)

.cinit     0    00001278    00000038     
                  00001278    0000000d     (.cinit..data.load) [load image, compression = lzss]
                  00001285    00000003     --HOLE-- [fill = 0]
                  00001288    0000000c     (__TI_handler_table)
                  00001294    00000004     --HOLE-- [fill = 0]
                  00001298    00000008     (.cinit..bss.load) [load image, compression = zero_init]
                  000012a0    00000010     (__TI_cinit_table)

.init_array 
*          0    00000000    00000000     UNINITIALIZED

.binit     0    00000000    00000000     

.data      0    20000000    00000028     UNINITIALIZED
                  20000000    00000018     Clock.obj (.data)
                  20000018    0000000c     TExaS.obj (.data)
                  20000024    00000004     system_msp432p401r.obj (.data)

.bss       0    20000028    00000005     UNINITIALIZED
                  20000028    00000004     (.common:PeriodicTask2)
                  2000002c    00000001     (.common:LogicData)

.stack     0    2000fe00    00000200     UNINITIALIZED
                  2000fe00    00000004     rtsv7M4_T_le_v4SPD16_eabi.lib : boot_cortex_m.c.obj (.stack)
                  2000fe04    000001fc     --HOLE--

MODULE SUMMARY

       Module                        code   ro data   rw data
       ------                        ----   -------   -------
    .\
       TExaS.obj                     1584   0         34     
       system_msp432p401r.obj        812    0         8      
       Lab09_SysTickmain.obj         392    400       0      
       Clock.obj                     480    0         48     
       LaunchPad.obj                 244    0         0      
       startup_msp432p401r_ccs.obj   14     228       0      
       SysTick.obj                   108    0         0      
       CortexM.obj                   36     0         0      
    +--+-----------------------------+------+---------+---------+
       Total:                        3670   628       90     
                                                             
    C:\ti\ccs910\ccs\tools\compiler\ti-cgt-arm_18.12.2.LTS\lib\rtsv7M4_T_le_v4SPD16_eabi.lib
       memcpy_t2.asm.obj             156    0         0      
       copy_decompress_lzss.c.obj    104    0         0      
       autoinit.c.obj                68     0         0      
       boot_cortex_m.c.obj           52     0         0      
       copy_zero_init.c.obj          28     0         0      
       copy_decompress_none.c.obj    14     0         0      
       exit.c.obj                    4      0         0      
       pre_init.c.obj                4      0         0      
    +--+-----------------------------+------+---------+---------+
       Total:                        430    0         0      
                                                             
       Stack:                        0      0         1024   
       Linker Generated:             0      49        0      
    +--+-----------------------------+------+---------+---------+
       Grand Total:                  4100   677       1114   


LINKER GENERATED COPY TABLES

__TI_cinit_table @ 000012a0 records: 2, size/record: 8, table size: 16
	.data: load addr=00001278, load size=0000000d bytes, run addr=20000000, run size=00000028 bytes, compression=lzss
	.bss: load addr=00001298, load size=00000008 bytes, run addr=20000028, run size=00000005 bytes, compression=zero_init


LINKER GENERATED HANDLER TABLE

__TI_handler_table @ 00001288 records: 3, size/record: 4, table size: 12
	index: 0, handler: __TI_decompress_lzss
	index: 1, handler: __TI_decompress_none
	index: 2, handler: __TI_zero_init


GLOBAL SYMBOLS: SORTED ALPHABETICALLY BY Name 

address   name                          
-------   ----                          
000010df  ADC14_IRQHandler              
00000475  ADC_Init                      
000010df  AES256_IRQHandler             
000010df  BusFault_Handler              
000010e5  C$$EXIT                       
000010df  COMP_E0_IRQHandler            
000010df  COMP_E1_IRQHandler            
20000008  CPMwait                       
000010df  CS_IRQHandler                 
20000000  ClockFrequency                
00000b95  Clock_Delay1ms                
00000b6b  Clock_Delay1us                
00000b57  Clock_GetFreq                 
00000a41  Clock_Init48MHz               
20000014  Crystalstable                 
000010df  DMA_ERR_IRQHandler            
000010df  DMA_INT0_IRQHandler           
000010df  DMA_INT1_IRQHandler           
000010df  DMA_INT2_IRQHandler           
000010df  DMA_INT3_IRQHandler           
000010df  DebugMon_Handler              
000010df  Default_Handler               
00001085  DisableInterrupts             
000010df  EUSCIA0_IRQHandler            
000010df  EUSCIA1_IRQHandler            
000010df  EUSCIA2_IRQHandler            
000010df  EUSCIA3_IRQHandler            
000010df  EUSCIB0_IRQHandler            
000010df  EUSCIB1_IRQHandler            
000010df  EUSCIB2_IRQHandler            
000010df  EUSCIB3_IRQHandler            
0000108b  EnableInterrupts              
0000109b  EndCritical                   
000010df  FLCTL_IRQHandler              
000010df  FPU_IRQHandler                
000010df  HardFault_Handler             
20000010  IFlags                        
00000da9  LaunchPad_Init                
00000e19  LaunchPad_Input               
00000e33  LaunchPad_LED                 
00000e51  LaunchPad_Output              
000000e5  LogicAnalyzer                 
000000ef  LogicAnalyzer_P1              
000001c5  LogicAnalyzer_P10             
000000fd  LogicAnalyzer_P2              
0000010b  LogicAnalyzer_P2_7654         
0000011b  LogicAnalyzer_P3              
00000129  LogicAnalyzer_P4              
00000147  LogicAnalyzer_P4_765320       
00000137  LogicAnalyzer_P4_765432       
0000017f  LogicAnalyzer_P5              
0000018d  LogicAnalyzer_P6              
0000019b  LogicAnalyzer_P7              
000001a9  LogicAnalyzer_P8              
000001b7  LogicAnalyzer_P9              
2000002c  LogicData                     
000010df  MemManage_Handler             
000010df  NMI_Handler                   
000010df  PCM_IRQHandler                
000010df  PORT1_IRQHandler              
000010df  PORT2_IRQHandler              
000010df  PORT3_IRQHandler              
000010df  PORT4_IRQHandler              
000010df  PORT5_IRQHandler              
000010df  PORT6_IRQHandler              
000010df  PSS_IRQHandler                
000010df  PendSV_Handler                
20000028  PeriodicTask2                 
00000257  PeriodicTask2_Init            
000002d1  PeriodicTask2_Stop            
2000000c  Postwait                      
20000004  Prewait                       
000010e8  PulseBuf                      
000010df  RTC_C_IRQHandler              
000010d3  Reset_Handler                 
000010df  SVC_Handler                   
000001d3  Scope                         
00001091  StartCritical                 
000010df  SysTick_Handler               
00000f39  SysTick_Init                  
00000f49  SysTick_Wait                  
00000f6f  SysTick_Wait10ms              
00000c21  SysTick_Wait1us               
20000024  SystemCoreClock               
00000715  SystemCoreClockUpdate         
00000989  SystemInit                    
000002c1  T32_INT1_IRQHandler           
000002c1  T32_INT1_IRQHandler           
000010df  T32_INT2_IRQHandler           
000010df  T32_INTC_IRQHandler           
000010df  TA0_0_IRQHandler              
000010df  TA0_N_IRQHandler              
000010df  TA1_0_IRQHandler              
000010df  TA1_N_IRQHandler              
000010df  TA2_0_IRQHandler              
000010df  TA2_N_IRQHandler              
000010df  TA3_0_IRQHandler              
000010df  TA3_N_IRQHandler              
00000413  TExaS_Clear0                  
0000041f  TExaS_Clear1                  
0000042b  TExaS_Clear2                  
00000437  TExaS_Clear3                  
00000443  TExaS_Clear4                  
00000445  TExaS_Clear5                  
00000451  TExaS_Clear6                  
00000551  TExaS_Init                    
2000001c  TExaS_ScopeErrConflict        
20000018  TExaS_ScopeErrLostData        
20000020  TExaS_ScopeWrnReconfig        
000003b1  TExaS_Set                     
000003c9  TExaS_Set0                    
000003d5  TExaS_Set1                    
000003e1  TExaS_Set2                    
000003ed  TExaS_Set3                    
000003f9  TExaS_Set4                    
000003fb  TExaS_Set5                    
00000407  TExaS_Set6                    
000006b1  TExaS_Stop                    
00000367  TExaS_Task0                   
00000373  TExaS_Task1                   
0000037f  TExaS_Task2                   
0000038b  TExaS_Task3                   
00000397  TExaS_Task4                   
00000399  TExaS_Task5                   
000003a5  TExaS_Task6                   
0000033b  UART_InChar                   
000002e1  UART_Init                     
0000034b  UART_OutChar                  
000010df  UsageFault_Handler            
4000480c  WDTCTL_SYM                    
000010df  WDT_A_IRQHandler              
000010a3  WaitForInterrupt              
20010000  __STACK_END                   
00000200  __STACK_SIZE                  
000012a0  __TI_CINIT_Base               
000012b0  __TI_CINIT_Limit              
00001288  __TI_Handler_Table_Base       
00001294  __TI_Handler_Table_Limit      
0000100d  __TI_auto_init_nobinit_nopinit
00000fa5  __TI_decompress_lzss          
000010c5  __TI_decompress_none          
ffffffff  __TI_pprof_out_hndl           
ffffffff  __TI_prof_data_size           
ffffffff  __TI_prof_data_start          
00000000  __TI_static_base__            
000010a9  __TI_zero_init_nomemset       
00000e9d  __aeabi_memcpy                
00000e9d  __aeabi_memcpy4               
00000e9d  __aeabi_memcpy8               
ffffffff  __binit__                     
ffffffff  __c_args__                    
UNDEFED   __mpu_init                    
2000fe00  __stack                       
00001051  _c_int00_noargs               
UNDEFED   _system_post_cinit            
000010e1  _system_pre_init              
000010e5  abort                         
ffffffff  binit                         
00000b5d  delay                         
00000000  interruptVectors              
00000c51  main                          
00000d07  main_2                        
00000d67  main_old                      
00000e9d  memcpy                        


GLOBAL SYMBOLS: SORTED BY Symbol Address 

address   name                          
-------   ----                          
00000000  __TI_static_base__            
00000000  interruptVectors              
000000e5  LogicAnalyzer                 
000000ef  LogicAnalyzer_P1              
000000fd  LogicAnalyzer_P2              
0000010b  LogicAnalyzer_P2_7654         
0000011b  LogicAnalyzer_P3              
00000129  LogicAnalyzer_P4              
00000137  LogicAnalyzer_P4_765432       
00000147  LogicAnalyzer_P4_765320       
0000017f  LogicAnalyzer_P5              
0000018d  LogicAnalyzer_P6              
0000019b  LogicAnalyzer_P7              
000001a9  LogicAnalyzer_P8              
000001b7  LogicAnalyzer_P9              
000001c5  LogicAnalyzer_P10             
000001d3  Scope                         
00000200  __STACK_SIZE                  
00000257  PeriodicTask2_Init            
000002c1  T32_INT1_IRQHandler           
000002c1  T32_INT1_IRQHandler           
000002d1  PeriodicTask2_Stop            
000002e1  UART_Init                     
0000033b  UART_InChar                   
0000034b  UART_OutChar                  
00000367  TExaS_Task0                   
00000373  TExaS_Task1                   
0000037f  TExaS_Task2                   
0000038b  TExaS_Task3                   
00000397  TExaS_Task4                   
00000399  TExaS_Task5                   
000003a5  TExaS_Task6                   
000003b1  TExaS_Set                     
000003c9  TExaS_Set0                    
000003d5  TExaS_Set1                    
000003e1  TExaS_Set2                    
000003ed  TExaS_Set3                    
000003f9  TExaS_Set4                    
000003fb  TExaS_Set5                    
00000407  TExaS_Set6                    
00000413  TExaS_Clear0                  
0000041f  TExaS_Clear1                  
0000042b  TExaS_Clear2                  
00000437  TExaS_Clear3                  
00000443  TExaS_Clear4                  
00000445  TExaS_Clear5                  
00000451  TExaS_Clear6                  
00000475  ADC_Init                      
00000551  TExaS_Init                    
000006b1  TExaS_Stop                    
00000715  SystemCoreClockUpdate         
00000989  SystemInit                    
00000a41  Clock_Init48MHz               
00000b57  Clock_GetFreq                 
00000b5d  delay                         
00000b6b  Clock_Delay1us                
00000b95  Clock_Delay1ms                
00000c21  SysTick_Wait1us               
00000c51  main                          
00000d07  main_2                        
00000d67  main_old                      
00000da9  LaunchPad_Init                
00000e19  LaunchPad_Input               
00000e33  LaunchPad_LED                 
00000e51  LaunchPad_Output              
00000e9d  __aeabi_memcpy                
00000e9d  __aeabi_memcpy4               
00000e9d  __aeabi_memcpy8               
00000e9d  memcpy                        
00000f39  SysTick_Init                  
00000f49  SysTick_Wait                  
00000f6f  SysTick_Wait10ms              
00000fa5  __TI_decompress_lzss          
0000100d  __TI_auto_init_nobinit_nopinit
00001051  _c_int00_noargs               
00001085  DisableInterrupts             
0000108b  EnableInterrupts              
00001091  StartCritical                 
0000109b  EndCritical                   
000010a3  WaitForInterrupt              
000010a9  __TI_zero_init_nomemset       
000010c5  __TI_decompress_none          
000010d3  Reset_Handler                 
000010df  ADC14_IRQHandler              
000010df  AES256_IRQHandler             
000010df  BusFault_Handler              
000010df  COMP_E0_IRQHandler            
000010df  COMP_E1_IRQHandler            
000010df  CS_IRQHandler                 
000010df  DMA_ERR_IRQHandler            
000010df  DMA_INT0_IRQHandler           
000010df  DMA_INT1_IRQHandler           
000010df  DMA_INT2_IRQHandler           
000010df  DMA_INT3_IRQHandler           
000010df  DebugMon_Handler              
000010df  Default_Handler               
000010df  EUSCIA0_IRQHandler            
000010df  EUSCIA1_IRQHandler            
000010df  EUSCIA2_IRQHandler            
000010df  EUSCIA3_IRQHandler            
000010df  EUSCIB0_IRQHandler            
000010df  EUSCIB1_IRQHandler            
000010df  EUSCIB2_IRQHandler            
000010df  EUSCIB3_IRQHandler            
000010df  FLCTL_IRQHandler              
000010df  FPU_IRQHandler                
000010df  HardFault_Handler             
000010df  MemManage_Handler             
000010df  NMI_Handler                   
000010df  PCM_IRQHandler                
000010df  PORT1_IRQHandler              
000010df  PORT2_IRQHandler              
000010df  PORT3_IRQHandler              
000010df  PORT4_IRQHandler              
000010df  PORT5_IRQHandler              
000010df  PORT6_IRQHandler              
000010df  PSS_IRQHandler                
000010df  PendSV_Handler                
000010df  RTC_C_IRQHandler              
000010df  SVC_Handler                   
000010df  SysTick_Handler               
000010df  T32_INT2_IRQHandler           
000010df  T32_INTC_IRQHandler           
000010df  TA0_0_IRQHandler              
000010df  TA0_N_IRQHandler              
000010df  TA1_0_IRQHandler              
000010df  TA1_N_IRQHandler              
000010df  TA2_0_IRQHandler              
000010df  TA2_N_IRQHandler              
000010df  TA3_0_IRQHandler              
000010df  TA3_N_IRQHandler              
000010df  UsageFault_Handler            
000010df  WDT_A_IRQHandler              
000010e1  _system_pre_init              
000010e5  C$$EXIT                       
000010e5  abort                         
000010e8  PulseBuf                      
00001288  __TI_Handler_Table_Base       
00001294  __TI_Handler_Table_Limit      
000012a0  __TI_CINIT_Base               
000012b0  __TI_CINIT_Limit              
20000000  ClockFrequency                
20000004  Prewait                       
20000008  CPMwait                       
2000000c  Postwait                      
20000010  IFlags                        
20000014  Crystalstable                 
20000018  TExaS_ScopeErrLostData        
2000001c  TExaS_ScopeErrConflict        
20000020  TExaS_ScopeWrnReconfig        
20000024  SystemCoreClock               
20000028  PeriodicTask2                 
2000002c  LogicData                     
2000fe00  __stack                       
20010000  __STACK_END                   
4000480c  WDTCTL_SYM                    
ffffffff  __TI_pprof_out_hndl           
ffffffff  __TI_prof_data_size           
ffffffff  __TI_prof_data_start          
ffffffff  __binit__                     
ffffffff  __c_args__                    
ffffffff  binit                         
UNDEFED   __mpu_init                    
UNDEFED   _system_post_cinit            

[164 symbols]
