******************************************************************************
                  TI ARM Linker PC v18.12.2                    
******************************************************************************
>> Linked Wed Nov 20 15:08:03 2019

OUTPUT FILE NAME:   <PWMSine.out>
ENTRY POINT SYMBOL: "_c_int00_noargs"  address: 00000b59


MEMORY CONFIGURATION

         name            origin    length      used     unused   attr    fill
----------------------  --------  ---------  --------  --------  ----  --------
  MAIN                  00000000   00040000  00000c68  0003f398  R  X
  INFO                  00200000   00004000  00000000  00004000  R  X
  SRAM_CODE             01000000   00010000  00000221  0000fddf  RW X
  SRAM_DATA             20000000   00010000  00000221  0000fddf  RW  


SEGMENT ALLOCATION MAP

run origin  load origin   length   init length attrs members
----------  ----------- ---------- ----------- ----- -------
00000000    00000000    00000c68   00000c68    r-x
  00000000    00000000    000000e4   000000e4    r-- .intvecs
  000000e4    000000e4    00000b0c   00000b0c    r-x .text
  00000bf0    00000bf0    00000040   00000040    r-- .const
  00000c30    00000c30    00000038   00000038    r-- .cinit
20000000    20000000    00000024   00000000    rw-
  20000000    20000000    0000001d   00000000    rw- .data
  20000020    20000020    00000004   00000000    rw- .bss
2000fe00    2000fe00    00000200   00000000    rw-
  2000fe00    2000fe00    00000200   00000000    rw- .stack


SECTION ALLOCATION MAP

 output                                  attributes/
section   page    origin      length       input sections
--------  ----  ----------  ----------   ----------------
.intvecs   0    00000000    000000e4     
                  00000000    000000e4     startup_msp432p401r_ccs.obj (.intvecs:retain)

.text      0    000000e4    00000b0c     
                  000000e4    0000032c     system_msp432p401r.obj (.text)
                  00000410    00000228     PWM.obj (.text)
                  00000638    000001e0     Clock.obj (.text)
                  00000818    000000f4     LaunchPad.obj (.text)
                  0000090c    000000a8     TimerA2.obj (.text)
                  000009b4    0000009c     rtsv7M4_T_le_v4SPD16_eabi.lib : memcpy_t2.asm.obj (.text)
                  00000a50    00000068                                   : copy_decompress_lzss.c.obj (.text:decompress:lzss:__TI_decompress_lzss)
                  00000ab8    0000005c     PWMSine.obj (.text)
                  00000b14    00000044     rtsv7M4_T_le_v4SPD16_eabi.lib : autoinit.c.obj (.text:__TI_auto_init_nobinit_nopinit:__TI_auto_init_nobinit_nopinit)
                  00000b58    00000034                                   : boot_cortex_m.c.obj (.text:_c_int00_noargs:_c_int00_noargs)
                  00000b8c    00000024     CortexM.obj (.text)
                  00000bb0    0000001c     rtsv7M4_T_le_v4SPD16_eabi.lib : copy_zero_init.c.obj (.text:decompress:ZI:__TI_zero_init_nomemset:__TI_zero_init_nomemset)
                  00000bcc    0000000e                                   : copy_decompress_none.c.obj (.text:decompress:none:__TI_decompress_none)
                  00000bda    0000000e     startup_msp432p401r_ccs.obj (.text)
                  00000be8    00000004     rtsv7M4_T_le_v4SPD16_eabi.lib : pre_init.c.obj (.text:_system_pre_init)
                  00000bec    00000004                                   : exit.c.obj (.text:abort:abort)

.const     0    00000bf0    00000040     
                  00000bf0    00000040     PWMSine.obj (.const:Wave)

.cinit     0    00000c30    00000038     
                  00000c30    0000000d     (.cinit..data.load) [load image, compression = lzss]
                  00000c3d    00000003     --HOLE-- [fill = 0]
                  00000c40    0000000c     (__TI_handler_table)
                  00000c4c    00000004     --HOLE-- [fill = 0]
                  00000c50    00000008     (.cinit..bss.load) [load image, compression = zero_init]
                  00000c58    00000010     (__TI_cinit_table)

.init_array 
*          0    00000000    00000000     UNINITIALIZED

.binit     0    00000000    00000000     

.data      0    20000000    0000001d     UNINITIALIZED
                  20000000    00000018     Clock.obj (.data)
                  20000018    00000004     system_msp432p401r.obj (.data)
                  2000001c    00000001     PWMSine.obj (.data)

.bss       0    20000020    00000004     UNINITIALIZED
                  20000020    00000004     (.common:TimerA2Task)

.stack     0    2000fe00    00000200     UNINITIALIZED
                  2000fe00    00000004     rtsv7M4_T_le_v4SPD16_eabi.lib : boot_cortex_m.c.obj (.stack)
                  2000fe04    000001fc     --HOLE--

MODULE SUMMARY

       Module                        code   ro data   rw data
       ------                        ----   -------   -------
    .\
       system_msp432p401r.obj        812    0         8      
       PWM.obj                       552    0         0      
       Clock.obj                     480    0         48     
       LaunchPad.obj                 244    0         0      
       startup_msp432p401r_ccs.obj   14     228       0      
       TimerA2.obj                   168    0         8      
       PWMSine.obj                   92     64        2      
       CortexM.obj                   36     0         0      
    +--+-----------------------------+------+---------+---------+
       Total:                        2398   292       66     
                                                             
    C:\ti\ccs910\ccs\tools\compiler\ti-cgt-arm_18.12.2.LTS\lib\rtsv7M4_T_le_v4SPD16_eabi.lib
       memcpy_t2.asm.obj             156    0         0      
       copy_decompress_lzss.c.obj    104    0         0      
       autoinit.c.obj                68     0         0      
       boot_cortex_m.c.obj           52     0         0      
       copy_zero_init.c.obj          28     0         0      
       copy_decompress_none.c.obj    14     0         0      
       exit.c.obj                    4      0         0      
       pre_init.c.obj                4      0         0      
    +--+-----------------------------+------+---------+---------+
       Total:                        430    0         0      
                                                             
       Stack:                        0      0         1024   
       Linker Generated:             0      49        0      
    +--+-----------------------------+------+---------+---------+
       Grand Total:                  2828   341       1090   


LINKER GENERATED COPY TABLES

__TI_cinit_table @ 00000c58 records: 2, size/record: 8, table size: 16
	.data: load addr=00000c30, load size=0000000d bytes, run addr=20000000, run size=0000001d bytes, compression=lzss
	.bss: load addr=00000c50, load size=00000008 bytes, run addr=20000020, run size=00000004 bytes, compression=zero_init


LINKER GENERATED HANDLER TABLE

__TI_handler_table @ 00000c40 records: 3, size/record: 4, table size: 12
	index: 0, handler: __TI_decompress_lzss
	index: 1, handler: __TI_decompress_none
	index: 2, handler: __TI_zero_init


GLOBAL SYMBOLS: SORTED ALPHABETICALLY BY Name 

address   name                          
-------   ----                          
00000be7  ADC14_IRQHandler              
00000be7  AES256_IRQHandler             
00000be7  BusFault_Handler              
00000bed  C$$EXIT                       
00000be7  COMP_E0_IRQHandler            
00000be7  COMP_E1_IRQHandler            
20000008  CPMwait                       
00000be7  CS_IRQHandler                 
20000000  ClockFrequency                
0000078d  Clock_Delay1ms                
00000763  Clock_Delay1us                
0000074f  Clock_GetFreq                 
00000639  Clock_Init48MHz               
20000014  Crystalstable                 
00000be7  DMA_ERR_IRQHandler            
00000be7  DMA_INT0_IRQHandler           
00000be7  DMA_INT1_IRQHandler           
00000be7  DMA_INT2_IRQHandler           
00000be7  DMA_INT3_IRQHandler           
00000be7  DebugMon_Handler              
00000be7  Default_Handler               
00000b8d  DisableInterrupts             
00000be7  EUSCIA0_IRQHandler            
00000be7  EUSCIA1_IRQHandler            
00000be7  EUSCIA2_IRQHandler            
00000be7  EUSCIA3_IRQHandler            
00000be7  EUSCIB0_IRQHandler            
00000be7  EUSCIB1_IRQHandler            
00000be7  EUSCIB2_IRQHandler            
00000be7  EUSCIB3_IRQHandler            
00000b93  EnableInterrupts              
00000ba3  EndCritical                   
00000be7  FLCTL_IRQHandler              
00000be7  FPU_IRQHandler                
00000be7  HardFault_Handler             
20000010  IFlags                        
00000819  LaunchPad_Init                
00000889  LaunchPad_Input               
000008a3  LaunchPad_LED                 
000008c1  LaunchPad_Output              
00000be7  MemManage_Handler             
00000be7  NMI_Handler                   
00000ab9  OutputSineWave                
00000be7  PCM_IRQHandler                
00000be7  PORT1_IRQHandler              
00000be7  PORT2_IRQHandler              
00000be7  PORT3_IRQHandler              
00000be7  PORT4_IRQHandler              
00000be7  PORT5_IRQHandler              
00000be7  PORT6_IRQHandler              
00000be7  PSS_IRQHandler                
000004fb  PWM_Duty1                     
0000051b  PWM_Duty2                     
000005bf  PWM_Duty3                     
000005df  PWM_Duty4                     
00000411  PWM_Init1                     
00000477  PWM_Init12                    
0000053b  PWM_Init34                    
00000be7  PendSV_Handler                
2000000c  Postwait                      
20000004  Prewait                       
00000be7  RTC_C_IRQHandler              
00000bdb  Reset_Handler                 
00000be7  SVC_Handler                   
00000b99  StartCritical                 
00000be7  SysTick_Handler               
20000018  SystemCoreClock               
000000e5  SystemCoreClockUpdate         
00000359  SystemInit                    
00000be7  T32_INT1_IRQHandler           
00000be7  T32_INT2_IRQHandler           
00000be7  T32_INTC_IRQHandler           
00000be7  TA0_0_IRQHandler              
00000be7  TA0_N_IRQHandler              
00000be7  TA1_0_IRQHandler              
00000be7  TA1_N_IRQHandler              
0000097f  TA2_0_IRQHandler              
0000097f  TA2_0_IRQHandler              
00000be7  TA2_N_IRQHandler              
00000be7  TA3_0_IRQHandler              
00000be7  TA3_N_IRQHandler              
20000020  TimerA2Task                   
0000090d  TimerA2_Init                  
0000096b  TimerA2_Stop                  
00000be7  UsageFault_Handler            
4000480c  WDTCTL_SYM                    
00000be7  WDT_A_IRQHandler              
00000bab  WaitForInterrupt              
00000bf0  Wave                          
20010000  __STACK_END                   
00000200  __STACK_SIZE                  
00000c58  __TI_CINIT_Base               
00000c68  __TI_CINIT_Limit              
00000c40  __TI_Handler_Table_Base       
00000c4c  __TI_Handler_Table_Limit      
00000b15  __TI_auto_init_nobinit_nopinit
00000a51  __TI_decompress_lzss          
00000bcd  __TI_decompress_none          
ffffffff  __TI_pprof_out_hndl           
ffffffff  __TI_prof_data_size           
ffffffff  __TI_prof_data_start          
00000000  __TI_static_base__            
00000bb1  __TI_zero_init_nomemset       
000009b5  __aeabi_memcpy                
000009b5  __aeabi_memcpy4               
000009b5  __aeabi_memcpy8               
ffffffff  __binit__                     
ffffffff  __c_args__                    
UNDEFED   __mpu_init                    
2000fe00  __stack                       
00000b59  _c_int00_noargs               
UNDEFED   _system_post_cinit            
00000be9  _system_pre_init              
00000bed  abort                         
ffffffff  binit                         
00000755  delay                         
00000000  interruptVectors              
00000ae3  main                          
000009b5  memcpy                        


GLOBAL SYMBOLS: SORTED BY Symbol Address 

address   name                          
-------   ----                          
00000000  __TI_static_base__            
00000000  interruptVectors              
000000e5  SystemCoreClockUpdate         
00000200  __STACK_SIZE                  
00000359  SystemInit                    
00000411  PWM_Init1                     
00000477  PWM_Init12                    
000004fb  PWM_Duty1                     
0000051b  PWM_Duty2                     
0000053b  PWM_Init34                    
000005bf  PWM_Duty3                     
000005df  PWM_Duty4                     
00000639  Clock_Init48MHz               
0000074f  Clock_GetFreq                 
00000755  delay                         
00000763  Clock_Delay1us                
0000078d  Clock_Delay1ms                
00000819  LaunchPad_Init                
00000889  LaunchPad_Input               
000008a3  LaunchPad_LED                 
000008c1  LaunchPad_Output              
0000090d  TimerA2_Init                  
0000096b  TimerA2_Stop                  
0000097f  TA2_0_IRQHandler              
0000097f  TA2_0_IRQHandler              
000009b5  __aeabi_memcpy                
000009b5  __aeabi_memcpy4               
000009b5  __aeabi_memcpy8               
000009b5  memcpy                        
00000a51  __TI_decompress_lzss          
00000ab9  OutputSineWave                
00000ae3  main                          
00000b15  __TI_auto_init_nobinit_nopinit
00000b59  _c_int00_noargs               
00000b8d  DisableInterrupts             
00000b93  EnableInterrupts              
00000b99  StartCritical                 
00000ba3  EndCritical                   
00000bab  WaitForInterrupt              
00000bb1  __TI_zero_init_nomemset       
00000bcd  __TI_decompress_none          
00000bdb  Reset_Handler                 
00000be7  ADC14_IRQHandler              
00000be7  AES256_IRQHandler             
00000be7  BusFault_Handler              
00000be7  COMP_E0_IRQHandler            
00000be7  COMP_E1_IRQHandler            
00000be7  CS_IRQHandler                 
00000be7  DMA_ERR_IRQHandler            
00000be7  DMA_INT0_IRQHandler           
00000be7  DMA_INT1_IRQHandler           
00000be7  DMA_INT2_IRQHandler           
00000be7  DMA_INT3_IRQHandler           
00000be7  DebugMon_Handler              
00000be7  Default_Handler               
00000be7  EUSCIA0_IRQHandler            
00000be7  EUSCIA1_IRQHandler            
00000be7  EUSCIA2_IRQHandler            
00000be7  EUSCIA3_IRQHandler            
00000be7  EUSCIB0_IRQHandler            
00000be7  EUSCIB1_IRQHandler            
00000be7  EUSCIB2_IRQHandler            
00000be7  EUSCIB3_IRQHandler            
00000be7  FLCTL_IRQHandler              
00000be7  FPU_IRQHandler                
00000be7  HardFault_Handler             
00000be7  MemManage_Handler             
00000be7  NMI_Handler                   
00000be7  PCM_IRQHandler                
00000be7  PORT1_IRQHandler              
00000be7  PORT2_IRQHandler              
00000be7  PORT3_IRQHandler              
00000be7  PORT4_IRQHandler              
00000be7  PORT5_IRQHandler              
00000be7  PORT6_IRQHandler              
00000be7  PSS_IRQHandler                
00000be7  PendSV_Handler                
00000be7  RTC_C_IRQHandler              
00000be7  SVC_Handler                   
00000be7  SysTick_Handler               
00000be7  T32_INT1_IRQHandler           
00000be7  T32_INT2_IRQHandler           
00000be7  T32_INTC_IRQHandler           
00000be7  TA0_0_IRQHandler              
00000be7  TA0_N_IRQHandler              
00000be7  TA1_0_IRQHandler              
00000be7  TA1_N_IRQHandler              
00000be7  TA2_N_IRQHandler              
00000be7  TA3_0_IRQHandler              
00000be7  TA3_N_IRQHandler              
00000be7  UsageFault_Handler            
00000be7  WDT_A_IRQHandler              
00000be9  _system_pre_init              
00000bed  C$$EXIT                       
00000bed  abort                         
00000bf0  Wave                          
00000c40  __TI_Handler_Table_Base       
00000c4c  __TI_Handler_Table_Limit      
00000c58  __TI_CINIT_Base               
00000c68  __TI_CINIT_Limit              
20000000  ClockFrequency                
20000004  Prewait                       
20000008  CPMwait                       
2000000c  Postwait                      
20000010  IFlags                        
20000014  Crystalstable                 
20000018  SystemCoreClock               
20000020  TimerA2Task                   
2000fe00  __stack                       
20010000  __STACK_END                   
4000480c  WDTCTL_SYM                    
ffffffff  __TI_pprof_out_hndl           
ffffffff  __TI_prof_data_size           
ffffffff  __TI_prof_data_start          
ffffffff  __binit__                     
ffffffff  __c_args__                    
ffffffff  binit                         
UNDEFED   __mpu_init                    
UNDEFED   _system_post_cinit            

[119 symbols]
